test_default_collection_is_non_destructive_and_blocks_fan_cycle (tests.unit.test_v09_environment_acceptance_runner.EnvironmentAcceptanceRunnerTests.test_default_collection_is_non_destructive_and_blocks_fan_cycle) ... ok
test_explicit_actuation_runs_fan_cycle_commands_but_still_claims_no_acceptance (tests.unit.test_v09_environment_acceptance_runner.EnvironmentAcceptanceRunnerTests.test_explicit_actuation_runs_fan_cycle_commands_but_still_claims_no_acceptance) ... ok
test_physical_acceptance_runner_blocks_simulated_backend_json (tests.unit.test_v09_environment_acceptance_runner.EnvironmentAcceptanceRunnerTests.test_physical_acceptance_runner_blocks_simulated_backend_json) ... ok
test_plan_only_writes_private_evidence_without_executing_commands (tests.unit.test_v09_environment_acceptance_runner.EnvironmentAcceptanceRunnerTests.test_plan_only_writes_private_evidence_without_executing_commands) ... ok
test_release_payload_includes_environment_acceptance_runner (tests.unit.test_v09_environment_acceptance_runner.EnvironmentAcceptanceRunnerTests.test_release_payload_includes_environment_acceptance_runner) ... ok
test_simulation_detector_blocks_nested_status_payloads (tests.unit.test_v09_environment_acceptance_runner.EnvironmentAcceptanceRunnerTests.test_simulation_detector_blocks_nested_status_payloads) ... ok
test_target_runbook_references_private_environment_evidence (tests.unit.test_v09_environment_acceptance_runner.EnvironmentAcceptanceRunnerTests.test_target_runbook_references_private_environment_evidence) ... ok
test_daemon_rejection_is_reported_without_fake_success (tests.unit.test_v09_environment_cli.EnvironmentCliTests.test_daemon_rejection_is_reported_without_fake_success) ... ok
test_env_serve_check_does_not_call_safe_off_or_open_resources (tests.unit.test_v09_environment_cli.EnvironmentCliTests.test_env_serve_check_does_not_call_safe_off_or_open_resources) ... ok
test_env_serve_disabled_exits_without_fake_hardware (tests.unit.test_v09_environment_cli.EnvironmentCliTests.test_env_serve_disabled_exits_without_fake_hardware) ... ok
test_env_serve_enabled_check_builds_without_hardware_evidence_or_socket_loop (tests.unit.test_v09_environment_cli.EnvironmentCliTests.test_env_serve_enabled_check_builds_without_hardware_evidence_or_socket_loop) ... ok
test_fan_mode_and_policy_mutations_pass_typed_arguments_only (tests.unit.test_v09_environment_cli.EnvironmentCliTests.test_fan_mode_and_policy_mutations_pass_typed_arguments_only) ... ok
test_policy_set_without_fields_fails_before_daemon_call (tests.unit.test_v09_environment_cli.EnvironmentCliTests.test_policy_set_without_fields_fails_before_daemon_call) ... ok
test_policy_show_health_and_probe_are_non_mutating_client_calls (tests.unit.test_v09_environment_cli.EnvironmentCliTests.test_policy_show_health_and_probe_are_non_mutating_client_calls) ... ok
test_simulation_cli_commands_use_typed_ipc_only (tests.unit.test_v09_environment_cli.EnvironmentCliTests.test_simulation_cli_commands_use_typed_ipc_only) ... ok
test_status_json_uses_ipc_client_and_reports_no_physical_evidence (tests.unit.test_v09_environment_cli.EnvironmentCliTests.test_status_json_uses_ipc_client_and_reports_no_physical_evidence) ... ok
test_temperature_and_humidity_commands_read_sensor_once (tests.unit.test_v09_environment_cli.EnvironmentCliTests.test_temperature_and_humidity_commands_read_sensor_once) ... ok
test_watch_observes_snapshots_passively_without_extra_sensor_reads (tests.unit.test_v09_environment_cli.EnvironmentCliTests.test_watch_observes_snapshots_passively_without_extra_sensor_reads) ... ok
test_environment_relay_pin_must_not_reuse_i2c_or_existing_interaction_gpios (tests.unit.test_v09_environment_config.V09EnvironmentConfigTests.test_environment_relay_pin_must_not_reuse_i2c_or_existing_interaction_gpios) ... ok
test_environment_static_policy_bounds_are_cross_validated (tests.unit.test_v09_environment_config.V09EnvironmentConfigTests.test_environment_static_policy_bounds_are_cross_validated) ... ok
test_schema_one_site_config_migrates_without_downgrading_effective_schema (tests.unit.test_v09_environment_config.V09EnvironmentConfigTests.test_schema_one_site_config_migrates_without_downgrading_effective_schema) ... ok
test_schema_two_defaults_add_disabled_environment_static_contract (tests.unit.test_v09_environment_config.V09EnvironmentConfigTests.test_schema_two_defaults_add_disabled_environment_static_contract) ... ok
test_auto_forces_safe_off_on_stale_sensor_and_requires_recovery_sequence (tests.unit.test_v09_environment_controller.EnvironmentControllerTests.test_auto_forces_safe_off_on_stale_sensor_and_requires_recovery_sequence) ... ok
test_automatic_uses_recovery_samples_hysteresis_and_dwell (tests.unit.test_v09_environment_controller.EnvironmentControllerTests.test_automatic_uses_recovery_samples_hysteresis_and_dwell) ... ok
test_controller_is_pure_and_boots_safe_off (tests.unit.test_v09_environment_controller.EnvironmentControllerTests.test_controller_is_pure_and_boots_safe_off) ... ok
test_disabled_mode_rejects_on_and_keeps_safe_off (tests.unit.test_v09_environment_controller.EnvironmentControllerTests.test_disabled_mode_rejects_on_and_keeps_safe_off) ... ok
test_generic_on_or_off_in_auto_switches_to_manual_with_actual_state (tests.unit.test_v09_environment_controller.EnvironmentControllerTests.test_generic_on_or_off_in_auto_switches_to_manual_with_actual_state) ... ok
test_manual_keeps_deliberate_actuator_state_independent_of_sensor_failure (tests.unit.test_v09_environment_controller.EnvironmentControllerTests.test_manual_keeps_deliberate_actuator_state_independent_of_sensor_failure) ... ok
test_policy_update_can_stop_running_auto_fan_without_auto_starting_semi (tests.unit.test_v09_environment_controller.EnvironmentControllerTests.test_policy_update_can_stop_running_auto_fan_without_auto_starting_semi) ... ok
test_semi_automatic_never_auto_starts_but_auto_stops_after_user_start (tests.unit.test_v09_environment_controller.EnvironmentControllerTests.test_semi_automatic_never_auto_starts_but_auto_stops_after_user_start) ... ok
test_bounds_are_derived_from_static_config (tests.unit.test_v09_environment_daemon_activation.EnvironmentDaemonActivationTests.test_bounds_are_derived_from_static_config) ... ok
test_build_core_creates_default_policy_and_uses_injected_adapters_without_hardware_evidence (tests.unit.test_v09_environment_daemon_activation.EnvironmentDaemonActivationTests.test_build_core_creates_default_policy_and_uses_injected_adapters_without_hardware_evidence) ... ok
test_cli_env_serve_check_builds_config_without_starting_socket_or_claiming_physical_evidence (tests.unit.test_v09_environment_daemon_activation.EnvironmentDaemonActivationTests.test_cli_env_serve_check_builds_config_without_starting_socket_or_claiming_physical_evidence) ... ok
test_corrupt_policy_fails_closed_without_replacing_operator_file (tests.unit.test_v09_environment_daemon_activation.EnvironmentDaemonActivationTests.test_corrupt_policy_fails_closed_without_replacing_operator_file) ... ok
test_disabled_config_refuses_core_build (tests.unit.test_v09_environment_daemon_activation.EnvironmentDaemonActivationTests.test_disabled_config_refuses_core_build) ... ok
test_unix_server_uses_configured_socket_and_cleans_up_safe_off (tests.unit.test_v09_environment_daemon_activation.EnvironmentDaemonActivationTests.test_unix_server_uses_configured_socket_and_cleans_up_safe_off) ... ok
test_relay_discovers_logical_bcm_by_line_name_without_chip0_offset_assumption (tests.unit.test_v09_environment_hardware_adapters.GpiodRelayAdapterTests.test_relay_discovers_logical_bcm_by_line_name_without_chip0_offset_assumption) ... ok
test_relay_discovery_fails_closed_for_missing_or_ambiguous_line_name (tests.unit.test_v09_environment_hardware_adapters.GpiodRelayAdapterTests.test_relay_discovery_fails_closed_for_missing_or_ambiguous_line_name) ... ok
test_relay_requests_line_inactive_and_reports_power_only_capability (tests.unit.test_v09_environment_hardware_adapters.GpiodRelayAdapterTests.test_relay_requests_line_inactive_and_reports_power_only_capability) ... ok
test_relay_sets_logical_power_and_safe_off_on_close (tests.unit.test_v09_environment_hardware_adapters.GpiodRelayAdapterTests.test_relay_sets_logical_power_and_safe_off_on_close) ... ok
test_relay_write_failure_is_reported_as_actuator_unavailable (tests.unit.test_v09_environment_hardware_adapters.GpiodRelayAdapterTests.test_relay_write_failure_is_reported_as_actuator_unavailable) ... ok
test_crc_matches_sensirion_datasheet_example (tests.unit.test_v09_environment_hardware_adapters.SHT31AdapterTests.test_crc_matches_sensirion_datasheet_example) ... ok
test_decode_rejects_bad_crc (tests.unit.test_v09_environment_hardware_adapters.SHT31AdapterTests.test_decode_rejects_bad_crc) ... ok
test_decode_valid_frame_converts_temperature_and_humidity (tests.unit.test_v09_environment_hardware_adapters.SHT31AdapterTests.test_decode_valid_frame_converts_temperature_and_humidity) ... ok
test_linux_transport_selects_slave_and_writes_reads_exact_bytes (tests.unit.test_v09_environment_hardware_adapters.SHT31AdapterTests.test_linux_transport_selects_slave_and_writes_reads_exact_bytes) ... ok
test_linux_transport_short_read_fails_closed (tests.unit.test_v09_environment_hardware_adapters.SHT31AdapterTests.test_linux_transport_short_read_fails_closed) ... ok
test_owned_transport_is_recreated_after_transport_failure_for_recovery (tests.unit.test_v09_environment_hardware_adapters.SHT31AdapterTests.test_owned_transport_is_recreated_after_transport_failure_for_recovery) ... ok
test_sensor_rejects_address_outside_sht31_44_45_contract (tests.unit.test_v09_environment_hardware_adapters.SHT31AdapterTests.test_sensor_rejects_address_outside_sht31_44_45_contract) ... ok
test_sensor_transport_error_is_truthful_and_never_invents_values (tests.unit.test_v09_environment_hardware_adapters.SHT31AdapterTests.test_sensor_transport_error_is_truthful_and_never_invents_values) ... ok
test_sensor_uses_exact_two_byte_command_then_raw_six_byte_read (tests.unit.test_v09_environment_hardware_adapters.SHT31AdapterTests.test_sensor_uses_exact_two_byte_command_then_raw_six_byte_read) ... ok
test_soft_reset_and_clear_status_commands_are_exact (tests.unit.test_v09_environment_hardware_adapters.SHT31AdapterTests.test_soft_reset_and_clear_status_commands_are_exact) ... ok
test_status_crc_failure_is_fail_closed (tests.unit.test_v09_environment_hardware_adapters.SHT31AdapterTests.test_status_crc_failure_is_fail_closed) ... ok
test_status_read_and_heater_disable_use_exact_sht31_commands (tests.unit.test_v09_environment_hardware_adapters.SHT31AdapterTests.test_status_read_and_heater_disable_use_exact_sht31_commands) ... ok
test_service_applies_controller_state_to_injected_actuator (tests.unit.test_v09_environment_hardware_adapters.ServiceHardwareBoundaryTests.test_service_applies_controller_state_to_injected_actuator) ... ok
test_service_fails_closed_when_actuator_write_fails (tests.unit.test_v09_environment_hardware_adapters.ServiceHardwareBoundaryTests.test_service_fails_closed_when_actuator_write_fails) ... ok
test_ipc_modules_do_not_import_hardware_or_shell_surfaces (tests.unit.test_v09_environment_ipc.EnvironmentProtocolTests.test_ipc_modules_do_not_import_hardware_or_shell_surfaces) ... ok
test_protocol_rejects_unsafe_or_unknown_shapes (tests.unit.test_v09_environment_ipc.EnvironmentProtocolTests.test_protocol_rejects_unsafe_or_unknown_shapes) ... ok
test_request_encoding_is_bounded (tests.unit.test_v09_environment_ipc.EnvironmentProtocolTests.test_request_encoding_is_bounded) ... ok
test_service_core_exposes_status_health_and_sensor_read_without_physical_claims (tests.unit.test_v09_environment_ipc.EnvironmentServiceCoreTests.test_service_core_exposes_status_health_and_sensor_read_without_physical_claims) ... ok
test_service_mutations_validate_policy_generation_and_disabled_mode (tests.unit.test_v09_environment_ipc.EnvironmentServiceCoreTests.test_service_mutations_validate_policy_generation_and_disabled_mode) ... ok
test_service_rejects_bad_operation_parameters (tests.unit.test_v09_environment_ipc.EnvironmentServiceCoreTests.test_service_rejects_bad_operation_parameters) ... ok
test_client_surfaces_daemon_rejections_without_fake_success (tests.unit.test_v09_environment_ipc.EnvironmentUnixIpcTests.test_client_surfaces_daemon_rejections_without_fake_success) ... ok
test_server_rejects_non_socket_path_and_removes_socket_on_close (tests.unit.test_v09_environment_ipc.EnvironmentUnixIpcTests.test_server_rejects_non_socket_path_and_removes_socket_on_close) ... ok
test_unix_socket_contract_status_sensor_fan_mode_policy (tests.unit.test_v09_environment_ipc.EnvironmentUnixIpcTests.test_unix_socket_contract_status_sensor_fan_mode_policy) ... ok
test_capability_boundary_never_claims_speed_or_motion_feedback (tests.unit.test_v09_environment_policy.EnvironmentDomainTests.test_capability_boundary_never_claims_speed_or_motion_feedback) ... ok
test_mode_parser_accepts_operator_aliases_without_llm_authority (tests.unit.test_v09_environment_policy.EnvironmentDomainTests.test_mode_parser_accepts_operator_aliases_without_llm_authority) ... ok
test_sensor_reading_quality_rejects_crc_error_and_staleness (tests.unit.test_v09_environment_policy.EnvironmentDomainTests.test_sensor_reading_quality_rejects_crc_error_and_staleness) ... ok
test_corrupt_policy_file_fails_closed_instead_of_guessing_auto_defaults (tests.unit.test_v09_environment_policy.EnvironmentPolicyTests.test_corrupt_policy_file_fails_closed_instead_of_guessing_auto_defaults) ... ok
test_default_policy_is_manual_with_demonstration_thresholds (tests.unit.test_v09_environment_policy.EnvironmentPolicyTests.test_default_policy_is_manual_with_demonstration_thresholds) ... ok
test_generation_conflict_rejects_stale_policy_writer (tests.unit.test_v09_environment_policy.EnvironmentPolicyTests.test_generation_conflict_rejects_stale_policy_writer) ... ok
test_invalid_thresholds_and_dwell_are_rejected_before_persistence (tests.unit.test_v09_environment_policy.EnvironmentPolicyTests.test_invalid_thresholds_and_dwell_are_rejected_before_persistence) ... ok
test_mapping_contract_is_closed_and_round_trips (tests.unit.test_v09_environment_policy.EnvironmentPolicyTests.test_mapping_contract_is_closed_and_round_trips) ... ok
test_policy_store_creates_default_atomically_with_restricted_mode (tests.unit.test_v09_environment_policy.EnvironmentPolicyTests.test_policy_store_creates_default_atomically_with_restricted_mode) ... ok
test_policy_store_preserves_old_generation_when_new_policy_is_invalid (tests.unit.test_v09_environment_policy.EnvironmentPolicyTests.test_policy_store_preserves_old_generation_when_new_policy_is_invalid) ... ok
test_background_polling_loop_is_bounded_and_stoppable (tests.unit.test_v09_environment_polling_loop.EnvironmentPollingLoopTests.test_background_polling_loop_is_bounded_and_stoppable) ... ok
test_environment_daemon_from_config_attaches_polling_loop_without_physical_evidence (tests.unit.test_v09_environment_polling_loop.EnvironmentPollingLoopTests.test_environment_daemon_from_config_attaches_polling_loop_without_physical_evidence) ... ok
test_poll_once_converts_sensor_exception_to_degraded_safe_off (tests.unit.test_v09_environment_polling_loop.EnvironmentPollingLoopTests.test_poll_once_converts_sensor_exception_to_degraded_safe_off) ... ok
test_poll_once_reads_sensor_and_applies_auto_transition (tests.unit.test_v09_environment_polling_loop.EnvironmentPollingLoopTests.test_poll_once_reads_sensor_and_applies_auto_transition) ... ok
test_poll_once_records_actuator_error_without_killing_daemon_path (tests.unit.test_v09_environment_polling_loop.EnvironmentPollingLoopTests.test_poll_once_records_actuator_error_without_killing_daemon_path) ... ok
test_backward_compatible_sensor_deferred_wrapper (tests.unit.test_v09_environment_profile_manager.EnvironmentProfileManagerTests.test_backward_compatible_sensor_deferred_wrapper) ... ok
test_every_governed_profile_is_atomic_exact_and_idempotent (tests.unit.test_v09_environment_profile_manager.EnvironmentProfileManagerTests.test_every_governed_profile_is_atomic_exact_and_idempotent) ... ok
test_existing_unknown_admin_configuration_is_never_overwritten (tests.unit.test_v09_environment_profile_manager.EnvironmentProfileManagerTests.test_existing_unknown_admin_configuration_is_never_overwritten) ... ok
test_managed_profiles_transition_atomically_without_actuation (tests.unit.test_v09_environment_profile_manager.EnvironmentProfileManagerTests.test_managed_profiles_transition_atomically_without_actuation) ... ok
test_managed_real_sensor_profile_can_transition_between_44_and_45 (tests.unit.test_v09_environment_profile_manager.EnvironmentProfileManagerTests.test_managed_real_sensor_profile_can_transition_between_44_and_45) ... ok
test_profiles_cover_all_backend_parity_combinations_and_safe_off (tests.unit.test_v09_environment_profile_manager.EnvironmentProfileManagerTests.test_profiles_cover_all_backend_parity_combinations_and_safe_off) ... ok
test_real_sensor_profiles_pin_bus_address_and_high_repeatability (tests.unit.test_v09_environment_profile_manager.EnvironmentProfileManagerTests.test_real_sensor_profiles_pin_bus_address_and_high_repeatability) ... ok
test_real_sensor_profiles_support_only_governed_44_or_45_addresses (tests.unit.test_v09_environment_profile_manager.EnvironmentProfileManagerTests.test_real_sensor_profiles_support_only_governed_44_or_45_addresses) ... ok
test_simulated_sensor_profile_rejects_nondefault_sensor_address_flag (tests.unit.test_v09_environment_profile_manager.EnvironmentProfileManagerTests.test_simulated_sensor_profile_rejects_nondefault_sensor_address_flag) ... ok
test_symlink_site_is_refused (tests.unit.test_v09_environment_profile_manager.EnvironmentProfileManagerTests.test_symlink_site_is_refused) ... ok
test_conflicting_environment_unit_fails_closed (tests.unit.test_v09_environment_service_manager.EnvironmentServiceManagerTests.test_conflicting_environment_unit_fails_closed) ... ok
test_environment_unit_is_local_only_least_privilege_and_independent (tests.unit.test_v09_environment_service_manager.EnvironmentServiceManagerTests.test_environment_unit_is_local_only_least_privilege_and_independent) ... ok
test_install_status_remove_are_structural_and_do_not_enable_or_start (tests.unit.test_v09_environment_service_manager.EnvironmentServiceManagerTests.test_install_status_remove_are_structural_and_do_not_enable_or_start) ... ok
test_tmpfiles_contract_uses_separate_state_and_socket_client_group (tests.unit.test_v09_environment_service_manager.EnvironmentServiceManagerTests.test_tmpfiles_contract_uses_separate_state_and_socket_client_group) ... ok
test_voice_service_has_soft_environment_dependency_only (tests.unit.test_v09_environment_service_manager.EnvironmentServiceManagerTests.test_voice_service_has_soft_environment_dependency_only) ... ok

----------------------------------------------------------------------
Ran 94 tests in 28.862s

OK
