test_explicit_rollback_fails_without_previous_release (tests.unit.test_m3_3_release_manager.IntegrityAndPrivilegeTests.test_explicit_rollback_fails_without_previous_release) ... ok
test_explicit_rollback_returns_to_previous_validated_release (tests.unit.test_m3_3_release_manager.IntegrityAndPrivilegeTests.test_explicit_rollback_returns_to_previous_validated_release) ... ok
test_maintenance_lock_rejects_concurrent_state_mutation (tests.unit.test_m3_3_release_manager.IntegrityAndPrivilegeTests.test_maintenance_lock_rejects_concurrent_state_mutation) ... ok
test_payload_digest_rejects_post_build_tampering (tests.unit.test_m3_3_release_manager.IntegrityAndPrivilegeTests.test_payload_digest_rejects_post_build_tampering) ... ok
test_payload_manifest_localizes_changed_and_unexpected_paths (tests.unit.test_m3_3_release_manager.IntegrityAndPrivilegeTests.test_payload_manifest_localizes_changed_and_unexpected_paths) ... ok
test_post_verified_journal_cannot_override_pointer_disagreement (tests.unit.test_m3_3_release_manager.IntegrityAndPrivilegeTests.test_post_verified_journal_cannot_override_pointer_disagreement) ... ok
test_pruning_corrupt_stale_release_does_not_revalidate_historical_payload (tests.unit.test_m3_3_release_manager.IntegrityAndPrivilegeTests.test_pruning_corrupt_stale_release_does_not_revalidate_historical_payload) ... ok
test_pruning_filesystem_error_is_nonblocking_after_successful_activation (tests.unit.test_m3_3_release_manager.IntegrityAndPrivilegeTests.test_pruning_filesystem_error_is_nonblocking_after_successful_activation) ... ok
test_pruning_ignores_obsolete_runtime_contract_for_stale_pre_bridge_release (tests.unit.test_m3_3_release_manager.IntegrityAndPrivilegeTests.test_pruning_ignores_obsolete_runtime_contract_for_stale_pre_bridge_release)
Exact Pi shape: legacy stale + legacy previous + strict active must converge. ... ok
test_pruning_keeps_only_active_and_previous_validated_releases (tests.unit.test_m3_3_release_manager.IntegrityAndPrivilegeTests.test_pruning_keeps_only_active_and_previous_validated_releases) ... ok
test_speech_and_service_maintenance_inputs_are_release_payload_contract (tests.unit.test_m3_3_release_manager.IntegrityAndPrivilegeTests.test_speech_and_service_maintenance_inputs_are_release_payload_contract) ... ok
test_target_privilege_and_nonlogin_account_contract_is_explicit (tests.unit.test_m3_3_release_manager.IntegrityAndPrivilegeTests.test_target_privilege_and_nonlogin_account_contract_is_explicit) ... ok
test_transient_python_caches_are_removed_before_sealing (tests.unit.test_m3_3_release_manager.IntegrityAndPrivilegeTests.test_transient_python_caches_are_removed_before_sealing) ... ok
test_candidate_finalization_is_atomic_and_immutable (tests.unit.test_m3_3_release_manager.RecordAndPointerTests.test_candidate_finalization_is_atomic_and_immutable) ... ok
test_current_pointer_cannot_escape_release_namespace (tests.unit.test_m3_3_release_manager.RecordAndPointerTests.test_current_pointer_cannot_escape_release_namespace) ... ok
test_durable_record_is_private_and_exact (tests.unit.test_m3_3_release_manager.RecordAndPointerTests.test_durable_record_is_private_and_exact) ... ok
test_finalization_normalizes_restrictive_umask_modes_for_service_access (tests.unit.test_m3_3_release_manager.RecordAndPointerTests.test_finalization_normalizes_restrictive_umask_modes_for_service_access) ... ok
test_layout_has_private_state_and_constant_entrypoint (tests.unit.test_m3_3_release_manager.RecordAndPointerTests.test_layout_has_private_state_and_constant_entrypoint) ... ok
test_parser_rejects_unknown_duplicate_and_incomplete_records (tests.unit.test_m3_3_release_manager.RecordAndPointerTests.test_parser_rejects_unknown_duplicate_and_incomplete_records) ... ok
test_source_archive_rejects_traversal_and_links (tests.unit.test_m3_3_release_manager.RecordAndPointerTests.test_source_archive_rejects_traversal_and_links) ... ok
test_binding_allowlist_excludes_distribution_metadata_and_unrelated_packages (tests.unit.test_m3_3_release_manager.TargetRuntimeBindingTests.test_binding_allowlist_excludes_distribution_metadata_and_unrelated_packages) ... ok
test_binding_probe_covers_exact_runtime_apis (tests.unit.test_m3_3_release_manager.TargetRuntimeBindingTests.test_binding_probe_covers_exact_runtime_apis) ... ok
test_bridge_copies_only_allowlisted_import_payloads_and_records_provenance (tests.unit.test_m3_3_release_manager.TargetRuntimeBindingTests.test_bridge_copies_only_allowlisted_import_payloads_and_records_provenance) ... ok
test_installer_authorizes_invoking_operator_only_for_control_socket (tests.unit.test_m3_3_release_manager.TargetRuntimeBindingTests.test_installer_authorizes_invoking_operator_only_for_control_socket) ... ok
test_isolated_bridge_keeps_unrelated_broken_system_metadata_out_of_pip_check (tests.unit.test_m3_3_release_manager.TargetRuntimeBindingTests.test_isolated_bridge_keeps_unrelated_broken_system_metadata_out_of_pip_check) ... ok
test_normal_activation_still_rejects_unjournaled_pre_bridge_target_candidate (tests.unit.test_m3_3_release_manager.TargetRuntimeBindingTests.test_normal_activation_still_rejects_unjournaled_pre_bridge_target_candidate)
Compatibility must not become a bypass for arbitrary legacy candidates. ... ok
test_operator_rollback_can_return_to_state_bound_pre_bridge_previous_release (tests.unit.test_m3_3_release_manager.TargetRuntimeBindingTests.test_operator_rollback_can_return_to_state_bound_pre_bridge_previous_release)
The same migration boundary must preserve governed rollback semantics. ... ok
test_target_binding_validation_accepts_isolated_release_python_probe (tests.unit.test_m3_3_release_manager.TargetRuntimeBindingTests.test_target_binding_validation_accepts_isolated_release_python_probe) ... ok
test_target_binding_validation_rejects_broad_system_site_visibility (tests.unit.test_m3_3_release_manager.TargetRuntimeBindingTests.test_target_binding_validation_rejects_broad_system_site_visibility) ... ok
test_target_binding_validation_rejects_missing_bridge_manifest (tests.unit.test_m3_3_release_manager.TargetRuntimeBindingTests.test_target_binding_validation_rejects_missing_bridge_manifest) ... ok
test_target_binding_validation_rejects_release_python_import_failure (tests.unit.test_m3_3_release_manager.TargetRuntimeBindingTests.test_target_binding_validation_rejects_release_python_import_failure) ... ok
test_target_profile_uses_allowlisted_distro_binding_bridge_only_for_pi_core (tests.unit.test_m3_3_release_manager.TargetRuntimeBindingTests.test_target_profile_uses_allowlisted_distro_binding_bridge_only_for_pi_core) ... ok
test_upgrade_activation_accepts_only_state_bound_pre_bridge_current_release (tests.unit.test_m3_3_release_manager.TargetRuntimeBindingTests.test_upgrade_activation_accepts_only_state_bound_pre_bridge_current_release)
Reproduce the checkpoint-29 Pi failure and prove the migration fix. ... ok
test_atomic_record_is_private_and_leaves_no_temporary_file (tests.unit.test_m3_2_install_engine.AtomicRecordTests.test_atomic_record_is_private_and_leaves_no_temporary_file) ... ok
test_atomic_record_preserves_callers_umask (tests.unit.test_m3_2_install_engine.AtomicRecordTests.test_atomic_record_preserves_callers_umask) ... ok
test_atomic_record_rejects_symlink_destination (tests.unit.test_m3_2_install_engine.AtomicRecordTests.test_atomic_record_rejects_symlink_destination) ... ok
test_known_migration_refuses_group_writable_state (tests.unit.test_m3_2_install_engine.AtomicRecordTests.test_known_migration_refuses_group_writable_state) ... ok
test_known_owned_0755_private_state_can_be_repaired_explicitly (tests.unit.test_m3_2_install_engine.AtomicRecordTests.test_known_owned_0755_private_state_can_be_repaired_explicitly) ... ok
test_private_directory_keeps_parent_traversable_and_preserves_umask (tests.unit.test_m3_2_install_engine.AtomicRecordTests.test_private_directory_keeps_parent_traversable_and_preserves_umask) ... ok
test_private_state_0755_still_fails_without_explicit_migration (tests.unit.test_m3_2_install_engine.AtomicRecordTests.test_private_state_0755_still_fails_without_explicit_migration) ... ok
test_record_parser_rejects_unknown_duplicate_and_malformed_lines (tests.unit.test_m3_2_install_engine.AtomicRecordTests.test_record_parser_rejects_unknown_duplicate_and_malformed_lines) ... ok
test_run_id_collision_gets_a_suffix (tests.unit.test_m3_2_install_engine.AtomicRecordTests.test_run_id_collision_gets_a_suffix) ... ok
test_action_exit_78_is_recorded_as_planned_pause_not_failure (tests.unit.test_m3_2_install_engine.EngineFailureTests.test_action_exit_78_is_recorded_as_planned_pause_not_failure) ... ok
test_action_exit_code_is_preserved (tests.unit.test_m3_2_install_engine.EngineFailureTests.test_action_exit_code_is_preserved) ... ok
test_failed_postcondition_has_stable_io_exit_code (tests.unit.test_m3_2_install_engine.EngineFailureTests.test_failed_postcondition_has_stable_io_exit_code) ... ok
test_live_lock_is_not_removed (tests.unit.test_m3_2_install_engine.EngineFailureTests.test_live_lock_is_not_removed) ... ok
test_planned_pause_state_converges_on_rerun_after_external_condition (tests.unit.test_m3_2_install_engine.EngineFailureTests.test_planned_pause_state_converges_on_rerun_after_external_condition) ... ok
test_precondition_exit_code_is_preserved (tests.unit.test_m3_2_install_engine.EngineFailureTests.test_precondition_exit_code_is_preserved) ... ok
test_reused_live_pid_with_wrong_start_identity_is_stale (tests.unit.test_m3_2_install_engine.EngineFailureTests.test_reused_live_pid_with_wrong_start_identity_is_stale) ... ok
test_complete_step_contract_is_required_and_duplicate_ids_fail (tests.unit.test_m3_2_install_engine.StepDefinitionTests.test_complete_step_contract_is_required_and_duplicate_ids_fail) ... ok
test_invalid_id_version_function_and_metadata_fail_closed (tests.unit.test_m3_2_install_engine.StepDefinitionTests.test_invalid_id_version_function_and_metadata_fail_closed) ... ok
test_appliance_readiness_record_is_bound_to_release_commit (tests.unit.test_v09_install_dependency_graph.TargetInstallDependencyGraphTests.test_appliance_readiness_record_is_bound_to_release_commit) ... ok
test_bluetooth_capture_route_is_proven_before_appliance_readiness (tests.unit.test_v09_install_dependency_graph.TargetInstallDependencyGraphTests.test_bluetooth_capture_route_is_proven_before_appliance_readiness) ... ok
test_environment_service_precedes_application_service_and_stays_non_actuating (tests.unit.test_v09_install_dependency_graph.TargetInstallDependencyGraphTests.test_environment_service_precedes_application_service_and_stays_non_actuating) ... ok
test_i2c_planned_pause_is_handled_before_failure_bundle (tests.unit.test_v09_install_dependency_graph.TargetInstallDependencyGraphTests.test_i2c_planned_pause_is_handled_before_failure_bundle) ... ok
test_target_install_dependency_order_is_explicit (tests.unit.test_v09_install_dependency_graph.TargetInstallDependencyGraphTests.test_target_install_dependency_order_is_explicit) ... ok

----------------------------------------------------------------------
Ran 56 tests in 2.989s

OK
[OK] code=ACTIVATION_RECONCILED phase=post_verified commit=cccccccccccccccccccccccccccccccccccccccc policy=structural_current_only
[OK] code=ACTIVATION_RECONCILED phase=post_verified commit=cccccccccccccccccccccccccccccccccccccccc policy=structural_current_only
[OK] code=ROLLBACK_COMPLETE commit=bbbbbbbbbbbbbbbbbbbbbbbbbbbbbbbbbbbbbbbb
[OK] code=ACTIVATION_HEALTHY commit=bbbbbbbbbbbbbbbbbbbbbbbbbbbbbbbbbbbbbbbb
[OK] code=RELEASE_PRUNED commit=2222222222222222222222222222222222222222
[OK] code=RELEASE_PRUNED commit=3333333333333333333333333333333333333333
[OK] code=RELEASE_PRUNED commit=aaaaaaaaaaaaaaaaaaaaaaaaaaaaaaaaaaaaaaaa
[OK] code=ACTIVATION_EMPTY
[OK] code=ACTIVATION_RECONCILED phase=post_verified commit=5555555555555555555555555555555555555555 policy=structural_current_only
[OK] code=RELEASE_LEGACY_TRANSITION_SOURCE commit=6666666666666666666666666666666666666666 profile=core-pi-trixie-py313 runtime_policy=bounded_cli_smoke
[OK] code=RELEASE_LEGACY_TRANSITION_SOURCE commit=6666666666666666666666666666666666666666 profile=core-pi-trixie-py313 runtime_policy=bounded_cli_smoke
[OK] code=ROLLBACK_COMPLETE commit=6666666666666666666666666666666666666666
