test_daemon_rejection_is_reported_without_fake_success (tests.unit.test_v09_environment_cli.EnvironmentCliTests.test_daemon_rejection_is_reported_without_fake_success) ... ok
test_env_serve_check_does_not_call_safe_off_or_open_resources (tests.unit.test_v09_environment_cli.EnvironmentCliTests.test_env_serve_check_does_not_call_safe_off_or_open_resources) ... ok
test_env_serve_disabled_exits_without_fake_hardware (tests.unit.test_v09_environment_cli.EnvironmentCliTests.test_env_serve_disabled_exits_without_fake_hardware) ... ok
test_env_serve_enabled_check_builds_without_hardware_evidence_or_socket_loop (tests.unit.test_v09_environment_cli.EnvironmentCliTests.test_env_serve_enabled_check_builds_without_hardware_evidence_or_socket_loop) ... ok
test_fan_mode_and_policy_mutations_pass_typed_arguments_only (tests.unit.test_v09_environment_cli.EnvironmentCliTests.test_fan_mode_and_policy_mutations_pass_typed_arguments_only) ... ok
test_policy_set_without_fields_fails_before_daemon_call (tests.unit.test_v09_environment_cli.EnvironmentCliTests.test_policy_set_without_fields_fails_before_daemon_call) ... ok
test_policy_show_health_and_probe_are_non_mutating_client_calls (tests.unit.test_v09_environment_cli.EnvironmentCliTests.test_policy_show_health_and_probe_are_non_mutating_client_calls) ... ok
test_simulation_cli_commands_use_typed_ipc_only (tests.unit.test_v09_environment_cli.EnvironmentCliTests.test_simulation_cli_commands_use_typed_ipc_only) ... ok
test_status_json_uses_ipc_client_and_reports_no_physical_evidence (tests.unit.test_v09_environment_cli.EnvironmentCliTests.test_status_json_uses_ipc_client_and_reports_no_physical_evidence) ... ok
test_temperature_and_humidity_commands_read_sensor_once (tests.unit.test_v09_environment_cli.EnvironmentCliTests.test_temperature_and_humidity_commands_read_sensor_once) ... ok
test_watch_observes_snapshots_passively_without_extra_sensor_reads (tests.unit.test_v09_environment_cli.EnvironmentCliTests.test_watch_observes_snapshots_passively_without_extra_sensor_reads) ... ok
test_defaults_keep_simulation_control_disabled (tests.unit.test_v09_environment_simulation.EnvironmentSimulationConfigTests.test_defaults_keep_simulation_control_disabled) ... ok
test_evidence_mode_classifier_keeps_hybrid_modes_distinct (tests.unit.test_v09_environment_simulation.EnvironmentSimulationConfigTests.test_evidence_mode_classifier_keeps_hybrid_modes_distinct) ... ok
test_independent_simulation_backend_axes_are_validated (tests.unit.test_v09_environment_simulation.EnvironmentSimulationConfigTests.test_independent_simulation_backend_axes_are_validated) ... ok
test_unknown_simulation_backend_is_rejected (tests.unit.test_v09_environment_simulation.EnvironmentSimulationConfigTests.test_unknown_simulation_backend_is_rejected) ... ok
test_operator_simulation_cli_over_unix_socket_drives_full_sim_without_physical_claim (tests.unit.test_v09_environment_simulation.EnvironmentSimulationProtocolTests.test_operator_simulation_cli_over_unix_socket_drives_full_sim_without_physical_claim) ... ok
test_service_core_supports_simulation_protocol_and_polling (tests.unit.test_v09_environment_simulation.EnvironmentSimulationProtocolTests.test_service_core_supports_simulation_protocol_and_polling) ... ok
test_simulated_actuator_fail_next_write_surfaces_service_error_and_safe_off (tests.unit.test_v09_environment_simulation.EnvironmentSimulationProtocolTests.test_simulated_actuator_fail_next_write_surfaces_service_error_and_safe_off) ... ok
test_simulation_operations_reject_wrong_backend_axis (tests.unit.test_v09_environment_simulation.EnvironmentSimulationProtocolTests.test_simulation_operations_reject_wrong_backend_axis) ... ok
test_simulation_runtime_control_is_explicitly_opt_in (tests.unit.test_v09_environment_simulation.EnvironmentSimulationProtocolTests.test_simulation_runtime_control_is_explicitly_opt_in) ... ok
test_unix_protocol_accepts_simulation_operations (tests.unit.test_v09_environment_simulation.EnvironmentSimulationProtocolTests.test_unix_protocol_accepts_simulation_operations) ... ok
test_factories_select_simulated_backends_without_physical_adapters (tests.unit.test_v09_environment_simulation.SimulatedAdapterTests.test_factories_select_simulated_backends_without_physical_adapters) ... ok
test_simulated_actuator_records_power_and_fault_injection_without_gpiod (tests.unit.test_v09_environment_simulation.SimulatedAdapterTests.test_simulated_actuator_records_power_and_fault_injection_without_gpiod) ... ok
test_simulated_sensor_persists_reading_and_faults_truthfully (tests.unit.test_v09_environment_simulation.SimulatedAdapterTests.test_simulated_sensor_persists_reading_and_faults_truthfully) ... ok
test_simulated_sensor_rejects_invalid_operator_values (tests.unit.test_v09_environment_simulation.SimulatedAdapterTests.test_simulated_sensor_rejects_invalid_operator_values) ... ok
test_ambiguous_environment_request_clarifies_without_client_or_llm_call (tests.unit.test_v09_environment_voice_intents.ConversationBrainEnvironmentActionTests.test_ambiguous_environment_request_clarifies_without_client_or_llm_call) ... ok
test_daemon_rejection_is_spoken_without_fake_success (tests.unit.test_v09_environment_voice_intents.ConversationBrainEnvironmentActionTests.test_daemon_rejection_is_spoken_without_fake_success) ... ok
test_environment_action_uses_daemon_client_before_llm_and_does_not_add_chat_history (tests.unit.test_v09_environment_voice_intents.ConversationBrainEnvironmentActionTests.test_environment_action_uses_daemon_client_before_llm_and_does_not_add_chat_history) ... ok
test_general_question_still_uses_local_llm_path (tests.unit.test_v09_environment_voice_intents.ConversationBrainEnvironmentActionTests.test_general_question_still_uses_local_llm_path) ... ok
test_policy_update_passes_typed_params_only (tests.unit.test_v09_environment_voice_intents.ConversationBrainEnvironmentActionTests.test_policy_update_passes_typed_params_only) ... ok
test_parser_ignores_general_conversation_and_has_no_hardware_or_shell_surface (tests.unit.test_v09_environment_voice_intents.EnvironmentVoiceIntentParserTests.test_parser_ignores_general_conversation_and_has_no_hardware_or_shell_surface) ... ok
test_parser_maps_clear_actions_and_thresholds_but_clarifies_ambiguous_temperature (tests.unit.test_v09_environment_voice_intents.EnvironmentVoiceIntentParserTests.test_parser_maps_clear_actions_and_thresholds_but_clarifies_ambiguous_temperature) ... ok
test_parser_maps_queries_and_status_to_allowlisted_operations (tests.unit.test_v09_environment_voice_intents.EnvironmentVoiceIntentParserTests.test_parser_maps_queries_and_status_to_allowlisted_operations) ... ok
test_hybrid_voice_wording_identifies_simulated_side (tests.unit.test_v09_environment_voice_intents.EnvironmentVoiceResponseTests.test_hybrid_voice_wording_identifies_simulated_side) ... ok
test_responses_are_derived_from_daemon_results_and_do_not_claim_speed_or_motion (tests.unit.test_v09_environment_voice_intents.EnvironmentVoiceResponseTests.test_responses_are_derived_from_daemon_results_and_do_not_claim_speed_or_motion) ... ok
test_simulation_voice_wording_never_sounds_like_physical_room_or_fan_evidence (tests.unit.test_v09_environment_voice_intents.EnvironmentVoiceResponseTests.test_simulation_voice_wording_never_sounds_like_physical_room_or_fan_evidence) ... ok
test_human_report_has_exact_boundary_language (tests.unit.test_release_readiness.ReleaseReadinessTests.test_human_report_has_exact_boundary_language) ... ok
test_report_is_ready_for_target_acceptance_from_clean_tree (tests.unit.test_release_readiness.ReleaseReadinessTests.test_report_is_ready_for_target_acceptance_from_clean_tree) ... ok
test_target_acceptance_runbook_is_user_facing (tests.unit.test_release_readiness.ReleaseReadinessTests.test_target_acceptance_runbook_is_user_facing) ... ok
test_resolve_ref_accepts_unambiguous_local_branch_under_test_gate (tests.unit.test_m8_update_manager.UpdateManagerTests.test_resolve_ref_accepts_unambiguous_local_branch_under_test_gate) ... ok
test_source_and_ref_validation_fail_closed (tests.unit.test_m8_update_manager.UpdateManagerTests.test_source_and_ref_validation_fail_closed) ... ok
test_update_builds_activates_prunes_and_restarts_service (tests.unit.test_m8_update_manager.UpdateManagerTests.test_update_builds_activates_prunes_and_restarts_service) ... ok
test_update_noop_does_not_restart_service (tests.unit.test_m8_update_manager.UpdateManagerTests.test_update_noop_does_not_restart_service) ... ok
test_keep_data_default_removes_code_and_service_but_retains_data (tests.unit.test_m8_uninstall_manager.UninstallManagerTests.test_keep_data_default_removes_code_and_service_but_retains_data) ... ok
test_modified_service_or_entrypoint_fails_before_mutation (tests.unit.test_m8_uninstall_manager.UninstallManagerTests.test_modified_service_or_entrypoint_fails_before_mutation) ... ok
test_purge_requires_confirmation_and_never_touches_ollama (tests.unit.test_m8_uninstall_manager.UninstallManagerTests.test_purge_requires_confirmation_and_never_touches_ollama) ... ok
test_installed_maintenance_wrapper_uses_release_local_entrypoint (tests.integration.test_support_collection_process.SupportCollectionProcessTests.test_installed_maintenance_wrapper_uses_release_local_entrypoint) ... ok

----------------------------------------------------------------------
Ran 47 tests in 7.265s

OK
[OK] code=UPDATE_COMPLETE commit=f2f91b88345da45f3c8c8dfd016093dde7c0cb95 previous=fa75ece45d96ff75f1f8c27726f96b5af0180a39
[OK] code=UPDATE_ALREADY_CURRENT commit=f2f91b88345da45f3c8c8dfd016093dde7c0cb95
