test_atomic_record_is_private_and_leaves_no_temporary_file (tests.unit.test_m3_2_install_engine.AtomicRecordTests.test_atomic_record_is_private_and_leaves_no_temporary_file) ... ok
test_atomic_record_preserves_callers_umask (tests.unit.test_m3_2_install_engine.AtomicRecordTests.test_atomic_record_preserves_callers_umask) ... ok
test_atomic_record_rejects_symlink_destination (tests.unit.test_m3_2_install_engine.AtomicRecordTests.test_atomic_record_rejects_symlink_destination) ... ok
test_known_migration_refuses_group_writable_state (tests.unit.test_m3_2_install_engine.AtomicRecordTests.test_known_migration_refuses_group_writable_state) ... ok
test_known_owned_0755_private_state_can_be_repaired_explicitly (tests.unit.test_m3_2_install_engine.AtomicRecordTests.test_known_owned_0755_private_state_can_be_repaired_explicitly) ... ok
test_private_directory_keeps_parent_traversable_and_preserves_umask (tests.unit.test_m3_2_install_engine.AtomicRecordTests.test_private_directory_keeps_parent_traversable_and_preserves_umask) ... ok
test_private_state_0755_still_fails_without_explicit_migration (tests.unit.test_m3_2_install_engine.AtomicRecordTests.test_private_state_0755_still_fails_without_explicit_migration) ... ok
test_record_parser_rejects_unknown_duplicate_and_malformed_lines (tests.unit.test_m3_2_install_engine.AtomicRecordTests.test_record_parser_rejects_unknown_duplicate_and_malformed_lines) ... ok
test_run_id_collision_gets_a_suffix (tests.unit.test_m3_2_install_engine.AtomicRecordTests.test_run_id_collision_gets_a_suffix) ... ok
test_action_exit_78_is_recorded_as_planned_pause_not_failure (tests.unit.test_m3_2_install_engine.EngineFailureTests.test_action_exit_78_is_recorded_as_planned_pause_not_failure) ... ok
test_action_exit_code_is_preserved (tests.unit.test_m3_2_install_engine.EngineFailureTests.test_action_exit_code_is_preserved) ... ok
test_failed_postcondition_has_stable_io_exit_code (tests.unit.test_m3_2_install_engine.EngineFailureTests.test_failed_postcondition_has_stable_io_exit_code) ... ok
test_live_lock_is_not_removed (tests.unit.test_m3_2_install_engine.EngineFailureTests.test_live_lock_is_not_removed) ... ok
test_precondition_exit_code_is_preserved (tests.unit.test_m3_2_install_engine.EngineFailureTests.test_precondition_exit_code_is_preserved) ... ok
test_reused_live_pid_with_wrong_start_identity_is_stale (tests.unit.test_m3_2_install_engine.EngineFailureTests.test_reused_live_pid_with_wrong_start_identity_is_stale) ... ok
test_complete_step_contract_is_required_and_duplicate_ids_fail (tests.unit.test_m3_2_install_engine.StepDefinitionTests.test_complete_step_contract_is_required_and_duplicate_ids_fail) ... ok
test_invalid_id_version_function_and_metadata_fail_closed (tests.unit.test_m3_2_install_engine.StepDefinitionTests.test_invalid_id_version_function_and_metadata_fail_closed) ... ok
test_explicit_rollback_fails_without_previous_release (tests.unit.test_m3_3_release_manager.IntegrityAndPrivilegeTests.test_explicit_rollback_fails_without_previous_release) ... ok
test_explicit_rollback_returns_to_previous_validated_release (tests.unit.test_m3_3_release_manager.IntegrityAndPrivilegeTests.test_explicit_rollback_returns_to_previous_validated_release) ... ok
test_maintenance_lock_rejects_concurrent_state_mutation (tests.unit.test_m3_3_release_manager.IntegrityAndPrivilegeTests.test_maintenance_lock_rejects_concurrent_state_mutation) ... ok
test_payload_digest_rejects_post_build_tampering (tests.unit.test_m3_3_release_manager.IntegrityAndPrivilegeTests.test_payload_digest_rejects_post_build_tampering) ... ok
test_post_verified_journal_cannot_override_pointer_disagreement (tests.unit.test_m3_3_release_manager.IntegrityAndPrivilegeTests.test_post_verified_journal_cannot_override_pointer_disagreement) ... ok
test_pruning_corrupt_stale_release_is_nonblocking_and_preserves_it (tests.unit.test_m3_3_release_manager.IntegrityAndPrivilegeTests.test_pruning_corrupt_stale_release_is_nonblocking_and_preserves_it) ... ok
test_pruning_ignores_obsolete_runtime_contract_for_stale_pre_bridge_release (tests.unit.test_m3_3_release_manager.IntegrityAndPrivilegeTests.test_pruning_ignores_obsolete_runtime_contract_for_stale_pre_bridge_release)
Exact Pi shape: legacy stale + legacy previous + strict active must converge. ... ok
test_pruning_keeps_only_active_and_previous_validated_releases (tests.unit.test_m3_3_release_manager.IntegrityAndPrivilegeTests.test_pruning_keeps_only_active_and_previous_validated_releases) ... ok
test_speech_and_service_maintenance_inputs_are_release_payload_contract (tests.unit.test_m3_3_release_manager.IntegrityAndPrivilegeTests.test_speech_and_service_maintenance_inputs_are_release_payload_contract) ... ok
test_target_privilege_and_nonlogin_account_contract_is_explicit (tests.unit.test_m3_3_release_manager.IntegrityAndPrivilegeTests.test_target_privilege_and_nonlogin_account_contract_is_explicit) ... ok
test_candidate_finalization_is_atomic_and_immutable (tests.unit.test_m3_3_release_manager.RecordAndPointerTests.test_candidate_finalization_is_atomic_and_immutable) ... ok
test_current_pointer_cannot_escape_release_namespace (tests.unit.test_m3_3_release_manager.RecordAndPointerTests.test_current_pointer_cannot_escape_release_namespace) ... ok
test_durable_record_is_private_and_exact (tests.unit.test_m3_3_release_manager.RecordAndPointerTests.test_durable_record_is_private_and_exact) ... ok
test_finalization_normalizes_restrictive_umask_modes_for_service_access (tests.unit.test_m3_3_release_manager.RecordAndPointerTests.test_finalization_normalizes_restrictive_umask_modes_for_service_access) ... ok
test_layout_has_private_state_and_constant_entrypoint (tests.unit.test_m3_3_release_manager.RecordAndPointerTests.test_layout_has_private_state_and_constant_entrypoint) ... ok
test_parser_rejects_unknown_duplicate_and_incomplete_records (tests.unit.test_m3_3_release_manager.RecordAndPointerTests.test_parser_rejects_unknown_duplicate_and_incomplete_records) ... ok
test_source_archive_rejects_traversal_and_links (tests.unit.test_m3_3_release_manager.RecordAndPointerTests.test_source_archive_rejects_traversal_and_links) ... ok
test_binding_allowlist_excludes_distribution_metadata_and_unrelated_packages (tests.unit.test_m3_3_release_manager.TargetRuntimeBindingTests.test_binding_allowlist_excludes_distribution_metadata_and_unrelated_packages) ... ok
test_binding_probe_covers_exact_runtime_apis (tests.unit.test_m3_3_release_manager.TargetRuntimeBindingTests.test_binding_probe_covers_exact_runtime_apis) ... ok
test_bridge_copies_only_allowlisted_import_payloads_and_records_provenance (tests.unit.test_m3_3_release_manager.TargetRuntimeBindingTests.test_bridge_copies_only_allowlisted_import_payloads_and_records_provenance) ... ok
test_installer_authorizes_invoking_operator_only_for_control_socket (tests.unit.test_m3_3_release_manager.TargetRuntimeBindingTests.test_installer_authorizes_invoking_operator_only_for_control_socket) ... ok
test_isolated_bridge_keeps_unrelated_broken_system_metadata_out_of_pip_check (tests.unit.test_m3_3_release_manager.TargetRuntimeBindingTests.test_isolated_bridge_keeps_unrelated_broken_system_metadata_out_of_pip_check) ... ok
test_normal_activation_still_rejects_unjournaled_pre_bridge_target_candidate (tests.unit.test_m3_3_release_manager.TargetRuntimeBindingTests.test_normal_activation_still_rejects_unjournaled_pre_bridge_target_candidate)
Compatibility must not become a bypass for arbitrary legacy candidates. ... ok
test_operator_rollback_can_return_to_state_bound_pre_bridge_previous_release (tests.unit.test_m3_3_release_manager.TargetRuntimeBindingTests.test_operator_rollback_can_return_to_state_bound_pre_bridge_previous_release)
The same migration boundary must preserve governed rollback semantics. ... ok
test_target_binding_validation_accepts_isolated_release_python_probe (tests.unit.test_m3_3_release_manager.TargetRuntimeBindingTests.test_target_binding_validation_accepts_isolated_release_python_probe) ... ok
test_target_binding_validation_rejects_broad_system_site_visibility (tests.unit.test_m3_3_release_manager.TargetRuntimeBindingTests.test_target_binding_validation_rejects_broad_system_site_visibility) ... ok
test_target_binding_validation_rejects_missing_bridge_manifest (tests.unit.test_m3_3_release_manager.TargetRuntimeBindingTests.test_target_binding_validation_rejects_missing_bridge_manifest) ... ok
test_target_binding_validation_rejects_release_python_import_failure (tests.unit.test_m3_3_release_manager.TargetRuntimeBindingTests.test_target_binding_validation_rejects_release_python_import_failure) ... ok
test_target_profile_uses_allowlisted_distro_binding_bridge_only_for_pi_core (tests.unit.test_m3_3_release_manager.TargetRuntimeBindingTests.test_target_profile_uses_allowlisted_distro_binding_bridge_only_for_pi_core) ... ok
test_upgrade_activation_accepts_only_state_bound_pre_bridge_current_release (tests.unit.test_m3_3_release_manager.TargetRuntimeBindingTests.test_upgrade_activation_accepts_only_state_bound_pre_bridge_current_release)
Reproduce the checkpoint-29 Pi failure and prove the migration fix. ... ok
test_cli_reports_planned_pause_not_error_when_reboot_is_required (tests.unit.test_v09_i2c_manager.I2CManagerTests.test_cli_reports_planned_pause_not_error_when_reboot_is_required) ... ok
test_enable_accepts_delayed_device_without_reboot (tests.unit.test_v09_i2c_manager.I2CManagerTests.test_enable_accepts_delayed_device_without_reboot) ... ok
test_enable_requires_root_and_never_runs_raspi_config (tests.unit.test_v09_i2c_manager.I2CManagerTests.test_enable_requires_root_and_never_runs_raspi_config) ... ok
test_enable_uses_noninteractive_raspi_config_and_reports_reboot (tests.unit.test_v09_i2c_manager.I2CManagerTests.test_enable_uses_noninteractive_raspi_config_and_reports_reboot) ... ok
test_require_ready_returns_75_without_mutating_system (tests.unit.test_v09_i2c_manager.I2CManagerTests.test_require_ready_returns_75_without_mutating_system) ... [ERROR] code=I2C_NOT_READY message=I2C device/service-user prerequisites are not ready remediation=run sudo i2c_manager.py enable, reboot if requested, then rerun status
ok
test_status_fails_readiness_when_service_user_lacks_i2c (tests.unit.test_v09_i2c_manager.I2CManagerTests.test_status_fails_readiness_when_service_user_lacks_i2c) ... ok
test_status_requires_device_and_service_user_group (tests.unit.test_v09_i2c_manager.I2CManagerTests.test_status_requires_device_and_service_user_group) ... ok
test_status_requires_real_service_context_openability_not_group_name_only (tests.unit.test_v09_i2c_manager.I2CManagerTests.test_status_requires_real_service_context_openability_not_group_name_only) ... ok
test_atomic_output_is_private_machine_readable_and_replaced (tests.unit.test_v09_target_preflight.TargetPreflightTests.test_atomic_output_is_private_machine_readable_and_replaced) ... ok
test_identity_phase_includes_operator_without_granting_raw_gpio_or_i2c (tests.unit.test_v09_target_preflight.TargetPreflightTests.test_identity_phase_includes_operator_without_granting_raw_gpio_or_i2c) ... ok
test_optional_i2c_gap_does_not_fail_generic_prerequisite_report (tests.unit.test_v09_target_preflight.TargetPreflightTests.test_optional_i2c_gap_does_not_fail_generic_prerequisite_report) ... ok
test_required_failure_fails_closed (tests.unit.test_v09_target_preflight.TargetPreflightTests.test_required_failure_fails_closed) ... ok
test_installer_gates_appliance_readiness_on_runtime_context (tests.unit.test_v09_runtime_context_preflight.RuntimeContextPreflightTests.test_installer_gates_appliance_readiness_on_runtime_context) ... ok
test_missing_runtime_environment_fails_require_ready (tests.unit.test_v09_runtime_context_preflight.RuntimeContextPreflightTests.test_missing_runtime_environment_fails_require_ready) ... [ERROR] code=RUNTIME_CONTEXT_NOT_READY message=service/user-session runtime context is incomplete remediation=rerun service/Bluetooth convergence and inspect the generated runtime environment and user manager
ok
test_pipewire_requirement_checks_user_manager_services_and_pulse (tests.unit.test_v09_runtime_context_preflight.RuntimeContextPreflightTests.test_pipewire_requirement_checks_user_manager_services_and_pulse) ... ok
test_service_unit_contract_preserves_environment_independence (tests.unit.test_v09_runtime_context_preflight.RuntimeContextPreflightTests.test_service_unit_contract_preserves_environment_independence) ... ok
test_structural_context_can_be_ready_without_claiming_physical_audio (tests.unit.test_v09_runtime_context_preflight.RuntimeContextPreflightTests.test_structural_context_can_be_ready_without_claiming_physical_audio) ... ok
test_bundle_is_private_allowlisted_and_works_without_active_release (tests.unit.test_v09_installer_failure_bundle.InstallerFailureBundleTests.test_bundle_is_private_allowlisted_and_works_without_active_release) ... ok
test_bundle_exact_members_redacted_paths_no_raw_files (tests.unit.test_support_export.SupportTests.test_bundle_exact_members_redacted_paths_no_raw_files) ... ok
test_bundle_preserves_allow_listed_health_reason_codes (tests.unit.test_support_export.SupportTests.test_bundle_preserves_allow_listed_health_reason_codes) ... ok
test_content_in_telemetry_rejected_before_output (tests.unit.test_support_export.SupportTests.test_content_in_telemetry_rejected_before_output) ... ok
test_existing_symlink_and_publish_race_preserve_destination (tests.unit.test_support_export.SupportTests.test_existing_symlink_and_publish_race_preserve_destination) ... ok
test_extra_health_details_are_not_exported (tests.unit.test_support_export.SupportTests.test_extra_health_details_are_not_exported) ... ok
test_gpio_platform_export_is_allowlisted_and_drops_raw_command_text (tests.unit.test_support_export.SupportTests.test_gpio_platform_export_is_allowlisted_and_drops_raw_command_text) ... ok
test_install_event_export_is_bounded_allow_listed_and_content_free (tests.unit.test_support_export.SupportTests.test_install_event_export_is_bounded_allow_listed_and_content_free) ... ok
test_release_identity_export_binds_current_symlink_to_record (tests.unit.test_support_export.SupportTests.test_release_identity_export_binds_current_symlink_to_record) ... ok
test_release_identity_rejects_unknown_record_format (tests.unit.test_support_export.SupportTests.test_release_identity_rejects_unknown_record_format) ... ok
test_runtime_binding_member_reports_release_interpreter_probe_without_raw_output (tests.unit.test_support_export.SupportTests.test_runtime_binding_member_reports_release_interpreter_probe_without_raw_output) ... ok
test_service_event_export_counts_codes_without_exporting_journal_text (tests.unit.test_support_export.SupportTests.test_service_event_export_counts_codes_without_exporting_journal_text) ... ok
test_startup_snapshot_is_allow_listed_member (tests.unit.test_support_export.SupportTests.test_startup_snapshot_is_allow_listed_member) ... ok
test_duplicate_or_permissive_record_fails_before_state_mutation (tests.integration.test_install_engine_process.InstallProcessTests.test_duplicate_or_permissive_record_fails_before_state_mutation) ... ok
test_engine_only_stops_before_release_provisioning (tests.integration.test_install_engine_process.InstallProcessTests.test_engine_only_stops_before_release_provisioning) ... ok
test_false_complete_state_is_repaired_from_probe_truth (tests.integration.test_install_engine_process.InstallProcessTests.test_false_complete_state_is_repaired_from_probe_truth) ... ok
test_good_probe_repairs_missing_advisory_state_without_action (tests.integration.test_install_engine_process.InstallProcessTests.test_good_probe_repairs_missing_advisory_state_without_action) ... ok
test_moved_remote_ref_fails_before_state_mutation (tests.integration.test_install_engine_process.InstallProcessTests.test_moved_remote_ref_fails_before_state_mutation) ... ok
test_record_is_data_and_never_shell_executed (tests.integration.test_install_engine_process.InstallProcessTests.test_record_is_data_and_never_shell_executed) ... ok
test_successful_engine_run_is_private_and_repeatable (tests.integration.test_install_engine_process.InstallProcessTests.test_successful_engine_run_is_private_and_repeatable) ... ok
test_abrupt_kill_leaves_recoverable_stale_state (tests.integration.test_install_engine_process.InterruptionProcessTests.test_abrupt_kill_leaves_recoverable_stale_state) ... ok
test_advisory_complete_state_never_overrides_failed_probe (tests.integration.test_install_engine_process.InterruptionProcessTests.test_advisory_complete_state_never_overrides_failed_probe) ... ok
test_term_interrupt_before_during_after_every_fake_step_then_converges (tests.integration.test_install_engine_process.InterruptionProcessTests.test_term_interrupt_before_during_after_every_fake_step_then_converges) ... ok
test_process_activation_does_not_fail_after_success_when_older_stale_release_is_pre_bridge (tests.integration.test_release_lifecycle_process.TargetBridgeUpgradeCompatibilityTests.test_process_activation_does_not_fail_after_success_when_older_stale_release_is_pre_bridge)
Reproduce checkpoint-30 Pi: stale legacy A, active legacy B, new strict C. ... ok
test_process_activation_migrates_from_post_verified_pre_bridge_target_release (tests.integration.test_release_lifecycle_process.TargetBridgeUpgradeCompatibilityTests.test_process_activation_migrates_from_post_verified_pre_bridge_target_release)
Exact checkpoint-29 target failure: reconcile old active, then activate bridge release. ... ok
test_voice_daemon_unavailable_returns_truthful_failure_without_llm (tests.integration.test_v09_environment_voice_transaction.EnvironmentVoiceTransactionIntegrationTests.test_voice_daemon_unavailable_returns_truthful_failure_without_llm) ... ok
test_voice_fan_on_off_traverses_real_unix_protocol_without_llm_or_physical_claim (tests.integration.test_v09_environment_voice_transaction.EnvironmentVoiceTransactionIntegrationTests.test_voice_fan_on_off_traverses_real_unix_protocol_without_llm_or_physical_claim) ... ok
test_voice_sensor_query_uses_daemon_and_labels_simulated_reading (tests.integration.test_v09_environment_voice_transaction.EnvironmentVoiceTransactionIntegrationTests.test_voice_sensor_query_uses_daemon_and_labels_simulated_reading) ... ok

----------------------------------------------------------------------
Ran 92 tests in 17.146s

OK
[OK] code=ACTIVATION_RECONCILED phase=post_verified commit=cccccccccccccccccccccccccccccccccccccccc
[OK] code=ACTIVATION_RECONCILED phase=post_verified commit=cccccccccccccccccccccccccccccccccccccccc
[OK] code=ROLLBACK_COMPLETE commit=bbbbbbbbbbbbbbbbbbbbbbbbbbbbbbbbbbbbbbbb
[OK] code=ACTIVATION_HEALTHY commit=bbbbbbbbbbbbbbbbbbbbbbbbbbbbbbbbbbbbbbbb
[OK] code=RELEASE_PRUNED commit=3333333333333333333333333333333333333333
[OK] code=RELEASE_PRUNED commit=aaaaaaaaaaaaaaaaaaaaaaaaaaaaaaaaaaaaaaaa
[OK] code=ACTIVATION_EMPTY
[OK] code=ACTIVATION_RECONCILED phase=post_verified commit=5555555555555555555555555555555555555555
[OK] code=RELEASE_LEGACY_TRANSITION_SOURCE commit=6666666666666666666666666666666666666666 profile=core-pi-trixie-py313 runtime_policy=bounded_cli_smoke
[OK] code=RELEASE_LEGACY_TRANSITION_SOURCE commit=6666666666666666666666666666666666666666 profile=core-pi-trixie-py313 runtime_policy=bounded_cli_smoke
[OK] code=ROLLBACK_COMPLETE commit=6666666666666666666666666666666666666666
[PAUSED] code=I2C_REBOOT_REQUIRED configured=true device_exists=false action=reboot_then_resume_same_installer
[OK] code=I2C_STATUS status=NOT_READY device_exists=false user_i2c_group=true service_user_can_open=false
[OK] code=RUNTIME_CONTEXT status=NOT_READY user=gonken-agent runtime_env=false runtime_dir=false linger=false user_manager=false pipewire_required=false physical_audio_claimed=false
