test_atomic_record_is_private_and_leaves_no_temporary_file (tests.unit.test_m3_2_install_engine.AtomicRecordTests.test_atomic_record_is_private_and_leaves_no_temporary_file) ... ok
test_atomic_record_preserves_callers_umask (tests.unit.test_m3_2_install_engine.AtomicRecordTests.test_atomic_record_preserves_callers_umask) ... ok
test_atomic_record_rejects_symlink_destination (tests.unit.test_m3_2_install_engine.AtomicRecordTests.test_atomic_record_rejects_symlink_destination) ... ok
test_known_migration_refuses_group_writable_state (tests.unit.test_m3_2_install_engine.AtomicRecordTests.test_known_migration_refuses_group_writable_state) ... ok
test_known_owned_0755_private_state_can_be_repaired_explicitly (tests.unit.test_m3_2_install_engine.AtomicRecordTests.test_known_owned_0755_private_state_can_be_repaired_explicitly) ... ok
test_private_directory_keeps_parent_traversable_and_preserves_umask (tests.unit.test_m3_2_install_engine.AtomicRecordTests.test_private_directory_keeps_parent_traversable_and_preserves_umask) ... ok
test_private_state_0755_still_fails_without_explicit_migration (tests.unit.test_m3_2_install_engine.AtomicRecordTests.test_private_state_0755_still_fails_without_explicit_migration) ... ok
test_record_parser_rejects_unknown_duplicate_and_malformed_lines (tests.unit.test_m3_2_install_engine.AtomicRecordTests.test_record_parser_rejects_unknown_duplicate_and_malformed_lines) ... ok
test_run_id_collision_gets_a_suffix (tests.unit.test_m3_2_install_engine.AtomicRecordTests.test_run_id_collision_gets_a_suffix) ... ok
test_action_exit_78_is_recorded_as_planned_pause_not_failure (tests.unit.test_m3_2_install_engine.EngineFailureTests.test_action_exit_78_is_recorded_as_planned_pause_not_failure) ... ok
test_action_exit_code_is_preserved (tests.unit.test_m3_2_install_engine.EngineFailureTests.test_action_exit_code_is_preserved) ... ok
test_failed_postcondition_has_stable_io_exit_code (tests.unit.test_m3_2_install_engine.EngineFailureTests.test_failed_postcondition_has_stable_io_exit_code) ... ok
test_live_lock_is_not_removed (tests.unit.test_m3_2_install_engine.EngineFailureTests.test_live_lock_is_not_removed) ... ok
test_planned_pause_state_converges_on_rerun_after_external_condition (tests.unit.test_m3_2_install_engine.EngineFailureTests.test_planned_pause_state_converges_on_rerun_after_external_condition) ... ok
test_precondition_exit_code_is_preserved (tests.unit.test_m3_2_install_engine.EngineFailureTests.test_precondition_exit_code_is_preserved) ... ok
test_reused_live_pid_with_wrong_start_identity_is_stale (tests.unit.test_m3_2_install_engine.EngineFailureTests.test_reused_live_pid_with_wrong_start_identity_is_stale) ... ok
test_complete_step_contract_is_required_and_duplicate_ids_fail (tests.unit.test_m3_2_install_engine.StepDefinitionTests.test_complete_step_contract_is_required_and_duplicate_ids_fail) ... ok
test_invalid_id_version_function_and_metadata_fail_closed (tests.unit.test_m3_2_install_engine.StepDefinitionTests.test_invalid_id_version_function_and_metadata_fail_closed) ... ok
test_autoconnect_status_detects_managed_template_drift (tests.unit.test_x4_bluetooth_manager.BluetoothManagerTests.test_autoconnect_status_detects_managed_template_drift) ... ok
test_autoconnect_unit_is_bounded_to_one_managed_record (tests.unit.test_x4_bluetooth_manager.BluetoothManagerTests.test_autoconnect_unit_is_bounded_to_one_managed_record) ... ok
test_connected_headset_status_allows_capture_to_be_proven_by_appliance_gate (tests.unit.test_x4_bluetooth_manager.BluetoothManagerTests.test_connected_headset_status_allows_capture_to_be_proven_by_appliance_gate) ... ok
test_connected_headset_status_fails_early_without_any_capture_route (tests.unit.test_x4_bluetooth_manager.BluetoothManagerTests.test_connected_headset_status_fails_early_without_any_capture_route) ... ok
test_device_record_round_trip_is_closed_schema (tests.unit.test_x4_bluetooth_manager.BluetoothManagerTests.test_device_record_round_trip_is_closed_schema) ... ok
test_direct_capture_fallback_prefers_one_usb_card_and_ignores_hdmi (tests.unit.test_x4_bluetooth_manager.BluetoothManagerTests.test_direct_capture_fallback_prefers_one_usb_card_and_ignores_hdmi) ... ok
test_direct_capture_fallback_refuses_ambiguous_usb_cards (tests.unit.test_x4_bluetooth_manager.BluetoothManagerTests.test_direct_capture_fallback_refuses_ambiguous_usb_cards) ... ok
test_exact_mac_reuses_known_audio_identity_before_scanning (tests.unit.test_x4_bluetooth_manager.BluetoothManagerTests.test_exact_mac_reuses_known_audio_identity_before_scanning) ... [OK] code=BLUETOOTH_AUDIO_STATUS state=connected output_nodes=1 input_nodes=0
[FOUND] code=BLUETOOTH_DEVICE_KNOWN address=AA:BB:CC:DD:EE:FF name=Known Headset paired=true
ok
test_fix6_pairing_step_revalidates_connected_output_route (tests.unit.test_x4_bluetooth_manager.BluetoothManagerTests.test_fix6_pairing_step_revalidates_connected_output_route) ... ok
test_headless_wireplumber_fragment_disables_logind_seat_monitoring (tests.unit.test_x4_bluetooth_manager.BluetoothManagerTests.test_headless_wireplumber_fragment_disables_logind_seat_monitoring) ... ok
test_headset_profile_prefers_available_msbc_capture_profile (tests.unit.test_x4_bluetooth_manager.BluetoothManagerTests.test_headset_profile_prefers_available_msbc_capture_profile) ... ok
test_known_fix4_autoconnect_unit_is_upgraded_exactly (tests.unit.test_x4_bluetooth_manager.BluetoothManagerTests.test_known_fix4_autoconnect_unit_is_upgraded_exactly) ... ok
test_pairing_allows_output_only_headset_for_direct_microphone_fallback (tests.unit.test_x4_bluetooth_manager.BluetoothManagerTests.test_pairing_allows_output_only_headset_for_direct_microphone_fallback) ... [OK] code=BLUETOOTH_AUTOCONNECT_MANAGED_UPGRADE path=/tmp/tmpxcy97q3v/gonken-bluetooth-autoconnect.service
[OK] code=BLUETOOTH_AUTOCONNECT_INSTALLED
[RUNNING] code=BLUETOOTH_PAIR address=AA:BB:CC:DD:EE:FF name=Lab Headset
[OK] code=BLUETOOTH_AUDIO_PAIRED address=AA:BB:CC:DD:EE:FF name=Lab Headset output=ready microphone=direct_ready:plughw:CARD=Mic,DEV=0
ok
test_pairing_fails_early_when_headset_has_no_capture_route (tests.unit.test_x4_bluetooth_manager.BluetoothManagerTests.test_pairing_fails_early_when_headset_has_no_capture_route) ... [RUNNING] code=BLUETOOTH_PAIR address=AA:BB:CC:DD:EE:FF name=Lab Headset
ok
test_pairing_requires_verified_paired_trusted_connected_state (tests.unit.test_x4_bluetooth_manager.BluetoothManagerTests.test_pairing_requires_verified_paired_trusted_connected_state) ... [RUNNING] code=BLUETOOTH_PAIR address=AA:BB:CC:DD:EE:FF name=Lab Headset
[OK] code=BLUETOOTH_AUDIO_PAIRED address=AA:BB:CC:DD:EE:FF name=Lab Headset output=ready microphone=bluetooth_ready
ok
test_parse_capture_cards_matches_voice_runtime_alsa_identity (tests.unit.test_x4_bluetooth_manager.BluetoothManagerTests.test_parse_capture_cards_matches_voice_runtime_alsa_identity) ... ok
test_parse_devices_is_bounded_to_valid_mac_and_single_line_name (tests.unit.test_x4_bluetooth_manager.BluetoothManagerTests.test_parse_devices_is_bounded_to_valid_mac_and_single_line_name) ... ok
test_parse_info_distinguishes_output_and_headset_capability (tests.unit.test_x4_bluetooth_manager.BluetoothManagerTests.test_parse_info_distinguishes_output_and_headset_capability) ... ok
test_stack_status_requires_unblocked_powered_controller (tests.unit.test_x4_bluetooth_manager.BluetoothManagerTests.test_stack_status_requires_unblocked_powered_controller) ... ok
test_explicit_rollback_fails_without_previous_release (tests.unit.test_m3_3_release_manager.IntegrityAndPrivilegeTests.test_explicit_rollback_fails_without_previous_release) ... ok
test_explicit_rollback_returns_to_previous_validated_release (tests.unit.test_m3_3_release_manager.IntegrityAndPrivilegeTests.test_explicit_rollback_returns_to_previous_validated_release) ... ok
test_maintenance_lock_rejects_concurrent_state_mutation (tests.unit.test_m3_3_release_manager.IntegrityAndPrivilegeTests.test_maintenance_lock_rejects_concurrent_state_mutation) ... ok
test_payload_digest_rejects_post_build_tampering (tests.unit.test_m3_3_release_manager.IntegrityAndPrivilegeTests.test_payload_digest_rejects_post_build_tampering) ... ok
test_post_verified_journal_cannot_override_pointer_disagreement (tests.unit.test_m3_3_release_manager.IntegrityAndPrivilegeTests.test_post_verified_journal_cannot_override_pointer_disagreement) ... ok
test_pruning_corrupt_stale_release_is_nonblocking_and_preserves_it (tests.unit.test_m3_3_release_manager.IntegrityAndPrivilegeTests.test_pruning_corrupt_stale_release_is_nonblocking_and_preserves_it) ... ok
test_pruning_ignores_obsolete_runtime_contract_for_stale_pre_bridge_release (tests.unit.test_m3_3_release_manager.IntegrityAndPrivilegeTests.test_pruning_ignores_obsolete_runtime_contract_for_stale_pre_bridge_release)
Exact Pi shape: legacy stale + legacy previous + strict active must converge. ... ok
test_pruning_keeps_only_active_and_previous_validated_releases (tests.unit.test_m3_3_release_manager.IntegrityAndPrivilegeTests.test_pruning_keeps_only_active_and_previous_validated_releases) ... ok
test_speech_and_service_maintenance_inputs_are_release_payload_contract (tests.unit.test_m3_3_release_manager.IntegrityAndPrivilegeTests.test_speech_and_service_maintenance_inputs_are_release_payload_contract) ... ok
test_target_privilege_and_nonlogin_account_contract_is_explicit (tests.unit.test_m3_3_release_manager.IntegrityAndPrivilegeTests.test_target_privilege_and_nonlogin_account_contract_is_explicit) ... ok
test_candidate_finalization_is_atomic_and_immutable (tests.unit.test_m3_3_release_manager.RecordAndPointerTests.test_candidate_finalization_is_atomic_and_immutable) ... ok
test_current_pointer_cannot_escape_release_namespace (tests.unit.test_m3_3_release_manager.RecordAndPointerTests.test_current_pointer_cannot_escape_release_namespace) ... ok
test_durable_record_is_private_and_exact (tests.unit.test_m3_3_release_manager.RecordAndPointerTests.test_durable_record_is_private_and_exact) ... ok
test_finalization_normalizes_restrictive_umask_modes_for_service_access (tests.unit.test_m3_3_release_manager.RecordAndPointerTests.test_finalization_normalizes_restrictive_umask_modes_for_service_access) ... ok
test_layout_has_private_state_and_constant_entrypoint (tests.unit.test_m3_3_release_manager.RecordAndPointerTests.test_layout_has_private_state_and_constant_entrypoint) ... ok
test_parser_rejects_unknown_duplicate_and_incomplete_records (tests.unit.test_m3_3_release_manager.RecordAndPointerTests.test_parser_rejects_unknown_duplicate_and_incomplete_records) ... ok
test_source_archive_rejects_traversal_and_links (tests.unit.test_m3_3_release_manager.RecordAndPointerTests.test_source_archive_rejects_traversal_and_links) ... ok
test_binding_allowlist_excludes_distribution_metadata_and_unrelated_packages (tests.unit.test_m3_3_release_manager.TargetRuntimeBindingTests.test_binding_allowlist_excludes_distribution_metadata_and_unrelated_packages) ... ok
test_binding_probe_covers_exact_runtime_apis (tests.unit.test_m3_3_release_manager.TargetRuntimeBindingTests.test_binding_probe_covers_exact_runtime_apis) ... ok
test_bridge_copies_only_allowlisted_import_payloads_and_records_provenance (tests.unit.test_m3_3_release_manager.TargetRuntimeBindingTests.test_bridge_copies_only_allowlisted_import_payloads_and_records_provenance) ... ok
test_installer_authorizes_invoking_operator_only_for_control_socket (tests.unit.test_m3_3_release_manager.TargetRuntimeBindingTests.test_installer_authorizes_invoking_operator_only_for_control_socket) ... ok
test_isolated_bridge_keeps_unrelated_broken_system_metadata_out_of_pip_check (tests.unit.test_m3_3_release_manager.TargetRuntimeBindingTests.test_isolated_bridge_keeps_unrelated_broken_system_metadata_out_of_pip_check) ... ok
test_normal_activation_still_rejects_unjournaled_pre_bridge_target_candidate (tests.unit.test_m3_3_release_manager.TargetRuntimeBindingTests.test_normal_activation_still_rejects_unjournaled_pre_bridge_target_candidate)
Compatibility must not become a bypass for arbitrary legacy candidates. ... ok
test_operator_rollback_can_return_to_state_bound_pre_bridge_previous_release (tests.unit.test_m3_3_release_manager.TargetRuntimeBindingTests.test_operator_rollback_can_return_to_state_bound_pre_bridge_previous_release)
The same migration boundary must preserve governed rollback semantics. ... ok
test_target_binding_validation_accepts_isolated_release_python_probe (tests.unit.test_m3_3_release_manager.TargetRuntimeBindingTests.test_target_binding_validation_accepts_isolated_release_python_probe) ... ok
test_target_binding_validation_rejects_broad_system_site_visibility (tests.unit.test_m3_3_release_manager.TargetRuntimeBindingTests.test_target_binding_validation_rejects_broad_system_site_visibility) ... ok
test_target_binding_validation_rejects_missing_bridge_manifest (tests.unit.test_m3_3_release_manager.TargetRuntimeBindingTests.test_target_binding_validation_rejects_missing_bridge_manifest) ... ok
test_target_binding_validation_rejects_release_python_import_failure (tests.unit.test_m3_3_release_manager.TargetRuntimeBindingTests.test_target_binding_validation_rejects_release_python_import_failure) ... ok
test_target_profile_uses_allowlisted_distro_binding_bridge_only_for_pi_core (tests.unit.test_m3_3_release_manager.TargetRuntimeBindingTests.test_target_profile_uses_allowlisted_distro_binding_bridge_only_for_pi_core) ... ok
test_upgrade_activation_accepts_only_state_bound_pre_bridge_current_release (tests.unit.test_m3_3_release_manager.TargetRuntimeBindingTests.test_upgrade_activation_accepts_only_state_bound_pre_bridge_current_release)
Reproduce the checkpoint-29 Pi failure and prove the migration fix. ... ok
test_cli_reports_planned_pause_not_error_when_reboot_is_required (tests.unit.test_v09_i2c_manager.I2CManagerTests.test_cli_reports_planned_pause_not_error_when_reboot_is_required) ... ok
test_enable_accepts_delayed_device_without_reboot (tests.unit.test_v09_i2c_manager.I2CManagerTests.test_enable_accepts_delayed_device_without_reboot) ... ok
test_enable_requires_root_and_never_runs_raspi_config (tests.unit.test_v09_i2c_manager.I2CManagerTests.test_enable_requires_root_and_never_runs_raspi_config) ... ok
test_enable_uses_noninteractive_raspi_config_and_reports_reboot (tests.unit.test_v09_i2c_manager.I2CManagerTests.test_enable_uses_noninteractive_raspi_config_and_reports_reboot) ... ok
test_require_ready_returns_75_without_mutating_system (tests.unit.test_v09_i2c_manager.I2CManagerTests.test_require_ready_returns_75_without_mutating_system) ... [ERROR] code=I2C_NOT_READY message=I2C device/service-user prerequisites are not ready remediation=run sudo i2c_manager.py enable, reboot if requested, then rerun status
ok
test_status_fails_readiness_when_service_user_lacks_i2c (tests.unit.test_v09_i2c_manager.I2CManagerTests.test_status_fails_readiness_when_service_user_lacks_i2c) ... ok
test_status_requires_device_and_service_user_group (tests.unit.test_v09_i2c_manager.I2CManagerTests.test_status_requires_device_and_service_user_group) ... ok
test_status_requires_real_service_context_openability_not_group_name_only (tests.unit.test_v09_i2c_manager.I2CManagerTests.test_status_requires_real_service_context_openability_not_group_name_only) ... ok

----------------------------------------------------------------------
Ran 75 tests in 2.888s

OK
[OK] code=ACTIVATION_RECONCILED phase=post_verified commit=cccccccccccccccccccccccccccccccccccccccc
[OK] code=ACTIVATION_RECONCILED phase=post_verified commit=cccccccccccccccccccccccccccccccccccccccc
[OK] code=ROLLBACK_COMPLETE commit=bbbbbbbbbbbbbbbbbbbbbbbbbbbbbbbbbbbbbbbb
[OK] code=ACTIVATION_HEALTHY commit=bbbbbbbbbbbbbbbbbbbbbbbbbbbbbbbbbbbbbbbb
[OK] code=RELEASE_PRUNED commit=3333333333333333333333333333333333333333
[OK] code=RELEASE_PRUNED commit=aaaaaaaaaaaaaaaaaaaaaaaaaaaaaaaaaaaaaaaa
[OK] code=ACTIVATION_EMPTY
[OK] code=ACTIVATION_RECONCILED phase=post_verified commit=5555555555555555555555555555555555555555
[OK] code=RELEASE_LEGACY_TRANSITION_SOURCE commit=6666666666666666666666666666666666666666 profile=core-pi-trixie-py313 runtime_policy=bounded_cli_smoke
[OK] code=RELEASE_LEGACY_TRANSITION_SOURCE commit=6666666666666666666666666666666666666666 profile=core-pi-trixie-py313 runtime_policy=bounded_cli_smoke
[OK] code=ROLLBACK_COMPLETE commit=6666666666666666666666666666666666666666
[PAUSED] code=I2C_REBOOT_REQUIRED configured=true device_exists=false action=reboot_then_resume_same_installer
[OK] code=I2C_STATUS status=NOT_READY device_exists=false user_i2c_group=true service_user_can_open=false
