test_activate_restarts_enabled_service_then_waits_for_ready (tests.unit.test_fix5_appliance_manager.ApplianceManagerTests.test_activate_restarts_enabled_service_then_waits_for_ready) ... [RUNNING] code=APPLIANCE_START service=gonken-agent.service
[READY] code=APPLIANCE_READY service=gonken-agent.service wake_phrase=Hey_Gonken reboot_required=false
ok
test_fix7_installer_revalidates_service_and_physical_readiness_contract (tests.unit.test_fix5_appliance_manager.ApplianceManagerTests.test_fix7_installer_revalidates_service_and_physical_readiness_contract) ... ok
test_ready_record_is_bound_to_current_immutable_release (tests.unit.test_fix5_appliance_manager.ApplianceManagerTests.test_ready_record_is_bound_to_current_immutable_release) ... ok
test_ready_record_requires_content_free_runtime_contract (tests.unit.test_fix5_appliance_manager.ApplianceManagerTests.test_ready_record_requires_content_free_runtime_contract) ... ok
test_status_requires_enabled_active_and_runtime_ready_independently (tests.unit.test_fix5_appliance_manager.ApplianceManagerTests.test_status_requires_enabled_active_and_runtime_ready_independently) ... ok
test_current_pointer_must_match_commit (tests.unit.test_m3_6_install_summary.InstallSummaryTests.test_current_pointer_must_match_commit) ... ok
test_records_are_closed_schema_private_and_policy_checked (tests.unit.test_m3_6_install_summary.InstallSummaryTests.test_records_are_closed_schema_private_and_policy_checked) ... ok
test_summary_rejects_ready_record_from_previous_release (tests.unit.test_m3_6_install_summary.InstallSummaryTests.test_summary_rejects_ready_record_from_previous_release) ... ok
test_summary_reports_degraded_not_ready_with_exact_next_action (tests.unit.test_m3_6_install_summary.InstallSummaryTests.test_summary_reports_degraded_not_ready_with_exact_next_action) ... ok
test_summary_reports_ready_when_voice_runtime_ready_file_exists (tests.unit.test_m3_6_install_summary.InstallSummaryTests.test_summary_reports_ready_when_voice_runtime_ready_file_exists) ... ok
test_summary_reports_service_degraded_when_unit_differs (tests.unit.test_m3_6_install_summary.InstallSummaryTests.test_summary_reports_service_degraded_when_unit_differs) ... ok
test_brain_probe_warms_inference_without_adding_history (tests.unit.test_voice_appliance.ConversationContractTests.test_brain_probe_warms_inference_without_adding_history) ... ok
test_plain_chat_disables_thinking_without_json_format (tests.unit.test_voice_appliance.ConversationContractTests.test_plain_chat_disables_thinking_without_json_format) ... ok
test_runtime_release_commit_is_derived_only_from_immutable_release_path (tests.unit.test_voice_appliance.RuntimeIdentityTests.test_runtime_release_commit_is_derived_only_from_immutable_release_path) ... ok
test_one_turn_is_capture_transcribe_generate_speak_without_persistence (tests.unit.test_voice_appliance.VoiceTurnTests.test_one_turn_is_capture_transcribe_generate_speak_without_persistence) ... ok
test_ready_is_published_only_after_real_ready_announcement_playback (tests.unit.test_voice_appliance.VoiceTurnTests.test_ready_is_published_only_after_real_ready_announcement_playback) ... ok
test_silence_does_not_drop_wake_runtime_readiness (tests.unit.test_voice_appliance.VoiceTurnTests.test_silence_does_not_drop_wake_runtime_readiness) ... ok
test_transition_announcer_returns_one_priority_message_without_daemon_audio_ownership (tests.unit.test_voice_appliance.VoiceTurnTests.test_transition_announcer_returns_one_priority_message_without_daemon_audio_ownership) ... ok
test_wake_turn_uses_pipelined_standby_and_separate_question_window (tests.unit.test_voice_appliance.VoiceTurnTests.test_wake_turn_uses_pipelined_standby_and_separate_question_window) ... ok
test_alsa_card_parser_and_unique_selector (tests.unit.test_voice_appliance.VoiceWakeTests.test_alsa_card_parser_and_unique_selector) ... ok
test_audio_constructor_defers_physical_route_resolution_until_readiness (tests.unit.test_voice_appliance.VoiceWakeTests.test_audio_constructor_defers_physical_route_resolution_until_readiness) ... ok
test_auto_selector_fails_closed_for_multiple_usb_cards (tests.unit.test_voice_appliance.VoiceWakeTests.test_auto_selector_fails_closed_for_multiple_usb_cards) ... ok
test_auto_selector_prefers_one_usb_card_over_hdmi (tests.unit.test_voice_appliance.VoiceWakeTests.test_auto_selector_prefers_one_usb_card_over_hdmi) ... ok
test_bluetooth_routes_are_used_when_no_wired_route_exists (tests.unit.test_voice_appliance.VoiceWakeTests.test_bluetooth_routes_are_used_when_no_wired_route_exists) ... ok
test_cancelled_capture_does_not_fall_through_to_another_audio_route (tests.unit.test_voice_appliance.VoiceWakeTests.test_cancelled_capture_does_not_fall_through_to_another_audio_route) ... ok
test_capture_falls_through_wired_then_bluetooth_candidates (tests.unit.test_voice_appliance.VoiceWakeTests.test_capture_falls_through_wired_then_bluetooth_candidates) ... ok
test_gonken_default_aliases_match_split_tokens_errors_and_legacy_hey_form (tests.unit.test_voice_appliance.VoiceWakeTests.test_gonken_default_aliases_match_split_tokens_errors_and_legacy_hey_form) ... ok
test_managed_bluetooth_ignores_unrelated_pipewire_endpoint (tests.unit.test_voice_appliance.VoiceWakeTests.test_managed_bluetooth_ignores_unrelated_pipewire_endpoint) ... ok
test_pipewire_usb_outranks_direct_usb_and_bluetooth (tests.unit.test_voice_appliance.VoiceWakeTests.test_pipewire_usb_outranks_direct_usb_and_bluetooth) ... ok
test_processing_cue_plan_cancels_unstarted_cues_when_answer_is_ready (tests.unit.test_voice_appliance.VoiceWakeTests.test_processing_cue_plan_cancels_unstarted_cues_when_answer_is_ready) ... ok
test_rolling_wake_matcher_carries_short_tail_across_capture_windows (tests.unit.test_voice_appliance.VoiceWakeTests.test_rolling_wake_matcher_carries_short_tail_across_capture_windows) ... ok
test_transition_announcement_text_preserves_simulation_and_motion_boundary (tests.unit.test_voice_appliance.VoiceWakeTests.test_transition_announcement_text_preserves_simulation_and_motion_boundary) ... ok
test_wake_capture_pipeline_keeps_capturing_and_drops_stale_backlog (tests.unit.test_voice_appliance.VoiceWakeTests.test_wake_capture_pipeline_keeps_capturing_and_drops_stale_backlog) ... ok
test_wake_phrase_matches_punctuation_and_one_edit_for_long_brand_token (tests.unit.test_voice_appliance.VoiceWakeTests.test_wake_phrase_matches_punctuation_and_one_edit_for_long_brand_token) ... ok
test_wired_routes_outrank_connected_bluetooth_when_both_exist (tests.unit.test_voice_appliance.VoiceWakeTests.test_wired_routes_outrank_connected_bluetooth_when_both_exist) ... ok

----------------------------------------------------------------------
Ran 35 tests in 0.116s

OK
