test_ambiguous_environment_request_clarifies_without_client_or_llm_call (tests.unit.test_v09_environment_voice_intents.ConversationBrainEnvironmentActionTests.test_ambiguous_environment_request_clarifies_without_client_or_llm_call) ... ok
test_daemon_rejection_is_spoken_without_fake_success (tests.unit.test_v09_environment_voice_intents.ConversationBrainEnvironmentActionTests.test_daemon_rejection_is_spoken_without_fake_success) ... ok
test_environment_action_uses_daemon_client_before_llm_and_does_not_add_chat_history (tests.unit.test_v09_environment_voice_intents.ConversationBrainEnvironmentActionTests.test_environment_action_uses_daemon_client_before_llm_and_does_not_add_chat_history) ... ok
test_general_question_still_uses_local_llm_path (tests.unit.test_v09_environment_voice_intents.ConversationBrainEnvironmentActionTests.test_general_question_still_uses_local_llm_path) ... ok
test_policy_update_passes_typed_params_only (tests.unit.test_v09_environment_voice_intents.ConversationBrainEnvironmentActionTests.test_policy_update_passes_typed_params_only) ... ok
test_parser_ignores_general_conversation_and_has_no_hardware_or_shell_surface (tests.unit.test_v09_environment_voice_intents.EnvironmentVoiceIntentParserTests.test_parser_ignores_general_conversation_and_has_no_hardware_or_shell_surface) ... ok
test_parser_maps_clear_actions_and_thresholds_but_clarifies_ambiguous_temperature (tests.unit.test_v09_environment_voice_intents.EnvironmentVoiceIntentParserTests.test_parser_maps_clear_actions_and_thresholds_but_clarifies_ambiguous_temperature) ... ok
test_parser_maps_queries_and_status_to_allowlisted_operations (tests.unit.test_v09_environment_voice_intents.EnvironmentVoiceIntentParserTests.test_parser_maps_queries_and_status_to_allowlisted_operations) ... ok
test_hybrid_voice_wording_identifies_simulated_side (tests.unit.test_v09_environment_voice_intents.EnvironmentVoiceResponseTests.test_hybrid_voice_wording_identifies_simulated_side) ... ok
test_responses_are_derived_from_daemon_results_and_do_not_claim_speed_or_motion (tests.unit.test_v09_environment_voice_intents.EnvironmentVoiceResponseTests.test_responses_are_derived_from_daemon_results_and_do_not_claim_speed_or_motion) ... ok
test_simulation_voice_wording_never_sounds_like_physical_room_or_fan_evidence (tests.unit.test_v09_environment_voice_intents.EnvironmentVoiceResponseTests.test_simulation_voice_wording_never_sounds_like_physical_room_or_fan_evidence) ... ok
test_cli_reports_planned_pause_not_error_when_reboot_is_required (tests.unit.test_v09_i2c_manager.I2CManagerTests.test_cli_reports_planned_pause_not_error_when_reboot_is_required) ... ok
test_enable_accepts_delayed_device_without_reboot (tests.unit.test_v09_i2c_manager.I2CManagerTests.test_enable_accepts_delayed_device_without_reboot) ... ok
test_enable_requires_root_and_never_runs_raspi_config (tests.unit.test_v09_i2c_manager.I2CManagerTests.test_enable_requires_root_and_never_runs_raspi_config) ... ok
test_enable_uses_noninteractive_raspi_config_and_reports_reboot (tests.unit.test_v09_i2c_manager.I2CManagerTests.test_enable_uses_noninteractive_raspi_config_and_reports_reboot) ... ok
test_require_ready_returns_75_without_mutating_system (tests.unit.test_v09_i2c_manager.I2CManagerTests.test_require_ready_returns_75_without_mutating_system) ... [ERROR] code=I2C_NOT_READY message=I2C device/service-user prerequisites are not ready remediation=run sudo i2c_manager.py enable, reboot if requested, then rerun status
ok
test_status_fails_readiness_when_service_user_lacks_i2c (tests.unit.test_v09_i2c_manager.I2CManagerTests.test_status_fails_readiness_when_service_user_lacks_i2c) ... ok
test_status_requires_device_and_service_user_group (tests.unit.test_v09_i2c_manager.I2CManagerTests.test_status_requires_device_and_service_user_group) ... ok
test_status_requires_real_service_context_openability_not_group_name_only (tests.unit.test_v09_i2c_manager.I2CManagerTests.test_status_requires_real_service_context_openability_not_group_name_only) ... ok
test_appliance_readiness_record_is_bound_to_release_commit (tests.unit.test_v09_install_dependency_graph.TargetInstallDependencyGraphTests.test_appliance_readiness_record_is_bound_to_release_commit) ... ok
test_bluetooth_capture_route_is_proven_before_appliance_readiness (tests.unit.test_v09_install_dependency_graph.TargetInstallDependencyGraphTests.test_bluetooth_capture_route_is_proven_before_appliance_readiness) ... ok
test_environment_service_precedes_application_service_and_stays_non_actuating (tests.unit.test_v09_install_dependency_graph.TargetInstallDependencyGraphTests.test_environment_service_precedes_application_service_and_stays_non_actuating) ... ok
test_i2c_planned_pause_is_handled_before_failure_bundle (tests.unit.test_v09_install_dependency_graph.TargetInstallDependencyGraphTests.test_i2c_planned_pause_is_handled_before_failure_bundle) ... ok
test_target_install_dependency_order_is_explicit (tests.unit.test_v09_install_dependency_graph.TargetInstallDependencyGraphTests.test_target_install_dependency_order_is_explicit) ... ok
test_bundle_is_private_allowlisted_and_works_without_active_release (tests.unit.test_v09_installer_failure_bundle.InstallerFailureBundleTests.test_bundle_is_private_allowlisted_and_works_without_active_release) ... ok
test_installer_gates_appliance_readiness_on_runtime_context (tests.unit.test_v09_runtime_context_preflight.RuntimeContextPreflightTests.test_installer_gates_appliance_readiness_on_runtime_context) ... ok
test_missing_runtime_environment_fails_require_ready (tests.unit.test_v09_runtime_context_preflight.RuntimeContextPreflightTests.test_missing_runtime_environment_fails_require_ready) ... [ERROR] code=RUNTIME_CONTEXT_NOT_READY message=service/user-session runtime context is incomplete remediation=rerun service/Bluetooth convergence and inspect the generated runtime environment and user manager
ok
test_pipewire_requirement_checks_user_manager_services_and_pulse (tests.unit.test_v09_runtime_context_preflight.RuntimeContextPreflightTests.test_pipewire_requirement_checks_user_manager_services_and_pulse) ... ok
test_service_unit_contract_preserves_environment_independence (tests.unit.test_v09_runtime_context_preflight.RuntimeContextPreflightTests.test_service_unit_contract_preserves_environment_independence) ... ok
test_structural_context_can_be_ready_without_claiming_physical_audio (tests.unit.test_v09_runtime_context_preflight.RuntimeContextPreflightTests.test_structural_context_can_be_ready_without_claiming_physical_audio) ... ok
test_campaign_reports_every_invalid_read_and_never_claims_physical_acceptance (tests.unit.test_v09_sht31_diagnostic.SHT31DiagnosticTests.test_campaign_reports_every_invalid_read_and_never_claims_physical_acceptance) ... ok
test_campaign_turns_heater_off_before_room_monitoring (tests.unit.test_v09_sht31_diagnostic.SHT31DiagnosticTests.test_campaign_turns_heater_off_before_room_monitoring) ... ok
test_discover_accepts_exactly_one_valid_supported_address (tests.unit.test_v09_sht31_diagnostic.SHT31DiagnosticTests.test_discover_accepts_exactly_one_valid_supported_address) ... ok
test_discover_rejects_ambiguous_two_sensor_result (tests.unit.test_v09_sht31_diagnostic.SHT31DiagnosticTests.test_discover_rejects_ambiguous_two_sensor_result) ... ok
test_discover_rejects_no_valid_sensor (tests.unit.test_v09_sht31_diagnostic.SHT31DiagnosticTests.test_discover_rejects_no_valid_sensor) ... ok
test_json_output_is_bounded_and_marks_acceptance_false (tests.unit.test_v09_sht31_diagnostic.SHT31DiagnosticTests.test_json_output_is_bounded_and_marks_acceptance_false) ... ok
test_usage_rejects_unsupported_address_without_opening_sensor (tests.unit.test_v09_sht31_diagnostic.SHT31DiagnosticTests.test_usage_rejects_unsupported_address_without_opening_sensor) ... ok
test_atomic_output_is_private_machine_readable_and_replaced (tests.unit.test_v09_target_preflight.TargetPreflightTests.test_atomic_output_is_private_machine_readable_and_replaced) ... ok
test_identity_phase_includes_operator_without_granting_raw_gpio_or_i2c (tests.unit.test_v09_target_preflight.TargetPreflightTests.test_identity_phase_includes_operator_without_granting_raw_gpio_or_i2c) ... ok
test_optional_i2c_gap_does_not_fail_generic_prerequisite_report (tests.unit.test_v09_target_preflight.TargetPreflightTests.test_optional_i2c_gap_does_not_fail_generic_prerequisite_report) ... ok
test_required_failure_fails_closed (tests.unit.test_v09_target_preflight.TargetPreflightTests.test_required_failure_fails_closed) ... ok
test_false_physical_claim_is_rejected (tests.unit.test_v09_user_test_readiness.UserTestReadinessValidationTests.test_false_physical_claim_is_rejected) ... ok
test_missing_required_simulation_step_is_rejected (tests.unit.test_v09_user_test_readiness.UserTestReadinessValidationTests.test_missing_required_simulation_step_is_rejected) ... ok
test_unknown_manifest_commit_is_rejected_when_repository_commit_is_known (tests.unit.test_v09_user_test_readiness.UserTestReadinessValidationTests.test_unknown_manifest_commit_is_rejected_when_repository_commit_is_known) ... ok
test_valid_simulation_manifest_keeps_physical_gates_open (tests.unit.test_v09_user_test_readiness.UserTestReadinessValidationTests.test_valid_simulation_manifest_keeps_physical_gates_open) ... ok
test_wrong_commit_is_rejected (tests.unit.test_v09_user_test_readiness.UserTestReadinessValidationTests.test_wrong_commit_is_rejected) ... ok
test_brain_probe_warms_inference_without_adding_history (tests.unit.test_voice_appliance.ConversationContractTests.test_brain_probe_warms_inference_without_adding_history) ... ok
test_plain_chat_disables_thinking_without_json_format (tests.unit.test_voice_appliance.ConversationContractTests.test_plain_chat_disables_thinking_without_json_format) ... ok
test_runtime_release_commit_is_derived_only_from_immutable_release_path (tests.unit.test_voice_appliance.RuntimeIdentityTests.test_runtime_release_commit_is_derived_only_from_immutable_release_path) ... ok
test_one_turn_is_capture_transcribe_generate_speak_without_persistence (tests.unit.test_voice_appliance.VoiceTurnTests.test_one_turn_is_capture_transcribe_generate_speak_without_persistence) ... ok
test_ready_is_published_only_after_real_ready_announcement_playback (tests.unit.test_voice_appliance.VoiceTurnTests.test_ready_is_published_only_after_real_ready_announcement_playback) ... ok
test_silence_does_not_drop_wake_runtime_readiness (tests.unit.test_voice_appliance.VoiceTurnTests.test_silence_does_not_drop_wake_runtime_readiness) ... ok
test_transition_announcer_returns_one_priority_message_without_daemon_audio_ownership (tests.unit.test_voice_appliance.VoiceTurnTests.test_transition_announcer_returns_one_priority_message_without_daemon_audio_ownership) ... ok
test_wake_turn_uses_pipelined_standby_and_separate_question_window (tests.unit.test_voice_appliance.VoiceTurnTests.test_wake_turn_uses_pipelined_standby_and_separate_question_window) ... ok
test_alsa_card_parser_and_unique_selector (tests.unit.test_voice_appliance.VoiceWakeTests.test_alsa_card_parser_and_unique_selector) ... ok
test_audio_constructor_defers_physical_route_resolution_until_readiness (tests.unit.test_voice_appliance.VoiceWakeTests.test_audio_constructor_defers_physical_route_resolution_until_readiness) ... ok
test_auto_selector_fails_closed_for_multiple_usb_cards (tests.unit.test_voice_appliance.VoiceWakeTests.test_auto_selector_fails_closed_for_multiple_usb_cards) ... ok
test_auto_selector_prefers_one_usb_card_over_hdmi (tests.unit.test_voice_appliance.VoiceWakeTests.test_auto_selector_prefers_one_usb_card_over_hdmi) ... ok
test_bluetooth_routes_are_used_when_no_wired_route_exists (tests.unit.test_voice_appliance.VoiceWakeTests.test_bluetooth_routes_are_used_when_no_wired_route_exists) ... ok
test_cancelled_capture_does_not_fall_through_to_another_audio_route (tests.unit.test_voice_appliance.VoiceWakeTests.test_cancelled_capture_does_not_fall_through_to_another_audio_route) ... ok
test_capture_falls_through_wired_then_bluetooth_candidates (tests.unit.test_voice_appliance.VoiceWakeTests.test_capture_falls_through_wired_then_bluetooth_candidates) ... ok
test_gonken_default_aliases_match_split_tokens_errors_and_legacy_hey_form (tests.unit.test_voice_appliance.VoiceWakeTests.test_gonken_default_aliases_match_split_tokens_errors_and_legacy_hey_form) ... ok
test_managed_bluetooth_ignores_unrelated_pipewire_endpoint (tests.unit.test_voice_appliance.VoiceWakeTests.test_managed_bluetooth_ignores_unrelated_pipewire_endpoint) ... ok
test_pipewire_usb_outranks_direct_usb_and_bluetooth (tests.unit.test_voice_appliance.VoiceWakeTests.test_pipewire_usb_outranks_direct_usb_and_bluetooth) ... ok
test_processing_cue_plan_cancels_unstarted_cues_when_answer_is_ready (tests.unit.test_voice_appliance.VoiceWakeTests.test_processing_cue_plan_cancels_unstarted_cues_when_answer_is_ready) ... ok
test_rolling_wake_matcher_carries_short_tail_across_capture_windows (tests.unit.test_voice_appliance.VoiceWakeTests.test_rolling_wake_matcher_carries_short_tail_across_capture_windows) ... ok
test_transition_announcement_text_preserves_simulation_and_motion_boundary (tests.unit.test_voice_appliance.VoiceWakeTests.test_transition_announcement_text_preserves_simulation_and_motion_boundary) ... ok
test_wake_capture_pipeline_keeps_capturing_and_drops_stale_backlog (tests.unit.test_voice_appliance.VoiceWakeTests.test_wake_capture_pipeline_keeps_capturing_and_drops_stale_backlog) ... ok
test_wake_phrase_matches_punctuation_and_one_edit_for_long_brand_token (tests.unit.test_voice_appliance.VoiceWakeTests.test_wake_phrase_matches_punctuation_and_one_edit_for_long_brand_token) ... ok
test_wired_routes_outrank_connected_bluetooth_when_both_exist (tests.unit.test_voice_appliance.VoiceWakeTests.test_wired_routes_outrank_connected_bluetooth_when_both_exist) ... ok
test_autoconnect_status_detects_managed_template_drift (tests.unit.test_x4_bluetooth_manager.BluetoothManagerTests.test_autoconnect_status_detects_managed_template_drift) ... ok
test_autoconnect_unit_is_bounded_to_one_managed_record (tests.unit.test_x4_bluetooth_manager.BluetoothManagerTests.test_autoconnect_unit_is_bounded_to_one_managed_record) ... ok
test_connected_headset_status_allows_capture_to_be_proven_by_appliance_gate (tests.unit.test_x4_bluetooth_manager.BluetoothManagerTests.test_connected_headset_status_allows_capture_to_be_proven_by_appliance_gate) ... ok
test_connected_headset_status_fails_early_without_any_capture_route (tests.unit.test_x4_bluetooth_manager.BluetoothManagerTests.test_connected_headset_status_fails_early_without_any_capture_route) ... ok
test_device_record_round_trip_is_closed_schema (tests.unit.test_x4_bluetooth_manager.BluetoothManagerTests.test_device_record_round_trip_is_closed_schema) ... ok
test_direct_capture_fallback_prefers_one_usb_card_and_ignores_hdmi (tests.unit.test_x4_bluetooth_manager.BluetoothManagerTests.test_direct_capture_fallback_prefers_one_usb_card_and_ignores_hdmi) ... ok
test_direct_capture_fallback_refuses_ambiguous_usb_cards (tests.unit.test_x4_bluetooth_manager.BluetoothManagerTests.test_direct_capture_fallback_refuses_ambiguous_usb_cards) ... ok
test_exact_mac_reuses_known_audio_identity_before_scanning (tests.unit.test_x4_bluetooth_manager.BluetoothManagerTests.test_exact_mac_reuses_known_audio_identity_before_scanning) ... [PAUSED] code=I2C_REBOOT_REQUIRED configured=true device_exists=false action=reboot_then_resume_same_installer
[OK] code=I2C_STATUS status=NOT_READY device_exists=false user_i2c_group=true service_user_can_open=false
[OK] code=RUNTIME_CONTEXT status=NOT_READY user=gonken-agent runtime_env=false runtime_dir=false linger=false user_manager=false pipewire_required=false physical_audio_claimed=false
[OK] code=BLUETOOTH_AUDIO_STATUS state=connected output_nodes=1 input_nodes=0
[FOUND] code=BLUETOOTH_DEVICE_KNOWN address=AA:BB:CC:DD:EE:FF name=Known Headset paired=true
ok
test_fix6_pairing_step_revalidates_connected_output_route (tests.unit.test_x4_bluetooth_manager.BluetoothManagerTests.test_fix6_pairing_step_revalidates_connected_output_route) ... ok
test_headless_wireplumber_fragment_disables_logind_seat_monitoring (tests.unit.test_x4_bluetooth_manager.BluetoothManagerTests.test_headless_wireplumber_fragment_disables_logind_seat_monitoring) ... ok
test_headset_profile_prefers_available_msbc_capture_profile (tests.unit.test_x4_bluetooth_manager.BluetoothManagerTests.test_headset_profile_prefers_available_msbc_capture_profile) ... ok
test_installer_explicitly_provisions_pipewire_bluetooth_plugin (tests.unit.test_x4_bluetooth_manager.BluetoothManagerTests.test_installer_explicitly_provisions_pipewire_bluetooth_plugin) ... ok
test_known_fix4_autoconnect_unit_is_upgraded_exactly (tests.unit.test_x4_bluetooth_manager.BluetoothManagerTests.test_known_fix4_autoconnect_unit_is_upgraded_exactly) ... ok
test_pairing_allows_output_only_headset_for_direct_microphone_fallback (tests.unit.test_x4_bluetooth_manager.BluetoothManagerTests.test_pairing_allows_output_only_headset_for_direct_microphone_fallback) ... [OK] code=BLUETOOTH_AUTOCONNECT_MANAGED_UPGRADE path=/tmp/tmpa4xueprh/gonken-bluetooth-autoconnect.service
[OK] code=BLUETOOTH_AUTOCONNECT_INSTALLED
[RUNNING] code=BLUETOOTH_PAIR address=AA:BB:CC:DD:EE:FF name=Lab Headset
[OK] code=BLUETOOTH_AUDIO_PAIRED address=AA:BB:CC:DD:EE:FF name=Lab Headset output=ready microphone=direct_ready:plughw:CARD=Mic,DEV=0
ok
test_pairing_fails_early_when_headset_has_no_capture_route (tests.unit.test_x4_bluetooth_manager.BluetoothManagerTests.test_pairing_fails_early_when_headset_has_no_capture_route) ... [RUNNING] code=BLUETOOTH_PAIR address=AA:BB:CC:DD:EE:FF name=Lab Headset
ok
test_pairing_requires_verified_paired_trusted_connected_state (tests.unit.test_x4_bluetooth_manager.BluetoothManagerTests.test_pairing_requires_verified_paired_trusted_connected_state) ... [RUNNING] code=BLUETOOTH_PAIR address=AA:BB:CC:DD:EE:FF name=Lab Headset
[OK] code=BLUETOOTH_AUDIO_PAIRED address=AA:BB:CC:DD:EE:FF name=Lab Headset output=ready microphone=bluetooth_ready
ok
test_parse_capture_cards_matches_voice_runtime_alsa_identity (tests.unit.test_x4_bluetooth_manager.BluetoothManagerTests.test_parse_capture_cards_matches_voice_runtime_alsa_identity) ... ok
test_parse_devices_is_bounded_to_valid_mac_and_single_line_name (tests.unit.test_x4_bluetooth_manager.BluetoothManagerTests.test_parse_devices_is_bounded_to_valid_mac_and_single_line_name) ... ok
test_parse_info_distinguishes_output_and_headset_capability (tests.unit.test_x4_bluetooth_manager.BluetoothManagerTests.test_parse_info_distinguishes_output_and_headset_capability) ... ok
test_stack_status_requires_unblocked_powered_controller (tests.unit.test_x4_bluetooth_manager.BluetoothManagerTests.test_stack_status_requires_unblocked_powered_controller) ... ok

----------------------------------------------------------------------
Ran 90 tests in 0.131s

OK
