test_complete_general_inline_question_does_not_wait_for_second_capture (test_b15_capture_repair.CaptureRepairTests.test_complete_general_inline_question_does_not_wait_for_second_capture) ... ok
test_empty_and_odd_pcm_never_become_valid_wav (test_b15_capture_repair.CaptureRepairTests.test_empty_and_odd_pcm_never_become_valid_wav) ... ok
test_nonzero_device_error_not_hidden_by_existing_pcm (test_b15_capture_repair.CaptureRepairTests.test_nonzero_device_error_not_hidden_by_existing_pcm) ... ok
test_recovery_does_not_repeat_startup_announcement (test_b15_capture_repair.CaptureRepairTests.test_recovery_does_not_repeat_startup_announcement) ... ok
test_short_announcements_and_error_truth (test_b15_capture_repair.CaptureRepairTests.test_short_announcements_and_error_truth) ... ok
test_stale_recorder_header_reproduction_then_owned_pcm_finalization (test_b15_capture_repair.CaptureRepairTests.test_stale_recorder_header_reproduction_then_owned_pcm_finalization) ... ok
test_cancel_discards_pending_audio (test_b15_streaming_wake.PipelineTests.test_cancel_discards_pending_audio) ... ok
test_one_stream_to_full_wav_and_close_before_publish (test_b15_streaming_wake.PipelineTests.test_one_stream_to_full_wav_and_close_before_publish) ... ok
test_stream_failure_propagates_without_ready_event (test_b15_streaming_wake.PipelineTests.test_stream_failure_propagates_without_ready_event) ... ok
test_command_numbers_are_not_destroyed_by_wake_stripping (test_b15_streaming_wake.SegmenterTests.test_command_numbers_are_not_destroyed_by_wake_stripping) ... ok
test_full_inline_sentence_not_cut_at_old_two_second_boundary (test_b15_streaming_wake.SegmenterTests.test_full_inline_sentence_not_cut_at_old_two_second_boundary) ... ok
test_idle_silence_is_bounded_and_never_a_whisper_window (test_b15_streaming_wake.SegmenterTests.test_idle_silence_is_bounded_and_never_a_whisper_window) ... ok
test_invalid_bounds_and_partial_frames_rejected (test_b15_streaming_wake.SegmenterTests.test_invalid_bounds_and_partial_frames_rejected) ... ok
test_keyword_only_vs_inline_activity (test_b15_streaming_wake.SegmenterTests.test_keyword_only_vs_inline_activity) ... ok
test_never_execute_a_maximum_length_partial_sentence (test_b15_streaming_wake.SegmenterTests.test_never_execute_a_maximum_length_partial_sentence) ... ok
test_noisy_impulse_does_not_create_a_command (test_b15_streaming_wake.SegmenterTests.test_noisy_impulse_does_not_create_a_command) ... ok
test_short_pause_preserves_delayed_action_qualifier (test_b15_streaming_wake.SegmenterTests.test_short_pause_preserves_delayed_action_qualifier) ... ok
test_background_speech_ignored_without_wake (test_b15_streaming_wake.StreamingConversationTests.test_background_speech_ignored_without_wake) ... ok
test_inline_general_question_no_unnecessary_capture (test_b15_streaming_wake.StreamingConversationTests.test_inline_general_question_no_unnecessary_capture) ... ok
test_inline_temperature_no_yes_no_second_capture (test_b15_streaming_wake.StreamingConversationTests.test_inline_temperature_no_yes_no_second_capture) ... ok
test_keyword_only_fast_yes_then_command (test_b15_streaming_wake.StreamingConversationTests.test_keyword_only_fast_yes_then_command) ... ok
test_native_false_attention_cannot_route_wakeless_inline_command (test_b15_streaming_wake.StreamingConversationTests.test_native_false_attention_cannot_route_wakeless_inline_command) ... ok
test_native_miss_uses_complete_utterance_fallback_not_new_capture (test_b15_streaming_wake.StreamingConversationTests.test_native_miss_uses_complete_utterance_fallback_not_new_capture) ... ok
test_truncated_delayed_command_never_executed (test_b15_streaming_wake.StreamingConversationTests.test_truncated_delayed_command_never_executed) ... ok
test_bad_backend_and_threshold_rejected (test_b15_streaming_wake.WakeConfigurationTests.test_bad_backend_and_threshold_rejected) ... ok
test_default_and_legacy_migration (test_b15_streaming_wake.WakeConfigurationTests.test_default_and_legacy_migration) ... ok
test_invalid_unbounded_or_nonfinite_values_omitted (test_b15_voice_diagnostics.VoiceDiagnosticsTests.test_invalid_unbounded_or_nonfinite_values_omitted) ... ok
test_metrics_preserve_latency_not_private_content (test_b15_voice_diagnostics.VoiceDiagnosticsTests.test_metrics_preserve_latency_not_private_content) ... ok
test_missing_native_dependency_not_an_infinite_recoverable_start (test_b15_voice_diagnostics.VoiceDiagnosticsTests.test_missing_native_dependency_not_an_infinite_recoverable_start) ... ok
test_support_owns_a_bounded_content_free_metrics_list (test_b15_voice_diagnostics.VoiceDiagnosticsTests.test_support_owns_a_bounded_content_free_metrics_list) ... ok

----------------------------------------------------------------------
Ran 30 tests in 0.191s

OK
