test_cancel_discards_pending_audio (tests.unit.test_b15_streaming_wake.PipelineTests.test_cancel_discards_pending_audio) ... ok
test_one_stream_to_full_wav_and_close_before_publish (tests.unit.test_b15_streaming_wake.PipelineTests.test_one_stream_to_full_wav_and_close_before_publish) ... ok
test_stream_failure_propagates_without_ready_event (tests.unit.test_b15_streaming_wake.PipelineTests.test_stream_failure_propagates_without_ready_event) ... ok
test_command_numbers_are_not_destroyed_by_wake_stripping (tests.unit.test_b15_streaming_wake.SegmenterTests.test_command_numbers_are_not_destroyed_by_wake_stripping) ... ok
test_full_inline_sentence_not_cut_at_old_two_second_boundary (tests.unit.test_b15_streaming_wake.SegmenterTests.test_full_inline_sentence_not_cut_at_old_two_second_boundary) ... ok
test_idle_silence_is_bounded_and_never_a_whisper_window (tests.unit.test_b15_streaming_wake.SegmenterTests.test_idle_silence_is_bounded_and_never_a_whisper_window) ... ok
test_invalid_bounds_and_partial_frames_rejected (tests.unit.test_b15_streaming_wake.SegmenterTests.test_invalid_bounds_and_partial_frames_rejected) ... ok
test_keyword_only_vs_inline_activity (tests.unit.test_b15_streaming_wake.SegmenterTests.test_keyword_only_vs_inline_activity) ... ok
test_never_execute_a_maximum_length_partial_sentence (tests.unit.test_b15_streaming_wake.SegmenterTests.test_never_execute_a_maximum_length_partial_sentence) ... ok
test_noisy_impulse_does_not_create_a_command (tests.unit.test_b15_streaming_wake.SegmenterTests.test_noisy_impulse_does_not_create_a_command) ... ok
test_short_pause_preserves_delayed_action_qualifier (tests.unit.test_b15_streaming_wake.SegmenterTests.test_short_pause_preserves_delayed_action_qualifier) ... ok
test_background_speech_ignored_without_wake (tests.unit.test_b15_streaming_wake.StreamingConversationTests.test_background_speech_ignored_without_wake) ... ok
test_inline_general_question_no_unnecessary_capture (tests.unit.test_b15_streaming_wake.StreamingConversationTests.test_inline_general_question_no_unnecessary_capture) ... ok
test_inline_temperature_no_yes_no_second_capture (tests.unit.test_b15_streaming_wake.StreamingConversationTests.test_inline_temperature_no_yes_no_second_capture) ... ok
test_keyword_only_fast_yes_then_command (tests.unit.test_b15_streaming_wake.StreamingConversationTests.test_keyword_only_fast_yes_then_command) ... ok
test_native_false_attention_cannot_route_wakeless_inline_command (tests.unit.test_b15_streaming_wake.StreamingConversationTests.test_native_false_attention_cannot_route_wakeless_inline_command) ... ok
test_native_miss_uses_complete_utterance_fallback_not_new_capture (tests.unit.test_b15_streaming_wake.StreamingConversationTests.test_native_miss_uses_complete_utterance_fallback_not_new_capture) ... ok
test_stop_failure_cleans_consumer_owned_audio_without_routing (tests.unit.test_b15_streaming_wake.StreamingConversationTests.test_stop_failure_cleans_consumer_owned_audio_without_routing) ... ok
test_truncated_delayed_command_never_executed (tests.unit.test_b15_streaming_wake.StreamingConversationTests.test_truncated_delayed_command_never_executed) ... ok
test_bad_backend_and_threshold_rejected (tests.unit.test_b15_streaming_wake.WakeConfigurationTests.test_bad_backend_and_threshold_rejected) ... ok
test_default_and_legacy_migration (tests.unit.test_b15_streaming_wake.WakeConfigurationTests.test_default_and_legacy_migration) ... ok
test_complete_general_inline_question_does_not_wait_for_second_capture (tests.unit.test_b15_capture_repair.CaptureRepairTests.test_complete_general_inline_question_does_not_wait_for_second_capture) ... ok
test_empty_and_odd_pcm_never_become_valid_wav (tests.unit.test_b15_capture_repair.CaptureRepairTests.test_empty_and_odd_pcm_never_become_valid_wav) ... ok
test_nonzero_device_error_not_hidden_by_existing_pcm (tests.unit.test_b15_capture_repair.CaptureRepairTests.test_nonzero_device_error_not_hidden_by_existing_pcm) ... ok
test_recovery_does_not_repeat_startup_announcement (tests.unit.test_b15_capture_repair.CaptureRepairTests.test_recovery_does_not_repeat_startup_announcement) ... ok
test_short_announcements_and_error_truth (tests.unit.test_b15_capture_repair.CaptureRepairTests.test_short_announcements_and_error_truth) ... ok
test_stale_recorder_header_reproduction_then_owned_pcm_finalization (tests.unit.test_b15_capture_repair.CaptureRepairTests.test_stale_recorder_header_reproduction_then_owned_pcm_finalization) ... ok
test_brain_probe_warms_inference_without_adding_history (tests.unit.test_voice_appliance.ConversationContractTests.test_brain_probe_warms_inference_without_adding_history) ... ok
test_plain_chat_disables_thinking_without_json_format (tests.unit.test_voice_appliance.ConversationContractTests.test_plain_chat_disables_thinking_without_json_format) ... ok
test_one_turn_is_capture_transcribe_generate_speak_without_persistence (tests.unit.test_voice_appliance.VoiceTurnTests.test_one_turn_is_capture_transcribe_generate_speak_without_persistence) ... ok
test_ready_is_published_only_after_real_ready_announcement_playback (tests.unit.test_voice_appliance.VoiceTurnTests.test_ready_is_published_only_after_real_ready_announcement_playback) ... ok
test_silence_does_not_drop_wake_runtime_readiness (tests.unit.test_voice_appliance.VoiceTurnTests.test_silence_does_not_drop_wake_runtime_readiness) ... ok
test_transition_announcer_returns_one_priority_message_without_daemon_audio_ownership (tests.unit.test_voice_appliance.VoiceTurnTests.test_transition_announcer_returns_one_priority_message_without_daemon_audio_ownership) ... ok
test_wake_turn_uses_pipelined_standby_and_separate_question_window (tests.unit.test_voice_appliance.VoiceTurnTests.test_wake_turn_uses_pipelined_standby_and_separate_question_window) ... ok
test_alsa_card_parser_and_unique_selector (tests.unit.test_voice_appliance.VoiceWakeTests.test_alsa_card_parser_and_unique_selector) ... ok
test_audio_constructor_defers_physical_route_resolution_until_readiness (tests.unit.test_voice_appliance.VoiceWakeTests.test_audio_constructor_defers_physical_route_resolution_until_readiness) ... ok
test_audio_failure_classifier_preserves_actionable_reason_classes (tests.unit.test_voice_appliance.VoiceWakeTests.test_audio_failure_classifier_preserves_actionable_reason_classes) ... ok
test_auto_selector_fails_closed_for_multiple_usb_cards (tests.unit.test_voice_appliance.VoiceWakeTests.test_auto_selector_fails_closed_for_multiple_usb_cards) ... ok
test_auto_selector_prefers_one_usb_card_over_hdmi (tests.unit.test_voice_appliance.VoiceWakeTests.test_auto_selector_prefers_one_usb_card_over_hdmi) ... ok
test_bluetooth_routes_are_used_when_no_wired_route_exists (tests.unit.test_voice_appliance.VoiceWakeTests.test_bluetooth_routes_are_used_when_no_wired_route_exists) ... ok
test_cancelled_capture_does_not_fall_through_to_another_audio_route (tests.unit.test_voice_appliance.VoiceWakeTests.test_cancelled_capture_does_not_fall_through_to_another_audio_route) ... ok
test_capture_falls_through_wired_then_bluetooth_candidates (tests.unit.test_voice_appliance.VoiceWakeTests.test_capture_falls_through_wired_then_bluetooth_candidates) ... ok
test_gonken_default_aliases_match_split_tokens_errors_and_legacy_hey_form (tests.unit.test_voice_appliance.VoiceWakeTests.test_gonken_default_aliases_match_split_tokens_errors_and_legacy_hey_form) ... ok
test_managed_bluetooth_ignores_unrelated_pipewire_endpoint (tests.unit.test_voice_appliance.VoiceWakeTests.test_managed_bluetooth_ignores_unrelated_pipewire_endpoint) ... ok
test_pipewire_usb_outranks_direct_usb_and_bluetooth (tests.unit.test_voice_appliance.VoiceWakeTests.test_pipewire_usb_outranks_direct_usb_and_bluetooth) ... ok
test_processing_cue_plan_cancels_unstarted_cues_when_answer_is_ready (tests.unit.test_voice_appliance.VoiceWakeTests.test_processing_cue_plan_cancels_unstarted_cues_when_answer_is_ready) ... ok
test_pulse_capture_uses_raw_pcm_then_owns_wav_finalization (tests.unit.test_voice_appliance.VoiceWakeTests.test_pulse_capture_uses_raw_pcm_then_owns_wav_finalization) ... ok
test_raw_pcm_wrapper_produces_canonical_mono_s16_wav (tests.unit.test_voice_appliance.VoiceWakeTests.test_raw_pcm_wrapper_produces_canonical_mono_s16_wav) ... ok
test_rolling_wake_matcher_carries_short_tail_across_capture_windows (tests.unit.test_voice_appliance.VoiceWakeTests.test_rolling_wake_matcher_carries_short_tail_across_capture_windows) ... ok
test_transition_announcement_text_preserves_simulation_and_motion_boundary (tests.unit.test_voice_appliance.VoiceWakeTests.test_transition_announcement_text_preserves_simulation_and_motion_boundary) ... ok
test_wake_capture_pipeline_keeps_capturing_and_drops_stale_backlog (tests.unit.test_voice_appliance.VoiceWakeTests.test_wake_capture_pipeline_keeps_capturing_and_drops_stale_backlog) ... ok
test_wake_phrase_matches_punctuation_and_one_edit_for_long_brand_token (tests.unit.test_voice_appliance.VoiceWakeTests.test_wake_phrase_matches_punctuation_and_one_edit_for_long_brand_token) ... ok
test_wired_routes_outrank_connected_bluetooth_when_both_exist (tests.unit.test_voice_appliance.VoiceWakeTests.test_wired_routes_outrank_connected_bluetooth_when_both_exist) ... ok

----------------------------------------------------------------------
Ran 53 tests in 0.348s

OK
