test_daemon_rejection_is_reported_without_fake_success (tests.unit.test_v09_environment_cli.EnvironmentCliTests.test_daemon_rejection_is_reported_without_fake_success) ... ok
test_env_serve_disabled_exits_without_fake_hardware (tests.unit.test_v09_environment_cli.EnvironmentCliTests.test_env_serve_disabled_exits_without_fake_hardware) ... ok
test_env_serve_enabled_check_builds_without_hardware_evidence_or_socket_loop (tests.unit.test_v09_environment_cli.EnvironmentCliTests.test_env_serve_enabled_check_builds_without_hardware_evidence_or_socket_loop) ... ok
test_fan_mode_and_policy_mutations_pass_typed_arguments_only (tests.unit.test_v09_environment_cli.EnvironmentCliTests.test_fan_mode_and_policy_mutations_pass_typed_arguments_only) ... ok
test_policy_set_without_fields_fails_before_daemon_call (tests.unit.test_v09_environment_cli.EnvironmentCliTests.test_policy_set_without_fields_fails_before_daemon_call) ... ok
test_policy_show_health_and_probe_are_non_mutating_client_calls (tests.unit.test_v09_environment_cli.EnvironmentCliTests.test_policy_show_health_and_probe_are_non_mutating_client_calls) ... ok
test_status_json_uses_ipc_client_and_reports_no_physical_evidence (tests.unit.test_v09_environment_cli.EnvironmentCliTests.test_status_json_uses_ipc_client_and_reports_no_physical_evidence) ... ok
test_temperature_and_humidity_commands_read_sensor_once (tests.unit.test_v09_environment_cli.EnvironmentCliTests.test_temperature_and_humidity_commands_read_sensor_once) ... ok
test_watch_reads_sensor_repeatedly_without_mutating_policy_or_hardware (tests.unit.test_v09_environment_cli.EnvironmentCliTests.test_watch_reads_sensor_repeatedly_without_mutating_policy_or_hardware) ... ok
test_ambiguous_environment_request_clarifies_without_client_or_llm_call (tests.unit.test_v09_environment_voice_intents.ConversationBrainEnvironmentActionTests.test_ambiguous_environment_request_clarifies_without_client_or_llm_call) ... ok
test_daemon_rejection_is_spoken_without_fake_success (tests.unit.test_v09_environment_voice_intents.ConversationBrainEnvironmentActionTests.test_daemon_rejection_is_spoken_without_fake_success) ... ok
test_environment_action_uses_daemon_client_before_llm_and_does_not_add_chat_history (tests.unit.test_v09_environment_voice_intents.ConversationBrainEnvironmentActionTests.test_environment_action_uses_daemon_client_before_llm_and_does_not_add_chat_history) ... ok
test_general_question_still_uses_local_llm_path (tests.unit.test_v09_environment_voice_intents.ConversationBrainEnvironmentActionTests.test_general_question_still_uses_local_llm_path) ... ok
test_policy_update_passes_typed_params_only (tests.unit.test_v09_environment_voice_intents.ConversationBrainEnvironmentActionTests.test_policy_update_passes_typed_params_only) ... ok
test_parser_ignores_general_conversation_and_has_no_hardware_or_shell_surface (tests.unit.test_v09_environment_voice_intents.EnvironmentVoiceIntentParserTests.test_parser_ignores_general_conversation_and_has_no_hardware_or_shell_surface) ... ok
test_parser_maps_clear_actions_and_thresholds_but_clarifies_ambiguous_temperature (tests.unit.test_v09_environment_voice_intents.EnvironmentVoiceIntentParserTests.test_parser_maps_clear_actions_and_thresholds_but_clarifies_ambiguous_temperature) ... ok
test_parser_maps_queries_and_status_to_allowlisted_operations (tests.unit.test_v09_environment_voice_intents.EnvironmentVoiceIntentParserTests.test_parser_maps_queries_and_status_to_allowlisted_operations) ... ok
test_responses_are_derived_from_daemon_results_and_do_not_claim_speed_or_motion (tests.unit.test_v09_environment_voice_intents.EnvironmentVoiceResponseTests.test_responses_are_derived_from_daemon_results_and_do_not_claim_speed_or_motion) ... ok
test_auto_forces_safe_off_on_stale_sensor_and_requires_recovery_sequence (tests.unit.test_v09_environment_controller.EnvironmentControllerTests.test_auto_forces_safe_off_on_stale_sensor_and_requires_recovery_sequence) ... ok
test_automatic_uses_recovery_samples_hysteresis_and_dwell (tests.unit.test_v09_environment_controller.EnvironmentControllerTests.test_automatic_uses_recovery_samples_hysteresis_and_dwell) ... ok
test_controller_is_pure_and_boots_safe_off (tests.unit.test_v09_environment_controller.EnvironmentControllerTests.test_controller_is_pure_and_boots_safe_off) ... ok
test_disabled_mode_rejects_on_and_keeps_safe_off (tests.unit.test_v09_environment_controller.EnvironmentControllerTests.test_disabled_mode_rejects_on_and_keeps_safe_off) ... ok
test_generic_on_or_off_in_auto_switches_to_manual_with_actual_state (tests.unit.test_v09_environment_controller.EnvironmentControllerTests.test_generic_on_or_off_in_auto_switches_to_manual_with_actual_state) ... ok
test_manual_keeps_deliberate_actuator_state_independent_of_sensor_failure (tests.unit.test_v09_environment_controller.EnvironmentControllerTests.test_manual_keeps_deliberate_actuator_state_independent_of_sensor_failure) ... ok
test_policy_update_can_stop_running_auto_fan_without_auto_starting_semi (tests.unit.test_v09_environment_controller.EnvironmentControllerTests.test_policy_update_can_stop_running_auto_fan_without_auto_starting_semi) ... ok
test_semi_automatic_never_auto_starts_but_auto_stops_after_user_start (tests.unit.test_v09_environment_controller.EnvironmentControllerTests.test_semi_automatic_never_auto_starts_but_auto_stops_after_user_start) ... ok
test_background_polling_loop_is_bounded_and_stoppable (tests.unit.test_v09_environment_polling_loop.EnvironmentPollingLoopTests.test_background_polling_loop_is_bounded_and_stoppable) ... ok
test_environment_daemon_from_config_attaches_polling_loop_without_physical_evidence (tests.unit.test_v09_environment_polling_loop.EnvironmentPollingLoopTests.test_environment_daemon_from_config_attaches_polling_loop_without_physical_evidence) ... ok
test_poll_once_converts_sensor_exception_to_degraded_safe_off (tests.unit.test_v09_environment_polling_loop.EnvironmentPollingLoopTests.test_poll_once_converts_sensor_exception_to_degraded_safe_off) ... ok
test_poll_once_reads_sensor_and_applies_auto_transition (tests.unit.test_v09_environment_polling_loop.EnvironmentPollingLoopTests.test_poll_once_reads_sensor_and_applies_auto_transition) ... ok
test_poll_once_records_actuator_error_without_killing_daemon_path (tests.unit.test_v09_environment_polling_loop.EnvironmentPollingLoopTests.test_poll_once_records_actuator_error_without_killing_daemon_path) ... ok
test_brain_probe_warms_inference_without_adding_history (tests.unit.test_voice_appliance.ConversationContractTests.test_brain_probe_warms_inference_without_adding_history) ... ok
test_plain_chat_disables_thinking_without_json_format (tests.unit.test_voice_appliance.ConversationContractTests.test_plain_chat_disables_thinking_without_json_format) ... ok
test_one_turn_is_capture_transcribe_generate_speak_without_persistence (tests.unit.test_voice_appliance.VoiceTurnTests.test_one_turn_is_capture_transcribe_generate_speak_without_persistence) ... ok
test_ready_is_published_only_after_real_ready_announcement_playback (tests.unit.test_voice_appliance.VoiceTurnTests.test_ready_is_published_only_after_real_ready_announcement_playback) ... ok
test_silence_does_not_drop_wake_runtime_readiness (tests.unit.test_voice_appliance.VoiceTurnTests.test_silence_does_not_drop_wake_runtime_readiness) ... ok
test_wake_turn_uses_separate_question_window_even_when_wake_capture_has_remainder (tests.unit.test_voice_appliance.VoiceTurnTests.test_wake_turn_uses_separate_question_window_even_when_wake_capture_has_remainder) ... ok
test_alsa_card_parser_and_unique_selector (tests.unit.test_voice_appliance.VoiceWakeTests.test_alsa_card_parser_and_unique_selector) ... ok
test_audio_constructor_defers_physical_route_resolution_until_readiness (tests.unit.test_voice_appliance.VoiceWakeTests.test_audio_constructor_defers_physical_route_resolution_until_readiness) ... ok
test_auto_selector_fails_closed_for_multiple_usb_cards (tests.unit.test_voice_appliance.VoiceWakeTests.test_auto_selector_fails_closed_for_multiple_usb_cards) ... ok
test_auto_selector_prefers_one_usb_card_over_hdmi (tests.unit.test_voice_appliance.VoiceWakeTests.test_auto_selector_prefers_one_usb_card_over_hdmi) ... ok
test_bluetooth_routes_are_used_when_no_wired_route_exists (tests.unit.test_voice_appliance.VoiceWakeTests.test_bluetooth_routes_are_used_when_no_wired_route_exists) ... ok
test_capture_falls_through_wired_then_bluetooth_candidates (tests.unit.test_voice_appliance.VoiceWakeTests.test_capture_falls_through_wired_then_bluetooth_candidates) ... ok
test_managed_bluetooth_ignores_unrelated_pipewire_endpoint (tests.unit.test_voice_appliance.VoiceWakeTests.test_managed_bluetooth_ignores_unrelated_pipewire_endpoint) ... ok
test_pipewire_usb_outranks_direct_usb_and_bluetooth (tests.unit.test_voice_appliance.VoiceWakeTests.test_pipewire_usb_outranks_direct_usb_and_bluetooth) ... ok
test_wake_phrase_matches_punctuation_and_one_edit_for_long_brand_token (tests.unit.test_voice_appliance.VoiceWakeTests.test_wake_phrase_matches_punctuation_and_one_edit_for_long_brand_token) ... ok
test_wired_routes_outrank_connected_bluetooth_when_both_exist (tests.unit.test_voice_appliance.VoiceWakeTests.test_wired_routes_outrank_connected_bluetooth_when_both_exist) ... ok
test_checkout_finds_the_source_controlled_defaults (tests.unit.test_m2_2_config.AuthorityAndPrecedenceTests.test_checkout_finds_the_source_controlled_defaults) ... ok
test_cli_source_is_recorded_for_every_field (tests.unit.test_m2_2_config.AuthorityAndPrecedenceTests.test_cli_source_is_recorded_for_every_field) ... ok
test_defaults_are_declared_as_wheel_data (tests.unit.test_m2_2_config.AuthorityAndPrecedenceTests.test_defaults_are_declared_as_wheel_data) ... ok
test_defaults_site_environment_cli_precedence (tests.unit.test_m2_2_config.AuthorityAndPrecedenceTests.test_defaults_site_environment_cli_precedence) ... ok
test_environment_beats_site_without_cli (tests.unit.test_m2_2_config.AuthorityAndPrecedenceTests.test_environment_beats_site_without_cli) ... ok
test_environment_source_is_recorded_for_every_field (tests.unit.test_m2_2_config.AuthorityAndPrecedenceTests.test_environment_source_is_recorded_for_every_field) ... ok
test_installer_reads_model_and_endpoint_from_config_cli (tests.unit.test_m2_2_config.AuthorityAndPrecedenceTests.test_installer_reads_model_and_endpoint_from_config_cli) ... ok
test_legacy_adapter_uses_authority_and_never_accepts_json (tests.unit.test_m2_2_config.AuthorityAndPrecedenceTests.test_legacy_adapter_uses_authority_and_never_accepts_json) ... ok
test_resumable_installer_explicitly_requests_unredacted_speech_paths (tests.unit.test_m2_2_config.AuthorityAndPrecedenceTests.test_resumable_installer_explicitly_requests_unredacted_speech_paths) ... ok
test_site_source_is_recorded_for_every_field (tests.unit.test_m2_2_config.AuthorityAndPrecedenceTests.test_site_source_is_recorded_for_every_field) ... ok
test_unrelated_process_environment_is_ignored (tests.unit.test_m2_2_config.AuthorityAndPrecedenceTests.test_unrelated_process_environment_is_ignored) ... ok
test_cli_config_error_is_stable_and_nonzero (tests.unit.test_m2_2_config.EffectiveOutputTests.test_cli_config_error_is_stable_and_nonzero) ... ok
test_cli_json_is_redacted_and_reports_sources (tests.unit.test_m2_2_config.EffectiveOutputTests.test_cli_json_is_redacted_and_reports_sources) ... ok
test_cli_show_paths_is_explicit_and_preserves_default_redaction (tests.unit.test_m2_2_config.EffectiveOutputTests.test_cli_show_paths_is_explicit_and_preserves_default_redaction) ... ok
test_effective_output_redacts_all_absolute_paths (tests.unit.test_m2_2_config.EffectiveOutputTests.test_effective_output_redacts_all_absolute_paths) ... ok
test_human_output_does_not_expose_absolute_config_paths (tests.unit.test_m2_2_config.EffectiveOutputTests.test_human_output_does_not_expose_absolute_config_paths) ... ok
test_actual_legacy_files_migrate_repeatably_without_mutation (tests.unit.test_m2_2_config.MigrationTests.test_actual_legacy_files_migrate_repeatably_without_mutation) ... ok
test_cli_migration_reports_repeat_without_rewriting (tests.unit.test_m2_2_config.MigrationTests.test_cli_migration_reports_repeat_without_rewriting) ... ok
test_existing_different_output_is_never_rewritten (tests.unit.test_m2_2_config.MigrationTests.test_existing_different_output_is_never_rewritten) ... ok
test_populated_external_credential_is_rejected_without_output (tests.unit.test_m2_2_config.MigrationTests.test_populated_external_credential_is_rejected_without_output) ... ok
test_relative_legacy_path_cannot_escape_checkout (tests.unit.test_m2_2_config.MigrationTests.test_relative_legacy_path_cannot_escape_checkout) ... ok
test_serializer_round_trip_is_deterministic (tests.unit.test_m2_2_config.MigrationTests.test_serializer_round_trip_is_deterministic) ... ok
test_unknown_or_unsafe_legacy_input_creates_no_output (tests.unit.test_m2_2_config.MigrationTests.test_unknown_or_unsafe_legacy_input_creates_no_output) ... ok
test_invalid_environment_boolean_is_rejected (tests.unit.test_m2_2_config.ValidationTests.test_invalid_environment_boolean_is_rejected) ... ok
test_invalid_values_are_rejected (tests.unit.test_m2_2_config.ValidationTests.test_invalid_values_are_rejected) ... ok
test_loopback_ipv4_ipv6_and_localhost_are_allowed (tests.unit.test_m2_2_config.ValidationTests.test_loopback_ipv4_ipv6_and_localhost_are_allowed) ... ok
test_unknown_cli_field_is_rejected (tests.unit.test_m2_2_config.ValidationTests.test_unknown_cli_field_is_rejected) ... ok
test_unknown_site_key_and_invalid_type_are_rejected (tests.unit.test_m2_2_config.ValidationTests.test_unknown_site_key_and_invalid_type_are_rejected) ... ok

----------------------------------------------------------------------
Ran 75 tests in 0.376s

OK
