test_active_same_commit_ignores_only_standard_post_seal_python_cache_artifacts (tests.unit.test_m3_3_release_manager.IntegrityAndPrivilegeTests.test_active_same_commit_ignores_only_standard_post_seal_python_cache_artifacts) ... ok
test_active_same_commit_never_repairs_authoritative_tampering (tests.unit.test_m3_3_release_manager.IntegrityAndPrivilegeTests.test_active_same_commit_never_repairs_authoritative_tampering) ... ok
test_explicit_rollback_fails_without_previous_release (tests.unit.test_m3_3_release_manager.IntegrityAndPrivilegeTests.test_explicit_rollback_fails_without_previous_release) ... ok
test_explicit_rollback_returns_to_previous_validated_release (tests.unit.test_m3_3_release_manager.IntegrityAndPrivilegeTests.test_explicit_rollback_returns_to_previous_validated_release) ... ok
test_maintenance_lock_rejects_concurrent_state_mutation (tests.unit.test_m3_3_release_manager.IntegrityAndPrivilegeTests.test_maintenance_lock_rejects_concurrent_state_mutation) ... ok
test_many_runtime_caches_cannot_hide_authoritative_tampering (tests.unit.test_m3_3_release_manager.IntegrityAndPrivilegeTests.test_many_runtime_caches_cannot_hide_authoritative_tampering) ... ok
test_non_bytecode_file_inside_pycache_remains_authoritative (tests.unit.test_m3_3_release_manager.IntegrityAndPrivilegeTests.test_non_bytecode_file_inside_pycache_remains_authoritative) ... ok
test_payload_digest_rejects_post_build_tampering (tests.unit.test_m3_3_release_manager.IntegrityAndPrivilegeTests.test_payload_digest_rejects_post_build_tampering) ... ok
test_payload_manifest_localizes_changed_and_unexpected_paths (tests.unit.test_m3_3_release_manager.IntegrityAndPrivilegeTests.test_payload_manifest_localizes_changed_and_unexpected_paths) ... ok
test_post_verified_journal_cannot_override_pointer_disagreement (tests.unit.test_m3_3_release_manager.IntegrityAndPrivilegeTests.test_post_verified_journal_cannot_override_pointer_disagreement) ... ok
test_pruning_corrupt_stale_release_does_not_revalidate_historical_payload (tests.unit.test_m3_3_release_manager.IntegrityAndPrivilegeTests.test_pruning_corrupt_stale_release_does_not_revalidate_historical_payload) ... ok
test_pruning_filesystem_error_is_nonblocking_after_successful_activation (tests.unit.test_m3_3_release_manager.IntegrityAndPrivilegeTests.test_pruning_filesystem_error_is_nonblocking_after_successful_activation) ... ok
test_pruning_ignores_obsolete_runtime_contract_for_stale_pre_bridge_release (tests.unit.test_m3_3_release_manager.IntegrityAndPrivilegeTests.test_pruning_ignores_obsolete_runtime_contract_for_stale_pre_bridge_release)
Exact Pi shape: legacy stale + legacy previous + strict active must converge. ... ok
test_pruning_keeps_only_active_and_previous_validated_releases (tests.unit.test_m3_3_release_manager.IntegrityAndPrivilegeTests.test_pruning_keeps_only_active_and_previous_validated_releases) ... ok
test_pycache_symlink_is_authoritative_and_cannot_bypass_integrity (tests.unit.test_m3_3_release_manager.IntegrityAndPrivilegeTests.test_pycache_symlink_is_authoritative_and_cannot_bypass_integrity) ... ok
test_speech_and_service_maintenance_inputs_are_release_payload_contract (tests.unit.test_m3_3_release_manager.IntegrityAndPrivilegeTests.test_speech_and_service_maintenance_inputs_are_release_payload_contract) ... ok
test_target_privilege_and_nonlogin_account_contract_is_explicit (tests.unit.test_m3_3_release_manager.IntegrityAndPrivilegeTests.test_target_privilege_and_nonlogin_account_contract_is_explicit) ... ok
test_top_level_sourceless_bytecode_is_not_treated_as_runtime_cache (tests.unit.test_m3_3_release_manager.IntegrityAndPrivilegeTests.test_top_level_sourceless_bytecode_is_not_treated_as_runtime_cache) ... ok
test_transient_python_caches_are_removed_before_sealing (tests.unit.test_m3_3_release_manager.IntegrityAndPrivilegeTests.test_transient_python_caches_are_removed_before_sealing) ... ok
test_candidate_finalization_is_atomic_and_immutable (tests.unit.test_m3_3_release_manager.RecordAndPointerTests.test_candidate_finalization_is_atomic_and_immutable) ... ok
test_current_pointer_cannot_escape_release_namespace (tests.unit.test_m3_3_release_manager.RecordAndPointerTests.test_current_pointer_cannot_escape_release_namespace) ... ok
test_durable_record_is_private_and_exact (tests.unit.test_m3_3_release_manager.RecordAndPointerTests.test_durable_record_is_private_and_exact) ... ok
test_finalization_normalizes_restrictive_umask_modes_for_service_access (tests.unit.test_m3_3_release_manager.RecordAndPointerTests.test_finalization_normalizes_restrictive_umask_modes_for_service_access) ... ok
test_layout_has_private_state_and_constant_entrypoint (tests.unit.test_m3_3_release_manager.RecordAndPointerTests.test_layout_has_private_state_and_constant_entrypoint) ... ok
test_parser_rejects_unknown_duplicate_and_incomplete_records (tests.unit.test_m3_3_release_manager.RecordAndPointerTests.test_parser_rejects_unknown_duplicate_and_incomplete_records) ... ok
test_source_archive_rejects_traversal_and_links (tests.unit.test_m3_3_release_manager.RecordAndPointerTests.test_source_archive_rejects_traversal_and_links) ... ok
test_binding_allowlist_excludes_distribution_metadata_and_unrelated_packages (tests.unit.test_m3_3_release_manager.TargetRuntimeBindingTests.test_binding_allowlist_excludes_distribution_metadata_and_unrelated_packages) ... ok
test_binding_probe_covers_exact_runtime_apis (tests.unit.test_m3_3_release_manager.TargetRuntimeBindingTests.test_binding_probe_covers_exact_runtime_apis) ... ok
test_bridge_copies_only_allowlisted_import_payloads_and_records_provenance (tests.unit.test_m3_3_release_manager.TargetRuntimeBindingTests.test_bridge_copies_only_allowlisted_import_payloads_and_records_provenance) ... ok
test_installer_authorizes_invoking_operator_only_for_control_socket (tests.unit.test_m3_3_release_manager.TargetRuntimeBindingTests.test_installer_authorizes_invoking_operator_only_for_control_socket) ... ok
test_isolated_bridge_keeps_unrelated_broken_system_metadata_out_of_pip_check (tests.unit.test_m3_3_release_manager.TargetRuntimeBindingTests.test_isolated_bridge_keeps_unrelated_broken_system_metadata_out_of_pip_check) ... ok
test_normal_activation_still_rejects_unjournaled_pre_bridge_target_candidate (tests.unit.test_m3_3_release_manager.TargetRuntimeBindingTests.test_normal_activation_still_rejects_unjournaled_pre_bridge_target_candidate)
Compatibility must not become a bypass for arbitrary legacy candidates. ... ok
test_operator_rollback_can_return_to_state_bound_pre_bridge_previous_release (tests.unit.test_m3_3_release_manager.TargetRuntimeBindingTests.test_operator_rollback_can_return_to_state_bound_pre_bridge_previous_release)
The same migration boundary must preserve governed rollback semantics. ... ok
test_target_binding_validation_accepts_isolated_release_python_probe (tests.unit.test_m3_3_release_manager.TargetRuntimeBindingTests.test_target_binding_validation_accepts_isolated_release_python_probe) ... ok
test_target_binding_validation_rejects_broad_system_site_visibility (tests.unit.test_m3_3_release_manager.TargetRuntimeBindingTests.test_target_binding_validation_rejects_broad_system_site_visibility) ... ok
test_target_binding_validation_rejects_missing_bridge_manifest (tests.unit.test_m3_3_release_manager.TargetRuntimeBindingTests.test_target_binding_validation_rejects_missing_bridge_manifest) ... ok
test_target_binding_validation_rejects_release_python_import_failure (tests.unit.test_m3_3_release_manager.TargetRuntimeBindingTests.test_target_binding_validation_rejects_release_python_import_failure) ... ok
test_target_profile_uses_allowlisted_distro_binding_bridge_only_for_pi_core (tests.unit.test_m3_3_release_manager.TargetRuntimeBindingTests.test_target_profile_uses_allowlisted_distro_binding_bridge_only_for_pi_core) ... ok
test_upgrade_activation_accepts_only_state_bound_pre_bridge_current_release (tests.unit.test_m3_3_release_manager.TargetRuntimeBindingTests.test_upgrade_activation_accepts_only_state_bound_pre_bridge_current_release)
Reproduce the checkpoint-29 Pi failure and prove the migration fix. ... ok
test_discovers_gpio_by_name_and_requests_pullup_button_and_led_off (tests.unit.test_m5_1_ptt_runtime.GpiodPttHardwareTests.test_discovers_gpio_by_name_and_requests_pullup_button_and_led_off) ... ok
test_pi5_header_topology_disambiguates_when_chip_labels_are_unavailable (tests.unit.test_m5_1_ptt_runtime.GpiodPttHardwareTests.test_pi5_header_topology_disambiguates_when_chip_labels_are_unavailable) ... ok
test_pi5_rp1_label_disambiguates_duplicate_header_gpio_names (tests.unit.test_m5_1_ptt_runtime.GpiodPttHardwareTests.test_pi5_rp1_label_disambiguates_duplicate_header_gpio_names) ... ok
test_refuses_missing_ambiguous_or_cross_chip_mappings (tests.unit.test_m5_1_ptt_runtime.GpiodPttHardwareTests.test_refuses_missing_ambiguous_or_cross_chip_mappings) ... ok
test_wake_monitor_led_resolves_by_name_and_is_off_on_close (tests.unit.test_m5_1_ptt_runtime.GpiodPttHardwareTests.test_wake_monitor_led_resolves_by_name_and_is_off_on_close) ... ok
test_discard_removes_max_hold_capture_without_processing (tests.unit.test_m5_1_ptt_runtime.PushToTalkVoiceAdapterTests.test_discard_removes_max_hold_capture_without_processing) ... ok
test_release_preserves_partial_capture_then_processes_and_cleans_it (tests.unit.test_m5_1_ptt_runtime.PushToTalkVoiceAdapterTests.test_release_preserves_partial_capture_then_processes_and_cleans_it) ... ok
test_push_to_talk_mode_selects_ptt_loop_not_wake_loop (tests.unit.test_m5_1_ptt_runtime.RunApplianceModeTests.test_push_to_talk_mode_selects_ptt_loop_not_wake_loop) ... ok
test_relay_discovers_logical_bcm_by_line_name_without_chip0_offset_assumption (tests.unit.test_v09_environment_hardware_adapters.GpiodRelayAdapterTests.test_relay_discovers_logical_bcm_by_line_name_without_chip0_offset_assumption) ... ok
test_relay_discovery_fails_closed_for_missing_or_ambiguous_line_name (tests.unit.test_v09_environment_hardware_adapters.GpiodRelayAdapterTests.test_relay_discovery_fails_closed_for_missing_or_ambiguous_line_name) ... ok
test_relay_prefers_pi5_rp1_when_duplicate_line_name_exists (tests.unit.test_v09_environment_hardware_adapters.GpiodRelayAdapterTests.test_relay_prefers_pi5_rp1_when_duplicate_line_name_exists) ... ok
test_relay_requests_line_inactive_and_reports_power_only_capability (tests.unit.test_v09_environment_hardware_adapters.GpiodRelayAdapterTests.test_relay_requests_line_inactive_and_reports_power_only_capability) ... ok
test_relay_sets_logical_power_and_safe_off_on_close (tests.unit.test_v09_environment_hardware_adapters.GpiodRelayAdapterTests.test_relay_sets_logical_power_and_safe_off_on_close) ... ok
test_relay_uses_header_topology_when_pi5_chip_label_is_missing (tests.unit.test_v09_environment_hardware_adapters.GpiodRelayAdapterTests.test_relay_uses_header_topology_when_pi5_chip_label_is_missing) ... ok
test_relay_write_failure_is_reported_as_actuator_unavailable (tests.unit.test_v09_environment_hardware_adapters.GpiodRelayAdapterTests.test_relay_write_failure_is_reported_as_actuator_unavailable) ... ok
test_crc_matches_sensirion_datasheet_example (tests.unit.test_v09_environment_hardware_adapters.SHT31AdapterTests.test_crc_matches_sensirion_datasheet_example) ... ok
test_decode_rejects_bad_crc (tests.unit.test_v09_environment_hardware_adapters.SHT31AdapterTests.test_decode_rejects_bad_crc) ... ok
test_decode_valid_frame_converts_temperature_and_humidity (tests.unit.test_v09_environment_hardware_adapters.SHT31AdapterTests.test_decode_valid_frame_converts_temperature_and_humidity) ... ok
test_linux_transport_selects_slave_and_writes_reads_exact_bytes (tests.unit.test_v09_environment_hardware_adapters.SHT31AdapterTests.test_linux_transport_selects_slave_and_writes_reads_exact_bytes) ... ok
test_linux_transport_short_read_fails_closed (tests.unit.test_v09_environment_hardware_adapters.SHT31AdapterTests.test_linux_transport_short_read_fails_closed) ... ok
test_owned_transport_is_recreated_after_transport_failure_for_recovery (tests.unit.test_v09_environment_hardware_adapters.SHT31AdapterTests.test_owned_transport_is_recreated_after_transport_failure_for_recovery) ... ok
test_sensor_rejects_address_outside_sht31_44_45_contract (tests.unit.test_v09_environment_hardware_adapters.SHT31AdapterTests.test_sensor_rejects_address_outside_sht31_44_45_contract) ... ok
test_sensor_transport_error_is_truthful_and_never_invents_values (tests.unit.test_v09_environment_hardware_adapters.SHT31AdapterTests.test_sensor_transport_error_is_truthful_and_never_invents_values) ... ok
test_sensor_uses_exact_two_byte_command_then_raw_six_byte_read (tests.unit.test_v09_environment_hardware_adapters.SHT31AdapterTests.test_sensor_uses_exact_two_byte_command_then_raw_six_byte_read) ... ok
test_soft_reset_and_clear_status_commands_are_exact (tests.unit.test_v09_environment_hardware_adapters.SHT31AdapterTests.test_soft_reset_and_clear_status_commands_are_exact) ... ok
test_status_crc_failure_is_fail_closed (tests.unit.test_v09_environment_hardware_adapters.SHT31AdapterTests.test_status_crc_failure_is_fail_closed) ... ok
test_status_read_and_heater_disable_use_exact_sht31_commands (tests.unit.test_v09_environment_hardware_adapters.SHT31AdapterTests.test_status_read_and_heater_disable_use_exact_sht31_commands) ... ok
test_service_applies_controller_state_to_injected_actuator (tests.unit.test_v09_environment_hardware_adapters.ServiceHardwareBoundaryTests.test_service_applies_controller_state_to_injected_actuator) ... ok
test_service_fails_closed_when_actuator_write_fails (tests.unit.test_v09_environment_hardware_adapters.ServiceHardwareBoundaryTests.test_service_fails_closed_when_actuator_write_fails) ... ok
test_probe_fails_closed_when_header_identity_remains_ambiguous (tests.unit.test_v09_gpio_identity_preflight.GpioIdentityPreflightTests.test_probe_fails_closed_when_header_identity_remains_ambiguous) ... ok
test_probe_resolves_pi5_header_without_requesting_lines (tests.unit.test_v09_gpio_identity_preflight.GpioIdentityPreflightTests.test_probe_resolves_pi5_header_without_requesting_lines) ... ok
test_appliance_readiness_record_is_bound_to_release_commit (tests.unit.test_v09_install_dependency_graph.TargetInstallDependencyGraphTests.test_appliance_readiness_record_is_bound_to_release_commit) ... ok
test_bluetooth_capture_route_is_proven_before_appliance_readiness (tests.unit.test_v09_install_dependency_graph.TargetInstallDependencyGraphTests.test_bluetooth_capture_route_is_proven_before_appliance_readiness) ... ok
test_bluetooth_preference_allows_direct_audio_fallback (tests.unit.test_v09_install_dependency_graph.TargetInstallDependencyGraphTests.test_bluetooth_preference_allows_direct_audio_fallback) ... ok
test_checkpoint32_managed_service_templates_are_accepted_as_upgrade_predecessors (tests.unit.test_v09_install_dependency_graph.TargetInstallDependencyGraphTests.test_checkpoint32_managed_service_templates_are_accepted_as_upgrade_predecessors) ... ok
test_environment_service_precedes_application_service_and_stays_non_actuating (tests.unit.test_v09_install_dependency_graph.TargetInstallDependencyGraphTests.test_environment_service_precedes_application_service_and_stays_non_actuating) ... ok
test_gpio_identity_is_proven_non_actuating_before_services_and_appliance (tests.unit.test_v09_install_dependency_graph.TargetInstallDependencyGraphTests.test_gpio_identity_is_proven_non_actuating_before_services_and_appliance) ... ok
test_i2c_planned_pause_is_handled_before_failure_bundle (tests.unit.test_v09_install_dependency_graph.TargetInstallDependencyGraphTests.test_i2c_planned_pause_is_handled_before_failure_bundle) ... ok
test_post_seal_installer_and_services_disable_python_bytecode_writes (tests.unit.test_v09_install_dependency_graph.TargetInstallDependencyGraphTests.test_post_seal_installer_and_services_disable_python_bytecode_writes) ... ok
test_release_seal_and_runtime_checks_are_separate_current_release_gates (tests.unit.test_v09_install_dependency_graph.TargetInstallDependencyGraphTests.test_release_seal_and_runtime_checks_are_separate_current_release_gates) ... ok
test_runtime_context_is_transport_neutral_when_bluetooth_is_requested (tests.unit.test_v09_install_dependency_graph.TargetInstallDependencyGraphTests.test_runtime_context_is_transport_neutral_when_bluetooth_is_requested) ... ok
test_target_install_dependency_order_is_explicit (tests.unit.test_v09_install_dependency_graph.TargetInstallDependencyGraphTests.test_target_install_dependency_order_is_explicit) ... ok
test_autoconnect_status_detects_managed_template_drift (tests.unit.test_x4_bluetooth_manager.BluetoothManagerTests.test_autoconnect_status_detects_managed_template_drift) ... ok
test_autoconnect_unit_is_bounded_to_one_managed_record (tests.unit.test_x4_bluetooth_manager.BluetoothManagerTests.test_autoconnect_unit_is_bounded_to_one_managed_record) ... ok
test_connected_headset_status_allows_capture_to_be_proven_by_appliance_gate (tests.unit.test_x4_bluetooth_manager.BluetoothManagerTests.test_connected_headset_status_allows_capture_to_be_proven_by_appliance_gate) ... ok
test_connected_headset_status_fails_early_without_any_capture_route (tests.unit.test_x4_bluetooth_manager.BluetoothManagerTests.test_connected_headset_status_fails_early_without_any_capture_route) ... ok
test_device_record_round_trip_is_closed_schema (tests.unit.test_x4_bluetooth_manager.BluetoothManagerTests.test_device_record_round_trip_is_closed_schema) ... ok
test_direct_capture_fallback_prefers_one_usb_card_and_ignores_hdmi (tests.unit.test_x4_bluetooth_manager.BluetoothManagerTests.test_direct_capture_fallback_prefers_one_usb_card_and_ignores_hdmi) ... ok
test_direct_capture_fallback_refuses_ambiguous_usb_cards (tests.unit.test_x4_bluetooth_manager.BluetoothManagerTests.test_direct_capture_fallback_refuses_ambiguous_usb_cards) ... ok
test_direct_playback_fallback_prefers_one_usb_card_and_ignores_hdmi (tests.unit.test_x4_bluetooth_manager.BluetoothManagerTests.test_direct_playback_fallback_prefers_one_usb_card_and_ignores_hdmi) ... ok
test_direct_status_accepts_deterministic_usb_duplex_without_bluetooth (tests.unit.test_x4_bluetooth_manager.BluetoothManagerTests.test_direct_status_accepts_deterministic_usb_duplex_without_bluetooth) ... ok
test_direct_status_refuses_missing_or_ambiguous_direct_audio (tests.unit.test_x4_bluetooth_manager.BluetoothManagerTests.test_direct_status_refuses_missing_or_ambiguous_direct_audio) ... ok
test_disconnected_preferred_bluetooth_status_accepts_direct_audio_fallback (tests.unit.test_x4_bluetooth_manager.BluetoothManagerTests.test_disconnected_preferred_bluetooth_status_accepts_direct_audio_fallback) ... ok
test_exact_mac_reuses_known_audio_identity_before_scanning (tests.unit.test_x4_bluetooth_manager.BluetoothManagerTests.test_exact_mac_reuses_known_audio_identity_before_scanning) ... [OK] code=RELEASE_ALREADY_VALID commit=cccccccccccccccccccccccccccccccccccccccc
[OK] code=ACTIVATION_RECONCILED phase=post_verified commit=cccccccccccccccccccccccccccccccccccccccc policy=structural_current_only
[OK] code=ACTIVATION_RECONCILED phase=post_verified commit=cccccccccccccccccccccccccccccccccccccccc policy=structural_current_only
[OK] code=ROLLBACK_COMPLETE commit=bbbbbbbbbbbbbbbbbbbbbbbbbbbbbbbbbbbbbbbb
[OK] code=ACTIVATION_HEALTHY commit=bbbbbbbbbbbbbbbbbbbbbbbbbbbbbbbbbbbbbbbb
[OK] code=RELEASE_PRUNED commit=2222222222222222222222222222222222222222
[OK] code=RELEASE_PRUNED commit=3333333333333333333333333333333333333333
[OK] code=RELEASE_PRUNED commit=aaaaaaaaaaaaaaaaaaaaaaaaaaaaaaaaaaaaaaaa
[OK] code=ACTIVATION_EMPTY
[OK] code=ACTIVATION_RECONCILED phase=post_verified commit=5555555555555555555555555555555555555555 policy=structural_current_only
[OK] code=RELEASE_LEGACY_TRANSITION_SOURCE commit=6666666666666666666666666666666666666666 profile=core-pi-trixie-py313 runtime_policy=bounded_cli_smoke
[OK] code=RELEASE_LEGACY_TRANSITION_SOURCE commit=6666666666666666666666666666666666666666 profile=core-pi-trixie-py313 runtime_policy=bounded_cli_smoke
[OK] code=ROLLBACK_COMPLETE commit=6666666666666666666666666666666666666666
[OK] code=BLUETOOTH_AUDIO_STATUS state=connected output_nodes=1 input_nodes=0 direct_fallback=no
[OK] code=AUDIO_DIRECT_FALLBACK_READY input=plughw:CARD=A01,DEV=0 output=plughw:CARD=A01,DEV=0
[OK] code=BLUETOOTH_AUDIO_STATUS state=paired_offline_direct_fallback output_nodes=0 input_nodes=0 direct_fallback=yes
[FOUND] code=BLUETOOTH_DEVICE_KNOWN address=AA:BB:CC:DD:EE:FF name=Known Headset paired=true
ok
test_fix6_pairing_step_revalidates_connected_output_route (tests.unit.test_x4_bluetooth_manager.BluetoothManagerTests.test_fix6_pairing_step_revalidates_connected_output_route) ... ok
test_headless_wireplumber_fragment_disables_logind_seat_monitoring (tests.unit.test_x4_bluetooth_manager.BluetoothManagerTests.test_headless_wireplumber_fragment_disables_logind_seat_monitoring) ... ok
test_headset_profile_prefers_available_msbc_capture_profile (tests.unit.test_x4_bluetooth_manager.BluetoothManagerTests.test_headset_profile_prefers_available_msbc_capture_profile) ... ok
test_installer_explicitly_provisions_pipewire_bluetooth_plugin (tests.unit.test_x4_bluetooth_manager.BluetoothManagerTests.test_installer_explicitly_provisions_pipewire_bluetooth_plugin) ... ok
test_known_fix4_autoconnect_unit_is_upgraded_exactly (tests.unit.test_x4_bluetooth_manager.BluetoothManagerTests.test_known_fix4_autoconnect_unit_is_upgraded_exactly) ... ok
test_pairing_allows_output_only_headset_for_direct_microphone_fallback (tests.unit.test_x4_bluetooth_manager.BluetoothManagerTests.test_pairing_allows_output_only_headset_for_direct_microphone_fallback) ... [OK] code=BLUETOOTH_AUTOCONNECT_MANAGED_UPGRADE path=/tmp/tmp2tk3tlaz/gonken-bluetooth-autoconnect.service
[OK] code=BLUETOOTH_AUTOCONNECT_INSTALLED
[RUNNING] code=BLUETOOTH_PAIR address=AA:BB:CC:DD:EE:FF name=Lab Headset
[OK] code=BLUETOOTH_AUDIO_PAIRED address=AA:BB:CC:DD:EE:FF name=Lab Headset output=bluetooth_ready microphone=direct_ready:plughw:CARD=Mic,DEV=0
ok
test_pairing_busy_bluetooth_continues_with_deterministic_direct_audio (tests.unit.test_x4_bluetooth_manager.BluetoothManagerTests.test_pairing_busy_bluetooth_continues_with_deterministic_direct_audio) ... [RUNNING] code=BLUETOOTH_PAIR address=41:42:06:42:05:80 name=AIRHUG 01
[WARN] code=BLUETOOTH_OPTIONAL_UNAVAILABLE address=41:42:06:42:05:80 fallback_input=plughw:CARD=A01,DEV=0 fallback_output=plughw:CARD=A01,DEV=0 remediation=autoconnect_will_retry_later
[OK] code=AUDIO_DIRECT_FALLBACK_READY input=plughw:CARD=A01,DEV=0 output=plughw:CARD=A01,DEV=0
ok
test_pairing_busy_bluetooth_without_direct_audio_still_fails (tests.unit.test_x4_bluetooth_manager.BluetoothManagerTests.test_pairing_busy_bluetooth_without_direct_audio_still_fails) ... [RUNNING] code=BLUETOOTH_PAIR address=41:42:06:42:05:80 name=AIRHUG 01
ok
test_pairing_fails_early_when_headset_has_no_capture_route (tests.unit.test_x4_bluetooth_manager.BluetoothManagerTests.test_pairing_fails_early_when_headset_has_no_capture_route) ... [RUNNING] code=BLUETOOTH_PAIR address=AA:BB:CC:DD:EE:FF name=Lab Headset
ok
test_pairing_requires_verified_paired_trusted_connected_state (tests.unit.test_x4_bluetooth_manager.BluetoothManagerTests.test_pairing_requires_verified_paired_trusted_connected_state) ... [RUNNING] code=BLUETOOTH_PAIR address=AA:BB:CC:DD:EE:FF name=Lab Headset
[OK] code=BLUETOOTH_AUDIO_PAIRED address=AA:BB:CC:DD:EE:FF name=Lab Headset output=bluetooth_ready microphone=bluetooth_ready
ok
test_parse_capture_cards_matches_voice_runtime_alsa_identity (tests.unit.test_x4_bluetooth_manager.BluetoothManagerTests.test_parse_capture_cards_matches_voice_runtime_alsa_identity) ... ok
test_parse_devices_is_bounded_to_valid_mac_and_single_line_name (tests.unit.test_x4_bluetooth_manager.BluetoothManagerTests.test_parse_devices_is_bounded_to_valid_mac_and_single_line_name) ... ok
test_parse_info_distinguishes_output_and_headset_capability (tests.unit.test_x4_bluetooth_manager.BluetoothManagerTests.test_parse_info_distinguishes_output_and_headset_capability) ... ok
test_pipewire_nodes_return_each_matching_endpoint_once (tests.unit.test_x4_bluetooth_manager.BluetoothManagerTests.test_pipewire_nodes_return_each_matching_endpoint_once) ... ok
test_stack_status_requires_pipewire_bluetooth_plugin_package (tests.unit.test_x4_bluetooth_manager.BluetoothManagerTests.test_stack_status_requires_pipewire_bluetooth_plugin_package) ... ok
test_stack_status_requires_unblocked_powered_controller (tests.unit.test_x4_bluetooth_manager.BluetoothManagerTests.test_stack_status_requires_unblocked_powered_controller) ... ok
test_conflicting_installed_unit_fails_closed (tests.unit.test_m6_service_manager.ServiceManagerTests.test_conflicting_installed_unit_fails_closed) ... ok
test_fix6_managed_unit_is_upgraded_to_generated_runtime_environment (tests.unit.test_m6_service_manager.ServiceManagerTests.test_fix6_managed_unit_is_upgraded_to_generated_runtime_environment) ... ok
test_install_status_remove_are_exact_and_reversible (tests.unit.test_m6_service_manager.ServiceManagerTests.test_install_status_remove_are_exact_and_reversible) ... ok
test_installed_status_is_not_race_sensitive_to_runtime_activity (tests.unit.test_m6_service_manager.ServiceManagerTests.test_installed_status_is_not_race_sensitive_to_runtime_activity) ... 