test_bluetooth_audio_is_target_only_and_does_not_mutate_development_staging (tests.integration.test_bootstrap_preflight_process.BootstrapProcessTests.test_bluetooth_audio_is_target_only_and_does_not_mutate_development_staging) ... ok
test_default_routes_to_release_manager_and_never_legacy_setup (tests.integration.test_bootstrap_preflight_process.BootstrapProcessTests.test_default_routes_to_release_manager_and_never_legacy_setup) ... ok
test_development_preflight_process_writes_exact_private_manifest (tests.integration.test_bootstrap_preflight_process.BootstrapProcessTests.test_development_preflight_process_writes_exact_private_manifest) ... ok
test_unsupported_target_fails_before_network_or_staging (tests.integration.test_bootstrap_preflight_process.BootstrapProcessTests.test_unsupported_target_fails_before_network_or_staging) ... ok
test_effective_config_process_can_explicitly_show_installer_paths (tests.integration.test_cli_process.CliProcessTests.test_effective_config_process_can_explicitly_show_installer_paths) ... ok
test_effective_config_process_is_local_and_redacted (tests.integration.test_cli_process.CliProcessTests.test_effective_config_process_is_local_and_redacted) ... ok
test_run_process_fails_categorically_when_target_voice_dependencies_are_absent (tests.integration.test_cli_process.CliProcessTests.test_run_process_fails_categorically_when_target_voice_dependencies_are_absent) ... ok
test_service_process_once_is_content_free_and_degraded (tests.integration.test_cli_process.CliProcessTests.test_service_process_once_is_content_free_and_degraded) ... ok
test_version_and_status_process_contracts (tests.integration.test_cli_process.CliProcessTests.test_version_and_status_process_contracts) ... ok
test_launcher_help_is_non_mutating_and_documents_bootstrap_passthrough (tests.integration.test_first_install_launcher.FirstInstallLauncherTests.test_launcher_help_is_non_mutating_and_documents_bootstrap_passthrough) ... ok
test_readme_primary_install_is_one_command_and_manual_bootstrap_is_short (tests.integration.test_first_install_launcher.FirstInstallLauncherTests.test_readme_primary_install_is_one_command_and_manual_bootstrap_is_short) ... ok
test_standard_bootstrap_has_official_source_and_main_defaults (tests.integration.test_first_install_launcher.FirstInstallLauncherTests.test_standard_bootstrap_has_official_source_and_main_defaults) ... ok
test_stream_launcher_prepares_checkout_and_forwards_bluetooth_parameters (tests.integration.test_first_install_launcher.FirstInstallLauncherTests.test_stream_launcher_prepares_checkout_and_forwards_bluetooth_parameters) ... ok
test_duplicate_or_permissive_record_fails_before_state_mutation (tests.integration.test_install_engine_process.InstallProcessTests.test_duplicate_or_permissive_record_fails_before_state_mutation) ... ok
test_engine_only_stops_before_release_provisioning (tests.integration.test_install_engine_process.InstallProcessTests.test_engine_only_stops_before_release_provisioning) ... ok
test_false_complete_state_is_repaired_from_probe_truth (tests.integration.test_install_engine_process.InstallProcessTests.test_false_complete_state_is_repaired_from_probe_truth) ... ok
test_good_probe_repairs_missing_advisory_state_without_action (tests.integration.test_install_engine_process.InstallProcessTests.test_good_probe_repairs_missing_advisory_state_without_action) ... ok
test_moved_remote_ref_fails_before_state_mutation (tests.integration.test_install_engine_process.InstallProcessTests.test_moved_remote_ref_fails_before_state_mutation) ... ok
test_record_is_data_and_never_shell_executed (tests.integration.test_install_engine_process.InstallProcessTests.test_record_is_data_and_never_shell_executed) ... ok
test_successful_engine_run_is_private_and_repeatable (tests.integration.test_install_engine_process.InstallProcessTests.test_successful_engine_run_is_private_and_repeatable) ... ok
test_abrupt_kill_leaves_recoverable_stale_state (tests.integration.test_install_engine_process.InterruptionProcessTests.test_abrupt_kill_leaves_recoverable_stale_state) ... ok
test_advisory_complete_state_never_overrides_failed_probe (tests.integration.test_install_engine_process.InterruptionProcessTests.test_advisory_complete_state_never_overrides_failed_probe) ... ok
test_term_interrupt_before_during_after_every_fake_step_then_converges (tests.integration.test_install_engine_process.InterruptionProcessTests.test_term_interrupt_before_during_after_every_fake_step_then_converges) ... ok
test_installed_maintenance_wrapper_uses_release_local_entrypoint (tests.integration.test_support_collection_process.SupportCollectionProcessTests.test_installed_maintenance_wrapper_uses_release_local_entrypoint) ... ok
test_routes_host_origin_content_and_no_mutations (tests.integration.test_text_runtime_process.DashboardHTTPTests.test_routes_host_origin_content_and_no_mutations) ... ok
test_cancel_timeout_overload_and_single_request_lock (tests.integration.test_text_runtime_process.LocalNetworkTests.test_cancel_timeout_overload_and_single_request_lock) ... ok
test_cancellation_after_connection_close_response_headers (tests.integration.test_text_runtime_process.LocalNetworkTests.test_cancellation_after_connection_close_response_headers) ... ok
test_non_loopback_hostname_redirect_path_and_credentials_refused (tests.integration.test_text_runtime_process.LocalNetworkTests.test_non_loopback_hostname_redirect_path_and_credentials_refused) ... ok
test_response_limit_and_malformed_model_identity (tests.integration.test_text_runtime_process.LocalNetworkTests.test_response_limit_and_malformed_model_identity) ... ok
test_works_when_dns_proxy_and_external_connections_forbidden (tests.integration.test_text_runtime_process.LocalNetworkTests.test_works_when_dns_proxy_and_external_connections_forbidden) ... ok
test_build_verify_ask_unknown_doctor_and_no_content_telemetry (tests.integration.test_text_runtime_process.TextCLIProcessTests.test_build_verify_ask_unknown_doctor_and_no_content_telemetry) ... ok
test_invalid_index_and_calibration_fail_categorically (tests.integration.test_text_runtime_process.TextCLIProcessTests.test_invalid_index_and_calibration_fail_categorically) ... ok
test_text_session_multiple_lines_eof_and_signal_shutdown (tests.integration.test_text_runtime_process.TextCLIProcessTests.test_text_session_multiple_lines_eof_and_signal_shutdown) ... ok
test_installed_maintenance_wrapper_uses_local_packaging_templates (tests.integration.test_uninstall_lifecycle_process.UninstallLifecycleProcessTests.test_installed_maintenance_wrapper_uses_local_packaging_templates) ... ok
test_wrapper_removes_project_owned_installation_and_keeps_data (tests.integration.test_uninstall_lifecycle_process.UninstallLifecycleProcessTests.test_wrapper_removes_project_owned_installation_and_keeps_data) ... ok
test_voice_daemon_unavailable_returns_truthful_failure_without_llm (tests.integration.test_v09_environment_voice_transaction.EnvironmentVoiceTransactionIntegrationTests.test_voice_daemon_unavailable_returns_truthful_failure_without_llm) ... ok
test_voice_fan_on_off_traverses_real_unix_protocol_without_llm_or_physical_claim (tests.integration.test_v09_environment_voice_transaction.EnvironmentVoiceTransactionIntegrationTests.test_voice_fan_on_off_traverses_real_unix_protocol_without_llm_or_physical_claim) ... ok
test_voice_sensor_query_uses_daemon_and_labels_simulated_reading (tests.integration.test_v09_environment_voice_transaction.EnvironmentVoiceTransactionIntegrationTests.test_voice_sensor_query_uses_daemon_and_labels_simulated_reading) ... ok
test_full_simulation_runner_and_release_gate (tests.integration.test_v09_user_test_release_candidate.V09UserTestReleaseCandidateIntegrationTests.test_full_simulation_runner_and_release_gate) ... 