test_appliance_readiness_record_is_bound_to_release_commit (tests.unit.test_v09_install_dependency_graph.TargetInstallDependencyGraphTests.test_appliance_readiness_record_is_bound_to_release_commit) ... ok
test_bluetooth_capture_route_is_proven_before_appliance_readiness (tests.unit.test_v09_install_dependency_graph.TargetInstallDependencyGraphTests.test_bluetooth_capture_route_is_proven_before_appliance_readiness) ... ok
test_bluetooth_preference_allows_direct_audio_fallback (tests.unit.test_v09_install_dependency_graph.TargetInstallDependencyGraphTests.test_bluetooth_preference_allows_direct_audio_fallback) ... ok
test_checkpoint32_managed_service_templates_are_accepted_as_upgrade_predecessors (tests.unit.test_v09_install_dependency_graph.TargetInstallDependencyGraphTests.test_checkpoint32_managed_service_templates_are_accepted_as_upgrade_predecessors) ... ok
test_environment_service_precedes_application_service_and_stays_non_actuating (tests.unit.test_v09_install_dependency_graph.TargetInstallDependencyGraphTests.test_environment_service_precedes_application_service_and_stays_non_actuating) ... ok
test_gpio_identity_is_proven_non_actuating_before_services_and_appliance (tests.unit.test_v09_install_dependency_graph.TargetInstallDependencyGraphTests.test_gpio_identity_is_proven_non_actuating_before_services_and_appliance) ... ok
test_i2c_planned_pause_is_handled_before_failure_bundle (tests.unit.test_v09_install_dependency_graph.TargetInstallDependencyGraphTests.test_i2c_planned_pause_is_handled_before_failure_bundle) ... ok
test_post_seal_installer_and_services_disable_python_bytecode_writes (tests.unit.test_v09_install_dependency_graph.TargetInstallDependencyGraphTests.test_post_seal_installer_and_services_disable_python_bytecode_writes) ... ok
test_release_seal_and_runtime_checks_are_separate_current_release_gates (tests.unit.test_v09_install_dependency_graph.TargetInstallDependencyGraphTests.test_release_seal_and_runtime_checks_are_separate_current_release_gates) ... ok
test_runtime_context_is_transport_neutral_when_bluetooth_is_requested (tests.unit.test_v09_install_dependency_graph.TargetInstallDependencyGraphTests.test_runtime_context_is_transport_neutral_when_bluetooth_is_requested) ... ok
test_target_install_dependency_order_is_explicit (tests.unit.test_v09_install_dependency_graph.TargetInstallDependencyGraphTests.test_target_install_dependency_order_is_explicit) ... ok
test_bundle_is_private_allowlisted_and_works_without_active_release (tests.unit.test_v09_installer_failure_bundle.InstallerFailureBundleTests.test_bundle_is_private_allowlisted_and_works_without_active_release) ... ok
test_installer_gates_appliance_readiness_on_runtime_context (tests.unit.test_v09_runtime_context_preflight.RuntimeContextPreflightTests.test_installer_gates_appliance_readiness_on_runtime_context) ... ok
test_missing_runtime_environment_fails_require_ready (tests.unit.test_v09_runtime_context_preflight.RuntimeContextPreflightTests.test_missing_runtime_environment_fails_require_ready) ... [ERROR] code=RUNTIME_CONTEXT_NOT_READY message=service/user-session runtime context is incomplete remediation=rerun service/Bluetooth convergence and inspect the generated runtime environment and user manager
ok
test_pipewire_requirement_checks_user_manager_services_and_pulse (tests.unit.test_v09_runtime_context_preflight.RuntimeContextPreflightTests.test_pipewire_requirement_checks_user_manager_services_and_pulse) ... ok
test_service_unit_contract_preserves_environment_independence (tests.unit.test_v09_runtime_context_preflight.RuntimeContextPreflightTests.test_service_unit_contract_preserves_environment_independence) ... ok
test_structural_context_can_be_ready_without_claiming_physical_audio (tests.unit.test_v09_runtime_context_preflight.RuntimeContextPreflightTests.test_structural_context_can_be_ready_without_claiming_physical_audio) ... ok
test_campaign_reports_every_invalid_read_and_never_claims_physical_acceptance (tests.unit.test_v09_sht31_diagnostic.SHT31DiagnosticTests.test_campaign_reports_every_invalid_read_and_never_claims_physical_acceptance) ... ok
test_campaign_turns_heater_off_before_room_monitoring (tests.unit.test_v09_sht31_diagnostic.SHT31DiagnosticTests.test_campaign_turns_heater_off_before_room_monitoring) ... ok
test_discover_accepts_exactly_one_valid_supported_address (tests.unit.test_v09_sht31_diagnostic.SHT31DiagnosticTests.test_discover_accepts_exactly_one_valid_supported_address) ... ok
test_discover_rejects_ambiguous_two_sensor_result (tests.unit.test_v09_sht31_diagnostic.SHT31DiagnosticTests.test_discover_rejects_ambiguous_two_sensor_result) ... ok
test_discover_rejects_no_valid_sensor (tests.unit.test_v09_sht31_diagnostic.SHT31DiagnosticTests.test_discover_rejects_no_valid_sensor) ... ok
test_json_output_is_bounded_and_marks_acceptance_false (tests.unit.test_v09_sht31_diagnostic.SHT31DiagnosticTests.test_json_output_is_bounded_and_marks_acceptance_false) ... ok
test_usage_rejects_unsupported_address_without_opening_sensor (tests.unit.test_v09_sht31_diagnostic.SHT31DiagnosticTests.test_usage_rejects_unsupported_address_without_opening_sensor) ... ok
test_atomic_output_is_private_machine_readable_and_replaced (tests.unit.test_v09_target_preflight.TargetPreflightTests.test_atomic_output_is_private_machine_readable_and_replaced) ... ok
test_identity_phase_includes_operator_without_granting_raw_gpio_or_i2c (tests.unit.test_v09_target_preflight.TargetPreflightTests.test_identity_phase_includes_operator_without_granting_raw_gpio_or_i2c) ... ok
test_optional_i2c_gap_does_not_fail_generic_prerequisite_report (tests.unit.test_v09_target_preflight.TargetPreflightTests.test_optional_i2c_gap_does_not_fail_generic_prerequisite_report) ... ok
test_required_failure_fails_closed (tests.unit.test_v09_target_preflight.TargetPreflightTests.test_required_failure_fails_closed) ... ok
test_false_physical_claim_is_rejected (tests.unit.test_v09_user_test_readiness.UserTestReadinessValidationTests.test_false_physical_claim_is_rejected) ... ok
test_missing_required_simulation_step_is_rejected (tests.unit.test_v09_user_test_readiness.UserTestReadinessValidationTests.test_missing_required_simulation_step_is_rejected) ... ok
test_unknown_manifest_commit_is_rejected_when_repository_commit_is_known (tests.unit.test_v09_user_test_readiness.UserTestReadinessValidationTests.test_unknown_manifest_commit_is_rejected_when_repository_commit_is_known) ... ok
test_valid_simulation_manifest_keeps_physical_gates_open (tests.unit.test_v09_user_test_readiness.UserTestReadinessValidationTests.test_valid_simulation_manifest_keeps_physical_gates_open) ... ok
test_wrong_commit_is_rejected (tests.unit.test_v09_user_test_readiness.UserTestReadinessValidationTests.test_wrong_commit_is_rejected) ... ok
test_brain_probe_warms_inference_without_adding_history (tests.unit.test_voice_appliance.ConversationContractTests.test_brain_probe_warms_inference_without_adding_history) ... ok
test_plain_chat_disables_thinking_without_json_format (tests.unit.test_voice_appliance.ConversationContractTests.test_plain_chat_disables_thinking_without_json_format) ... ok
test_runtime_release_commit_is_derived_only_from_immutable_release_path (tests.unit.test_voice_appliance.RuntimeIdentityTests.test_runtime_release_commit_is_derived_only_from_immutable_release_path) ... ok
test_one_turn_is_capture_transcribe_generate_speak_without_persistence (tests.unit.test_voice_appliance.VoiceTurnTests.test_one_turn_is_capture_transcribe_generate_speak_without_persistence) ... ok
test_ready_is_published_only_after_real_ready_announcement_playback (tests.unit.test_voice_appliance.VoiceTurnTests.test_ready_is_published_only_after_real_ready_announcement_playback) ... ok
test_silence_does_not_drop_wake_runtime_readiness (tests.unit.test_voice_appliance.VoiceTurnTests.test_silence_does_not_drop_wake_runtime_readiness) ... ok
test_transition_announcer_returns_one_priority_message_without_daemon_audio_ownership (tests.unit.test_voice_appliance.VoiceTurnTests.test_transition_announcer_returns_one_priority_message_without_daemon_audio_ownership) ... ok
test_wake_turn_uses_pipelined_standby_and_separate_question_window (tests.unit.test_voice_appliance.VoiceTurnTests.test_wake_turn_uses_pipelined_standby_and_separate_question_window) ... ok
test_alsa_card_parser_and_unique_selector (tests.unit.test_voice_appliance.VoiceWakeTests.test_alsa_card_parser_and_unique_selector) ... ok
test_audio_constructor_defers_physical_route_resolution_until_readiness (tests.unit.test_voice_appliance.VoiceWakeTests.test_audio_constructor_defers_physical_route_resolution_until_readiness) ... ok
test_auto_selector_fails_closed_for_multiple_usb_cards (tests.unit.test_voice_appliance.VoiceWakeTests.test_auto_selector_fails_closed_for_multiple_usb_cards) ... ok
test_auto_selector_prefers_one_usb_card_over_hdmi (tests.unit.test_voice_appliance.VoiceWakeTests.test_auto_selector_prefers_one_usb_card_over_hdmi) ... ok
test_bluetooth_routes_are_used_when_no_wired_route_exists (tests.unit.test_voice_appliance.VoiceWakeTests.test_bluetooth_routes_are_used_when_no_wired_route_exists) ... ok
test_cancelled_capture_does_not_fall_through_to_another_audio_route (tests.unit.test_voice_appliance.VoiceWakeTests.test_cancelled_capture_does_not_fall_through_to_another_audio_route) ... ok
test_capture_falls_through_wired_then_bluetooth_candidates (tests.unit.test_voice_appliance.VoiceWakeTests.test_capture_falls_through_wired_then_bluetooth_candidates) ... ok
test_gonken_default_aliases_match_split_tokens_errors_and_legacy_hey_form (tests.unit.test_voice_appliance.VoiceWakeTests.test_gonken_default_aliases_match_split_tokens_errors_and_legacy_hey_form) ... ok
test_managed_bluetooth_ignores_unrelated_pipewire_endpoint (tests.unit.test_voice_appliance.VoiceWakeTests.test_managed_bluetooth_ignores_unrelated_pipewire_endpoint) ... ok
test_pipewire_usb_outranks_direct_usb_and_bluetooth (tests.unit.test_voice_appliance.VoiceWakeTests.test_pipewire_usb_outranks_direct_usb_and_bluetooth) ... ok
test_processing_cue_plan_cancels_unstarted_cues_when_answer_is_ready (tests.unit.test_voice_appliance.VoiceWakeTests.test_processing_cue_plan_cancels_unstarted_cues_when_answer_is_ready) ... ok
test_rolling_wake_matcher_carries_short_tail_across_capture_windows (tests.unit.test_voice_appliance.VoiceWakeTests.test_rolling_wake_matcher_carries_short_tail_across_capture_windows) ... ok
test_transition_announcement_text_preserves_simulation_and_motion_boundary (tests.unit.test_voice_appliance.VoiceWakeTests.test_transition_announcement_text_preserves_simulation_and_motion_boundary) ... ok
test_wake_capture_pipeline_keeps_capturing_and_drops_stale_backlog (tests.unit.test_voice_appliance.VoiceWakeTests.test_wake_capture_pipeline_keeps_capturing_and_drops_stale_backlog) ... ok
test_wake_phrase_matches_punctuation_and_one_edit_for_long_brand_token (tests.unit.test_voice_appliance.VoiceWakeTests.test_wake_phrase_matches_punctuation_and_one_edit_for_long_brand_token) ... ok
test_wired_routes_outrank_connected_bluetooth_when_both_exist (tests.unit.test_voice_appliance.VoiceWakeTests.test_wired_routes_outrank_connected_bluetooth_when_both_exist) ... ok
test_autoconnect_status_detects_managed_template_drift (tests.unit.test_x4_bluetooth_manager.BluetoothManagerTests.test_autoconnect_status_detects_managed_template_drift) ... ok
test_autoconnect_unit_is_bounded_to_one_managed_record (tests.unit.test_x4_bluetooth_manager.BluetoothManagerTests.test_autoconnect_unit_is_bounded_to_one_managed_record) ... ok
test_connected_headset_status_allows_capture_to_be_proven_by_appliance_gate (tests.unit.test_x4_bluetooth_manager.BluetoothManagerTests.test_connected_headset_status_allows_capture_to_be_proven_by_appliance_gate) ... ok
test_connected_headset_status_fails_early_without_any_capture_route (tests.unit.test_x4_bluetooth_manager.BluetoothManagerTests.test_connected_headset_status_fails_early_without_any_capture_route) ... ok
test_device_record_round_trip_is_closed_schema (tests.unit.test_x4_bluetooth_manager.BluetoothManagerTests.test_device_record_round_trip_is_closed_schema) ... ok
test_direct_capture_fallback_prefers_one_usb_card_and_ignores_hdmi (tests.unit.test_x4_bluetooth_manager.BluetoothManagerTests.test_direct_capture_fallback_prefers_one_usb_card_and_ignores_hdmi) ... ok
test_direct_capture_fallback_refuses_ambiguous_usb_cards (tests.unit.test_x4_bluetooth_manager.BluetoothManagerTests.test_direct_capture_fallback_refuses_ambiguous_usb_cards) ... ok
test_direct_playback_fallback_prefers_one_usb_card_and_ignores_hdmi (tests.unit.test_x4_bluetooth_manager.BluetoothManagerTests.test_direct_playback_fallback_prefers_one_usb_card_and_ignores_hdmi) ... ok
test_direct_status_accepts_deterministic_usb_duplex_without_bluetooth (tests.unit.test_x4_bluetooth_manager.BluetoothManagerTests.test_direct_status_accepts_deterministic_usb_duplex_without_bluetooth) ... ok
test_direct_status_refuses_missing_or_ambiguous_direct_audio (tests.unit.test_x4_bluetooth_manager.BluetoothManagerTests.test_direct_status_refuses_missing_or_ambiguous_direct_audio) ... ok
test_disconnected_preferred_bluetooth_status_accepts_direct_audio_fallback (tests.unit.test_x4_bluetooth_manager.BluetoothManagerTests.test_disconnected_preferred_bluetooth_status_accepts_direct_audio_fallback) ... ok
test_exact_mac_reuses_known_audio_identity_before_scanning (tests.unit.test_x4_bluetooth_manager.BluetoothManagerTests.test_exact_mac_reuses_known_audio_identity_before_scanning) ... [OK] code=RUNTIME_CONTEXT status=NOT_READY user=gonken-agent runtime_env=false runtime_dir=false linger=false user_manager=false pipewire_required=false physical_audio_claimed=false
[OK] code=BLUETOOTH_AUDIO_STATUS state=connected output_nodes=1 input_nodes=0 direct_fallback=no
[OK] code=AUDIO_DIRECT_FALLBACK_READY input=plughw:CARD=A01,DEV=0 output=plughw:CARD=A01,DEV=0
[OK] code=BLUETOOTH_AUDIO_STATUS state=paired_offline_direct_fallback output_nodes=0 input_nodes=0 direct_fallback=yes
[FOUND] code=BLUETOOTH_DEVICE_KNOWN address=AA:BB:CC:DD:EE:FF name=Known Headset paired=true
ok
test_fix6_pairing_step_revalidates_connected_output_route (tests.unit.test_x4_bluetooth_manager.BluetoothManagerTests.test_fix6_pairing_step_revalidates_connected_output_route) ... ok
test_headless_wireplumber_fragment_disables_logind_seat_monitoring (tests.unit.test_x4_bluetooth_manager.BluetoothManagerTests.test_headless_wireplumber_fragment_disables_logind_seat_monitoring) ... ok
test_headset_profile_prefers_available_msbc_capture_profile (tests.unit.test_x4_bluetooth_manager.BluetoothManagerTests.test_headset_profile_prefers_available_msbc_capture_profile) ... ok
test_installer_explicitly_provisions_pipewire_bluetooth_plugin (tests.unit.test_x4_bluetooth_manager.BluetoothManagerTests.test_installer_explicitly_provisions_pipewire_bluetooth_plugin) ... ok
test_known_fix4_autoconnect_unit_is_upgraded_exactly (tests.unit.test_x4_bluetooth_manager.BluetoothManagerTests.test_known_fix4_autoconnect_unit_is_upgraded_exactly) ... ok
test_pairing_allows_output_only_headset_for_direct_microphone_fallback (tests.unit.test_x4_bluetooth_manager.BluetoothManagerTests.test_pairing_allows_output_only_headset_for_direct_microphone_fallback) ... [OK] code=BLUETOOTH_AUTOCONNECT_MANAGED_UPGRADE path=/tmp/tmpd3a8b7_h/gonken-bluetooth-autoconnect.service
[OK] code=BLUETOOTH_AUTOCONNECT_INSTALLED
[RUNNING] code=BLUETOOTH_PAIR address=AA:BB:CC:DD:EE:FF name=Lab Headset
[OK] code=BLUETOOTH_AUDIO_PAIRED address=AA:BB:CC:DD:EE:FF name=Lab Headset output=bluetooth_ready microphone=direct_ready:plughw:CARD=Mic,DEV=0
ok
test_pairing_busy_bluetooth_continues_with_deterministic_direct_audio (tests.unit.test_x4_bluetooth_manager.BluetoothManagerTests.test_pairing_busy_bluetooth_continues_with_deterministic_direct_audio) ... [RUNNING] code=BLUETOOTH_PAIR address=41:42:06:42:05:80 name=AIRHUG 01
[WARN] code=BLUETOOTH_OPTIONAL_UNAVAILABLE address=41:42:06:42:05:80 fallback_input=plughw:CARD=A01,DEV=0 fallback_output=plughw:CARD=A01,DEV=0 remediation=autoconnect_will_retry_later
[OK] code=AUDIO_DIRECT_FALLBACK_READY input=plughw:CARD=A01,DEV=0 output=plughw:CARD=A01,DEV=0
ok
test_pairing_busy_bluetooth_without_direct_audio_still_fails (tests.unit.test_x4_bluetooth_manager.BluetoothManagerTests.test_pairing_busy_bluetooth_without_direct_audio_still_fails) ... [RUNNING] code=BLUETOOTH_PAIR address=41:42:06:42:05:80 name=AIRHUG 01
ok
test_pairing_fails_early_when_headset_has_no_capture_route (tests.unit.test_x4_bluetooth_manager.BluetoothManagerTests.test_pairing_fails_early_when_headset_has_no_capture_route) ... [RUNNING] code=BLUETOOTH_PAIR address=AA:BB:CC:DD:EE:FF name=Lab Headset
ok
test_pairing_requires_verified_paired_trusted_connected_state (tests.unit.test_x4_bluetooth_manager.BluetoothManagerTests.test_pairing_requires_verified_paired_trusted_connected_state) ... [RUNNING] code=BLUETOOTH_PAIR address=AA:BB:CC:DD:EE:FF name=Lab Headset
[OK] code=BLUETOOTH_AUDIO_PAIRED address=AA:BB:CC:DD:EE:FF name=Lab Headset output=bluetooth_ready microphone=bluetooth_ready
ok
test_parse_capture_cards_matches_voice_runtime_alsa_identity (tests.unit.test_x4_bluetooth_manager.BluetoothManagerTests.test_parse_capture_cards_matches_voice_runtime_alsa_identity) ... ok
test_parse_devices_is_bounded_to_valid_mac_and_single_line_name (tests.unit.test_x4_bluetooth_manager.BluetoothManagerTests.test_parse_devices_is_bounded_to_valid_mac_and_single_line_name) ... ok
test_parse_info_distinguishes_output_and_headset_capability (tests.unit.test_x4_bluetooth_manager.BluetoothManagerTests.test_parse_info_distinguishes_output_and_headset_capability) ... ok
test_pipewire_nodes_return_each_matching_endpoint_once (tests.unit.test_x4_bluetooth_manager.BluetoothManagerTests.test_pipewire_nodes_return_each_matching_endpoint_once) ... ok
test_stack_status_requires_pipewire_bluetooth_plugin_package (tests.unit.test_x4_bluetooth_manager.BluetoothManagerTests.test_stack_status_requires_pipewire_bluetooth_plugin_package) ... ok
test_stack_status_requires_unblocked_powered_controller (tests.unit.test_x4_bluetooth_manager.BluetoothManagerTests.test_stack_status_requires_unblocked_powered_controller) ... ok

----------------------------------------------------------------------
Ran 85 tests in 20.165s

OK
