test_relay_discovers_logical_bcm_by_line_name_without_chip0_offset_assumption (tests.unit.test_v09_environment_hardware_adapters.GpiodRelayAdapterTests.test_relay_discovers_logical_bcm_by_line_name_without_chip0_offset_assumption) ... ok
test_relay_discovery_fails_closed_for_missing_or_ambiguous_line_name (tests.unit.test_v09_environment_hardware_adapters.GpiodRelayAdapterTests.test_relay_discovery_fails_closed_for_missing_or_ambiguous_line_name) ... ok
test_relay_prefers_pi5_rp1_when_duplicate_line_name_exists (tests.unit.test_v09_environment_hardware_adapters.GpiodRelayAdapterTests.test_relay_prefers_pi5_rp1_when_duplicate_line_name_exists) ... ok
test_relay_requests_line_inactive_and_reports_power_only_capability (tests.unit.test_v09_environment_hardware_adapters.GpiodRelayAdapterTests.test_relay_requests_line_inactive_and_reports_power_only_capability) ... ok
test_relay_sets_logical_power_and_safe_off_on_close (tests.unit.test_v09_environment_hardware_adapters.GpiodRelayAdapterTests.test_relay_sets_logical_power_and_safe_off_on_close) ... ok
test_relay_uses_header_topology_when_pi5_chip_label_is_missing (tests.unit.test_v09_environment_hardware_adapters.GpiodRelayAdapterTests.test_relay_uses_header_topology_when_pi5_chip_label_is_missing) ... ok
test_relay_write_failure_is_reported_as_actuator_unavailable (tests.unit.test_v09_environment_hardware_adapters.GpiodRelayAdapterTests.test_relay_write_failure_is_reported_as_actuator_unavailable) ... ok
test_crc_matches_sensirion_datasheet_example (tests.unit.test_v09_environment_hardware_adapters.SHT31AdapterTests.test_crc_matches_sensirion_datasheet_example) ... ok
test_decode_rejects_bad_crc (tests.unit.test_v09_environment_hardware_adapters.SHT31AdapterTests.test_decode_rejects_bad_crc) ... ok
test_decode_valid_frame_converts_temperature_and_humidity (tests.unit.test_v09_environment_hardware_adapters.SHT31AdapterTests.test_decode_valid_frame_converts_temperature_and_humidity) ... ok
test_linux_transport_selects_slave_and_writes_reads_exact_bytes (tests.unit.test_v09_environment_hardware_adapters.SHT31AdapterTests.test_linux_transport_selects_slave_and_writes_reads_exact_bytes) ... ok
test_linux_transport_short_read_fails_closed (tests.unit.test_v09_environment_hardware_adapters.SHT31AdapterTests.test_linux_transport_short_read_fails_closed) ... ok
test_owned_transport_is_recreated_after_transport_failure_for_recovery (tests.unit.test_v09_environment_hardware_adapters.SHT31AdapterTests.test_owned_transport_is_recreated_after_transport_failure_for_recovery) ... ok
test_sensor_rejects_address_outside_sht31_44_45_contract (tests.unit.test_v09_environment_hardware_adapters.SHT31AdapterTests.test_sensor_rejects_address_outside_sht31_44_45_contract) ... ok
test_sensor_transport_error_is_truthful_and_never_invents_values (tests.unit.test_v09_environment_hardware_adapters.SHT31AdapterTests.test_sensor_transport_error_is_truthful_and_never_invents_values) ... ok
test_sensor_uses_exact_two_byte_command_then_raw_six_byte_read (tests.unit.test_v09_environment_hardware_adapters.SHT31AdapterTests.test_sensor_uses_exact_two_byte_command_then_raw_six_byte_read) ... ok
test_soft_reset_and_clear_status_commands_are_exact (tests.unit.test_v09_environment_hardware_adapters.SHT31AdapterTests.test_soft_reset_and_clear_status_commands_are_exact) ... ok
test_status_crc_failure_is_fail_closed (tests.unit.test_v09_environment_hardware_adapters.SHT31AdapterTests.test_status_crc_failure_is_fail_closed) ... ok
test_status_read_and_heater_disable_use_exact_sht31_commands (tests.unit.test_v09_environment_hardware_adapters.SHT31AdapterTests.test_status_read_and_heater_disable_use_exact_sht31_commands) ... ok
test_service_applies_controller_state_to_injected_actuator (tests.unit.test_v09_environment_hardware_adapters.ServiceHardwareBoundaryTests.test_service_applies_controller_state_to_injected_actuator) ... ok
test_service_fails_closed_when_actuator_write_fails (tests.unit.test_v09_environment_hardware_adapters.ServiceHardwareBoundaryTests.test_service_fails_closed_when_actuator_write_fails) ... ok
test_ipc_modules_do_not_import_hardware_or_shell_surfaces (tests.unit.test_v09_environment_ipc.EnvironmentProtocolTests.test_ipc_modules_do_not_import_hardware_or_shell_surfaces) ... ok
test_protocol_rejects_unsafe_or_unknown_shapes (tests.unit.test_v09_environment_ipc.EnvironmentProtocolTests.test_protocol_rejects_unsafe_or_unknown_shapes) ... ok
test_request_encoding_is_bounded (tests.unit.test_v09_environment_ipc.EnvironmentProtocolTests.test_request_encoding_is_bounded) ... ok
test_service_core_exposes_status_health_and_sensor_read_without_physical_claims (tests.unit.test_v09_environment_ipc.EnvironmentServiceCoreTests.test_service_core_exposes_status_health_and_sensor_read_without_physical_claims) ... ok
test_service_mutations_validate_policy_generation_and_disabled_mode (tests.unit.test_v09_environment_ipc.EnvironmentServiceCoreTests.test_service_mutations_validate_policy_generation_and_disabled_mode) ... ok
test_service_rejects_bad_operation_parameters (tests.unit.test_v09_environment_ipc.EnvironmentServiceCoreTests.test_service_rejects_bad_operation_parameters) ... ok
test_client_surfaces_daemon_rejections_without_fake_success (tests.unit.test_v09_environment_ipc.EnvironmentUnixIpcTests.test_client_surfaces_daemon_rejections_without_fake_success) ... ok
test_server_rejects_non_socket_path_and_removes_socket_on_close (tests.unit.test_v09_environment_ipc.EnvironmentUnixIpcTests.test_server_rejects_non_socket_path_and_removes_socket_on_close) ... ok
test_unix_socket_contract_status_sensor_fan_mode_policy (tests.unit.test_v09_environment_ipc.EnvironmentUnixIpcTests.test_unix_socket_contract_status_sensor_fan_mode_policy) ... ok
test_capability_boundary_never_claims_speed_or_motion_feedback (tests.unit.test_v09_environment_policy.EnvironmentDomainTests.test_capability_boundary_never_claims_speed_or_motion_feedback) ... ok
test_mode_parser_accepts_operator_aliases_without_llm_authority (tests.unit.test_v09_environment_policy.EnvironmentDomainTests.test_mode_parser_accepts_operator_aliases_without_llm_authority) ... ok
test_sensor_reading_quality_rejects_crc_error_and_staleness (tests.unit.test_v09_environment_policy.EnvironmentDomainTests.test_sensor_reading_quality_rejects_crc_error_and_staleness) ... ok
test_corrupt_policy_file_fails_closed_instead_of_guessing_auto_defaults (tests.unit.test_v09_environment_policy.EnvironmentPolicyTests.test_corrupt_policy_file_fails_closed_instead_of_guessing_auto_defaults) ... ok
test_default_policy_is_manual_with_demonstration_thresholds (tests.unit.test_v09_environment_policy.EnvironmentPolicyTests.test_default_policy_is_manual_with_demonstration_thresholds) ... ok
test_generation_conflict_rejects_stale_policy_writer (tests.unit.test_v09_environment_policy.EnvironmentPolicyTests.test_generation_conflict_rejects_stale_policy_writer) ... ok
test_invalid_thresholds_and_dwell_are_rejected_before_persistence (tests.unit.test_v09_environment_policy.EnvironmentPolicyTests.test_invalid_thresholds_and_dwell_are_rejected_before_persistence) ... ok
test_mapping_contract_is_closed_and_round_trips (tests.unit.test_v09_environment_policy.EnvironmentPolicyTests.test_mapping_contract_is_closed_and_round_trips) ... ok
test_policy_store_creates_default_atomically_with_restricted_mode (tests.unit.test_v09_environment_policy.EnvironmentPolicyTests.test_policy_store_creates_default_atomically_with_restricted_mode) ... ok
test_policy_store_preserves_old_generation_when_new_policy_is_invalid (tests.unit.test_v09_environment_policy.EnvironmentPolicyTests.test_policy_store_preserves_old_generation_when_new_policy_is_invalid) ... ok
test_background_polling_loop_is_bounded_and_stoppable (tests.unit.test_v09_environment_polling_loop.EnvironmentPollingLoopTests.test_background_polling_loop_is_bounded_and_stoppable) ... ok
test_environment_daemon_from_config_attaches_polling_loop_without_physical_evidence (tests.unit.test_v09_environment_polling_loop.EnvironmentPollingLoopTests.test_environment_daemon_from_config_attaches_polling_loop_without_physical_evidence) ... ok
test_poll_once_converts_sensor_exception_to_degraded_safe_off (tests.unit.test_v09_environment_polling_loop.EnvironmentPollingLoopTests.test_poll_once_converts_sensor_exception_to_degraded_safe_off) ... ok
test_poll_once_reads_sensor_and_applies_auto_transition (tests.unit.test_v09_environment_polling_loop.EnvironmentPollingLoopTests.test_poll_once_reads_sensor_and_applies_auto_transition) ... ok
test_poll_once_records_actuator_error_without_killing_daemon_path (tests.unit.test_v09_environment_polling_loop.EnvironmentPollingLoopTests.test_poll_once_records_actuator_error_without_killing_daemon_path) ... ok
test_backward_compatible_sensor_deferred_wrapper (tests.unit.test_v09_environment_profile_manager.EnvironmentProfileManagerTests.test_backward_compatible_sensor_deferred_wrapper) ... ok
test_every_governed_profile_is_atomic_exact_and_idempotent (tests.unit.test_v09_environment_profile_manager.EnvironmentProfileManagerTests.test_every_governed_profile_is_atomic_exact_and_idempotent) ... ok
test_existing_unknown_admin_configuration_is_never_overwritten (tests.unit.test_v09_environment_profile_manager.EnvironmentProfileManagerTests.test_existing_unknown_admin_configuration_is_never_overwritten) ... ok
test_managed_profiles_transition_atomically_without_actuation (tests.unit.test_v09_environment_profile_manager.EnvironmentProfileManagerTests.test_managed_profiles_transition_atomically_without_actuation) ... ok
test_managed_real_sensor_profile_can_transition_between_44_and_45 (tests.unit.test_v09_environment_profile_manager.EnvironmentProfileManagerTests.test_managed_real_sensor_profile_can_transition_between_44_and_45) ... ok
test_profiles_cover_all_backend_parity_combinations_and_safe_off (tests.unit.test_v09_environment_profile_manager.EnvironmentProfileManagerTests.test_profiles_cover_all_backend_parity_combinations_and_safe_off) ... ok
test_real_sensor_profiles_pin_bus_address_and_high_repeatability (tests.unit.test_v09_environment_profile_manager.EnvironmentProfileManagerTests.test_real_sensor_profiles_pin_bus_address_and_high_repeatability) ... ok
test_real_sensor_profiles_support_only_governed_44_or_45_addresses (tests.unit.test_v09_environment_profile_manager.EnvironmentProfileManagerTests.test_real_sensor_profiles_support_only_governed_44_or_45_addresses) ... ok
test_simulated_sensor_profile_rejects_nondefault_sensor_address_flag (tests.unit.test_v09_environment_profile_manager.EnvironmentProfileManagerTests.test_simulated_sensor_profile_rejects_nondefault_sensor_address_flag) ... ok
test_symlink_site_is_refused (tests.unit.test_v09_environment_profile_manager.EnvironmentProfileManagerTests.test_symlink_site_is_refused) ... ok
test_conflicting_environment_unit_fails_closed (tests.unit.test_v09_environment_service_manager.EnvironmentServiceManagerTests.test_conflicting_environment_unit_fails_closed) ... ok
test_environment_unit_is_local_only_least_privilege_and_independent (tests.unit.test_v09_environment_service_manager.EnvironmentServiceManagerTests.test_environment_unit_is_local_only_least_privilege_and_independent) ... ok
test_install_status_remove_are_structural_and_do_not_enable_or_start (tests.unit.test_v09_environment_service_manager.EnvironmentServiceManagerTests.test_install_status_remove_are_structural_and_do_not_enable_or_start) ... ok
test_tmpfiles_contract_uses_separate_state_and_socket_client_group (tests.unit.test_v09_environment_service_manager.EnvironmentServiceManagerTests.test_tmpfiles_contract_uses_separate_state_and_socket_client_group) ... ok
test_voice_service_has_soft_environment_dependency_only (tests.unit.test_v09_environment_service_manager.EnvironmentServiceManagerTests.test_voice_service_has_soft_environment_dependency_only) ... ok
test_defaults_keep_simulation_control_disabled (tests.unit.test_v09_environment_simulation.EnvironmentSimulationConfigTests.test_defaults_keep_simulation_control_disabled) ... ok
test_evidence_mode_classifier_keeps_hybrid_modes_distinct (tests.unit.test_v09_environment_simulation.EnvironmentSimulationConfigTests.test_evidence_mode_classifier_keeps_hybrid_modes_distinct) ... ok
test_independent_simulation_backend_axes_are_validated (tests.unit.test_v09_environment_simulation.EnvironmentSimulationConfigTests.test_independent_simulation_backend_axes_are_validated) ... ok
test_unknown_simulation_backend_is_rejected (tests.unit.test_v09_environment_simulation.EnvironmentSimulationConfigTests.test_unknown_simulation_backend_is_rejected) ... ok
test_operator_simulation_cli_over_unix_socket_drives_full_sim_without_physical_claim (tests.unit.test_v09_environment_simulation.EnvironmentSimulationProtocolTests.test_operator_simulation_cli_over_unix_socket_drives_full_sim_without_physical_claim) ... ok
test_service_core_supports_simulation_protocol_and_polling (tests.unit.test_v09_environment_simulation.EnvironmentSimulationProtocolTests.test_service_core_supports_simulation_protocol_and_polling) ... ok
test_simulated_actuator_fail_next_write_surfaces_service_error_and_safe_off (tests.unit.test_v09_environment_simulation.EnvironmentSimulationProtocolTests.test_simulated_actuator_fail_next_write_surfaces_service_error_and_safe_off) ... ok
test_simulation_operations_reject_wrong_backend_axis (tests.unit.test_v09_environment_simulation.EnvironmentSimulationProtocolTests.test_simulation_operations_reject_wrong_backend_axis) ... ok
test_simulation_runtime_control_is_explicitly_opt_in (tests.unit.test_v09_environment_simulation.EnvironmentSimulationProtocolTests.test_simulation_runtime_control_is_explicitly_opt_in) ... ok
test_unix_protocol_accepts_simulation_operations (tests.unit.test_v09_environment_simulation.EnvironmentSimulationProtocolTests.test_unix_protocol_accepts_simulation_operations) ... ok
test_factories_select_simulated_backends_without_physical_adapters (tests.unit.test_v09_environment_simulation.SimulatedAdapterTests.test_factories_select_simulated_backends_without_physical_adapters) ... ok
test_simulated_actuator_records_power_and_fault_injection_without_gpiod (tests.unit.test_v09_environment_simulation.SimulatedAdapterTests.test_simulated_actuator_records_power_and_fault_injection_without_gpiod) ... ok
test_simulated_sensor_persists_reading_and_faults_truthfully (tests.unit.test_v09_environment_simulation.SimulatedAdapterTests.test_simulated_sensor_persists_reading_and_faults_truthfully) ... ok
test_simulated_sensor_rejects_invalid_operator_values (tests.unit.test_v09_environment_simulation.SimulatedAdapterTests.test_simulated_sensor_rejects_invalid_operator_values) ... ok
test_ambiguous_environment_request_clarifies_without_client_or_llm_call (tests.unit.test_v09_environment_voice_intents.ConversationBrainEnvironmentActionTests.test_ambiguous_environment_request_clarifies_without_client_or_llm_call) ... ok
test_daemon_rejection_is_spoken_without_fake_success (tests.unit.test_v09_environment_voice_intents.ConversationBrainEnvironmentActionTests.test_daemon_rejection_is_spoken_without_fake_success) ... ok
test_environment_action_uses_daemon_client_before_llm_and_does_not_add_chat_history (tests.unit.test_v09_environment_voice_intents.ConversationBrainEnvironmentActionTests.test_environment_action_uses_daemon_client_before_llm_and_does_not_add_chat_history) ... ok
test_general_question_still_uses_local_llm_path (tests.unit.test_v09_environment_voice_intents.ConversationBrainEnvironmentActionTests.test_general_question_still_uses_local_llm_path) ... ok
test_policy_update_passes_typed_params_only (tests.unit.test_v09_environment_voice_intents.ConversationBrainEnvironmentActionTests.test_policy_update_passes_typed_params_only) ... ok
test_parser_ignores_general_conversation_and_has_no_hardware_or_shell_surface (tests.unit.test_v09_environment_voice_intents.EnvironmentVoiceIntentParserTests.test_parser_ignores_general_conversation_and_has_no_hardware_or_shell_surface) ... ok
test_parser_maps_clear_actions_and_thresholds_but_clarifies_ambiguous_temperature (tests.unit.test_v09_environment_voice_intents.EnvironmentVoiceIntentParserTests.test_parser_maps_clear_actions_and_thresholds_but_clarifies_ambiguous_temperature) ... ok
test_parser_maps_queries_and_status_to_allowlisted_operations (tests.unit.test_v09_environment_voice_intents.EnvironmentVoiceIntentParserTests.test_parser_maps_queries_and_status_to_allowlisted_operations) ... ok
test_hybrid_voice_wording_identifies_simulated_side (tests.unit.test_v09_environment_voice_intents.EnvironmentVoiceResponseTests.test_hybrid_voice_wording_identifies_simulated_side) ... ok
test_responses_are_derived_from_daemon_results_and_do_not_claim_speed_or_motion (tests.unit.test_v09_environment_voice_intents.EnvironmentVoiceResponseTests.test_responses_are_derived_from_daemon_results_and_do_not_claim_speed_or_motion) ... ok
test_simulation_voice_wording_never_sounds_like_physical_room_or_fan_evidence (tests.unit.test_v09_environment_voice_intents.EnvironmentVoiceResponseTests.test_simulation_voice_wording_never_sounds_like_physical_room_or_fan_evidence) ... ok
test_probe_fails_closed_when_header_identity_remains_ambiguous (tests.unit.test_v09_gpio_identity_preflight.GpioIdentityPreflightTests.test_probe_fails_closed_when_header_identity_remains_ambiguous) ... ok
test_probe_resolves_pi5_header_without_requesting_lines (tests.unit.test_v09_gpio_identity_preflight.GpioIdentityPreflightTests.test_probe_resolves_pi5_header_without_requesting_lines) ... ok
test_cli_reports_planned_pause_not_error_when_reboot_is_required (tests.unit.test_v09_i2c_manager.I2CManagerTests.test_cli_reports_planned_pause_not_error_when_reboot_is_required) ... ok
test_enable_accepts_delayed_device_without_reboot (tests.unit.test_v09_i2c_manager.I2CManagerTests.test_enable_accepts_delayed_device_without_reboot) ... ok
test_enable_requires_root_and_never_runs_raspi_config (tests.unit.test_v09_i2c_manager.I2CManagerTests.test_enable_requires_root_and_never_runs_raspi_config) ... ok
test_enable_uses_noninteractive_raspi_config_and_reports_reboot (tests.unit.test_v09_i2c_manager.I2CManagerTests.test_enable_uses_noninteractive_raspi_config_and_reports_reboot) ... ok
test_require_ready_returns_75_without_mutating_system (tests.unit.test_v09_i2c_manager.I2CManagerTests.test_require_ready_returns_75_without_mutating_system) ... [ERROR] code=I2C_NOT_READY message=I2C device/service-user prerequisites are not ready remediation=run sudo i2c_manager.py enable, reboot if requested, then rerun status
ok
test_status_fails_readiness_when_service_user_lacks_i2c (tests.unit.test_v09_i2c_manager.I2CManagerTests.test_status_fails_readiness_when_service_user_lacks_i2c) ... ok
test_status_requires_device_and_service_user_group (tests.unit.test_v09_i2c_manager.I2CManagerTests.test_status_requires_device_and_service_user_group) ... ok
test_status_requires_real_service_context_openability_not_group_name_only (tests.unit.test_v09_i2c_manager.I2CManagerTests.test_status_requires_real_service_context_openability_not_group_name_only) ... ok

----------------------------------------------------------------------
Ran 95 tests in 5.667s

OK
[PAUSED] code=I2C_REBOOT_REQUIRED configured=true device_exists=false action=reboot_then_resume_same_installer
[OK] code=I2C_STATUS status=NOT_READY device_exists=false user_i2c_group=true service_user_can_open=false
