test_resolve_ref_accepts_unambiguous_local_branch_under_test_gate (tests.unit.test_m8_update_manager.UpdateManagerTests.test_resolve_ref_accepts_unambiguous_local_branch_under_test_gate) ... ok
test_source_and_ref_validation_fail_closed (tests.unit.test_m8_update_manager.UpdateManagerTests.test_source_and_ref_validation_fail_closed) ... ok
test_update_builds_activates_prunes_and_restarts_service (tests.unit.test_m8_update_manager.UpdateManagerTests.test_update_builds_activates_prunes_and_restarts_service) ... ok
test_update_noop_does_not_restart_service (tests.unit.test_m8_update_manager.UpdateManagerTests.test_update_noop_does_not_restart_service) ... ok
test_chat_disables_thinking_for_structured_json_contract (tests.unit.test_qwen_runtime_contract.QwenRuntimeContractTests.test_chat_disables_thinking_for_structured_json_contract) ... ok
test_human_report_has_exact_boundary_language (tests.unit.test_release_readiness.ReleaseReadinessTests.test_human_report_has_exact_boundary_language) ... ok
test_report_is_ready_for_target_acceptance_from_clean_tree (tests.unit.test_release_readiness.ReleaseReadinessTests.test_report_is_ready_for_target_acceptance_from_clean_tree) ... ok
test_target_acceptance_runbook_is_user_facing (tests.unit.test_release_readiness.ReleaseReadinessTests.test_target_acceptance_runbook_is_user_facing) ... ok
test_overflow_still_counts_toward_recording_time_limit (tests.unit.test_runtime_audio.AudioTests.test_overflow_still_counts_toward_recording_time_limit) ... ok
test_queue_frame_accounting_overflow_duration_and_close (tests.unit.test_runtime_audio.AudioTests.test_queue_frame_accounting_overflow_duration_and_close) ... ok
test_reenumeration_backoff_and_late_hotplug (tests.unit.test_runtime_audio.AudioTests.test_reenumeration_backoff_and_late_hotplug) ... ok
test_resampling_suppresses_alias_without_destroying_passband (tests.unit.test_runtime_audio.AudioTests.test_resampling_suppresses_alias_without_destroying_passband) ... ok
test_selection_missing_ambiguous_exact_rate_and_renumber (tests.unit.test_runtime_audio.AudioTests.test_selection_missing_ambiguous_exact_rate_and_renumber) ... ok
test_stereo_conversion_and_rejected_ratios (tests.unit.test_runtime_audio.AudioTests.test_stereo_conversion_and_rejected_ratios) ... ok
test_cancel_at_each_stage_releases_audio_and_client (tests.unit.test_runtime_audio.CoordinatorTests.test_cancel_at_each_stage_releases_audio_and_client) ... ok
test_complete_audio_path_and_no_feedback (tests.unit.test_runtime_audio.CoordinatorTests.test_complete_audio_path_and_no_feedback) ... ok
test_concurrent_activation_only_one_is_accepted (tests.unit.test_runtime_audio.CoordinatorTests.test_concurrent_activation_only_one_is_accepted) ... ok
test_failure_at_each_stage_recovers_without_raw_error (tests.unit.test_runtime_audio.CoordinatorTests.test_failure_at_each_stage_recovers_without_raw_error) ... ok
test_invalid_transition_and_input_rejected (tests.unit.test_runtime_audio.CoordinatorTests.test_invalid_transition_and_input_rejected) ... ok
test_text_mode_never_captures_or_speaks (tests.unit.test_runtime_audio.CoordinatorTests.test_text_mode_never_captures_or_speaks) ... ok
test_waiting_recovery_and_shutdown_before_consumption (tests.unit.test_runtime_audio.CoordinatorTests.test_waiting_recovery_and_shutdown_before_consumption) ... ok
test_no_arbitrary_error_text (tests.unit.test_runtime_audio.HealthTests.test_no_arbitrary_error_text) ... ok
test_precedence_exit_codes_and_empty_is_not_ready (tests.unit.test_runtime_audio.HealthTests.test_precedence_exit_codes_and_empty_is_not_ready) ... ok
test_bounce_hold_release_and_led_before_submit (tests.unit.test_runtime_audio.PTTTests.test_bounce_hold_release_and_led_before_submit) ... ok
test_missing_device_and_start_failure_fail_closed (tests.unit.test_runtime_audio.PTTTests.test_missing_device_and_start_failure_fail_closed) ... ok
test_stuck_button_cancels_no_processing_until_release (tests.unit.test_runtime_audio.PTTTests.test_stuck_button_cancels_no_processing_until_release) ... ok
test_reject_shell_string_and_relative_executable (tests.unit.test_runtime_audio.ProcessTests.test_reject_shell_string_and_relative_executable) ... ok
test_success_stderr_privacy_failure_timeout_and_cancel (tests.unit.test_runtime_audio.ProcessTests.test_success_stderr_privacy_failure_timeout_and_cancel) ... ok
test_stt_cleanup_and_empty_output_refusal (tests.unit.test_runtime_audio.SpeechTests.test_stt_cleanup_and_empty_output_refusal) ... ok
test_tts_cleanup_on_success_playback_failure_and_process_failure (tests.unit.test_runtime_audio.SpeechTests.test_tts_cleanup_on_success_playback_failure_and_process_failure) ... ok
test_wav_and_normalization (tests.unit.test_runtime_audio.SpeechTests.test_wav_and_normalization) ... ok
test_bundle_exact_members_redacted_paths_no_raw_files (tests.unit.test_support_export.SupportTests.test_bundle_exact_members_redacted_paths_no_raw_files) ... ok
test_bundle_preserves_allow_listed_health_reason_codes (tests.unit.test_support_export.SupportTests.test_bundle_preserves_allow_listed_health_reason_codes) ... ok
test_content_in_telemetry_rejected_before_output (tests.unit.test_support_export.SupportTests.test_content_in_telemetry_rejected_before_output) ... ok
test_existing_symlink_and_publish_race_preserve_destination (tests.unit.test_support_export.SupportTests.test_existing_symlink_and_publish_race_preserve_destination) ... ok
test_extra_health_details_are_not_exported (tests.unit.test_support_export.SupportTests.test_extra_health_details_are_not_exported) ... ok
test_gpio_platform_export_is_allowlisted_and_drops_raw_command_text (tests.unit.test_support_export.SupportTests.test_gpio_platform_export_is_allowlisted_and_drops_raw_command_text) ... ok
test_install_event_export_is_bounded_allow_listed_and_content_free (tests.unit.test_support_export.SupportTests.test_install_event_export_is_bounded_allow_listed_and_content_free) ... ok
test_release_identity_export_binds_current_symlink_to_record (tests.unit.test_support_export.SupportTests.test_release_identity_export_binds_current_symlink_to_record) ... ok
test_release_identity_rejects_unknown_record_format (tests.unit.test_support_export.SupportTests.test_release_identity_rejects_unknown_record_format) ... ok
test_runtime_binding_member_reports_release_interpreter_probe_without_raw_output (tests.unit.test_support_export.SupportTests.test_runtime_binding_member_reports_release_interpreter_probe_without_raw_output) ... ok
test_service_event_export_counts_codes_without_exporting_journal_text (tests.unit.test_support_export.SupportTests.test_service_event_export_counts_codes_without_exporting_journal_text) ... ok
test_startup_snapshot_is_allow_listed_member (tests.unit.test_support_export.SupportTests.test_startup_snapshot_is_allow_listed_member) ... ok
test_automated_suites_do_not_import_optional_boundaries (tests.unit.test_test_architecture.TestArchitectureTests.test_automated_suites_do_not_import_optional_boundaries) ... ok
test_ci_entry_point_has_no_install_or_network_step (tests.unit.test_test_architecture.TestArchitectureTests.test_ci_entry_point_has_no_install_or_network_step) ... ok
test_hardware_and_live_probe_boundaries_are_documented (tests.unit.test_test_architecture.TestArchitectureTests.test_hardware_and_live_probe_boundaries_are_documented) ... ok
test_manual_programs_refuse_unintentional_execution (tests.unit.test_test_architecture.TestArchitectureTests.test_manual_programs_refuse_unintentional_execution) ... ok
test_no_interactive_program_is_named_as_an_automated_test (tests.unit.test_test_architecture.TestArchitectureTests.test_no_interactive_program_is_named_as_an_automated_test) ... ok
test_ci_t0_invokes_v09_documentation_validator (tests.unit.test_v09_documentation_hardening.V09DocumentationHardeningTests.test_ci_t0_invokes_v09_documentation_validator) ... ok
test_executed_simulation_milestones_have_no_stale_planned_rows (tests.unit.test_v09_documentation_hardening.V09DocumentationHardeningTests.test_executed_simulation_milestones_have_no_stale_planned_rows) ... ok
test_room_environment_docs_are_user_facing_and_boundary_safe (tests.unit.test_v09_documentation_hardening.V09DocumentationHardeningTests.test_room_environment_docs_are_user_facing_and_boundary_safe) ... ok
test_v09_documentation_validator_passes (tests.unit.test_v09_documentation_hardening.V09DocumentationHardeningTests.test_v09_documentation_validator_passes) ... ok
test_wake_default_examples_are_not_stale (tests.unit.test_v09_documentation_hardening.V09DocumentationHardeningTests.test_wake_default_examples_are_not_stale) ... ok
test_default_collection_is_non_destructive_and_blocks_fan_cycle (tests.unit.test_v09_environment_acceptance_runner.EnvironmentAcceptanceRunnerTests.test_default_collection_is_non_destructive_and_blocks_fan_cycle) ... ok
test_explicit_actuation_runs_fan_cycle_commands_but_still_claims_no_acceptance (tests.unit.test_v09_environment_acceptance_runner.EnvironmentAcceptanceRunnerTests.test_explicit_actuation_runs_fan_cycle_commands_but_still_claims_no_acceptance) ... ok
test_physical_acceptance_runner_blocks_simulated_backend_json (tests.unit.test_v09_environment_acceptance_runner.EnvironmentAcceptanceRunnerTests.test_physical_acceptance_runner_blocks_simulated_backend_json) ... ok
test_plan_only_writes_private_evidence_without_executing_commands (tests.unit.test_v09_environment_acceptance_runner.EnvironmentAcceptanceRunnerTests.test_plan_only_writes_private_evidence_without_executing_commands) ... ok
test_release_payload_includes_environment_acceptance_runner (tests.unit.test_v09_environment_acceptance_runner.EnvironmentAcceptanceRunnerTests.test_release_payload_includes_environment_acceptance_runner) ... ok
test_simulation_detector_blocks_nested_status_payloads (tests.unit.test_v09_environment_acceptance_runner.EnvironmentAcceptanceRunnerTests.test_simulation_detector_blocks_nested_status_payloads) ... ok
test_target_runbook_references_private_environment_evidence (tests.unit.test_v09_environment_acceptance_runner.EnvironmentAcceptanceRunnerTests.test_target_runbook_references_private_environment_evidence) ... ok
test_daemon_rejection_is_reported_without_fake_success (tests.unit.test_v09_environment_cli.EnvironmentCliTests.test_daemon_rejection_is_reported_without_fake_success) ... ok
test_env_serve_check_does_not_call_safe_off_or_open_resources (tests.unit.test_v09_environment_cli.EnvironmentCliTests.test_env_serve_check_does_not_call_safe_off_or_open_resources) ... ok
test_env_serve_disabled_exits_without_fake_hardware (tests.unit.test_v09_environment_cli.EnvironmentCliTests.test_env_serve_disabled_exits_without_fake_hardware) ... ok
test_env_serve_enabled_check_builds_without_hardware_evidence_or_socket_loop (tests.unit.test_v09_environment_cli.EnvironmentCliTests.test_env_serve_enabled_check_builds_without_hardware_evidence_or_socket_loop) ... ok
test_fan_mode_and_policy_mutations_pass_typed_arguments_only (tests.unit.test_v09_environment_cli.EnvironmentCliTests.test_fan_mode_and_policy_mutations_pass_typed_arguments_only) ... ok
test_policy_set_without_fields_fails_before_daemon_call (tests.unit.test_v09_environment_cli.EnvironmentCliTests.test_policy_set_without_fields_fails_before_daemon_call) ... ok
test_policy_show_health_and_probe_are_non_mutating_client_calls (tests.unit.test_v09_environment_cli.EnvironmentCliTests.test_policy_show_health_and_probe_are_non_mutating_client_calls) ... ok
test_simulation_cli_commands_use_typed_ipc_only (tests.unit.test_v09_environment_cli.EnvironmentCliTests.test_simulation_cli_commands_use_typed_ipc_only) ... ok
test_status_json_uses_ipc_client_and_reports_no_physical_evidence (tests.unit.test_v09_environment_cli.EnvironmentCliTests.test_status_json_uses_ipc_client_and_reports_no_physical_evidence) ... ok
test_temperature_and_humidity_commands_read_sensor_once (tests.unit.test_v09_environment_cli.EnvironmentCliTests.test_temperature_and_humidity_commands_read_sensor_once) ... ok
test_watch_observes_snapshots_passively_without_extra_sensor_reads (tests.unit.test_v09_environment_cli.EnvironmentCliTests.test_watch_observes_snapshots_passively_without_extra_sensor_reads) ... ok
test_environment_relay_pin_must_not_reuse_i2c_or_existing_interaction_gpios (tests.unit.test_v09_environment_config.V09EnvironmentConfigTests.test_environment_relay_pin_must_not_reuse_i2c_or_existing_interaction_gpios) ... ok
test_environment_static_policy_bounds_are_cross_validated (tests.unit.test_v09_environment_config.V09EnvironmentConfigTests.test_environment_static_policy_bounds_are_cross_validated) ... ok
test_schema_one_site_config_migrates_without_downgrading_effective_schema (tests.unit.test_v09_environment_config.V09EnvironmentConfigTests.test_schema_one_site_config_migrates_without_downgrading_effective_schema) ... ok
test_schema_two_defaults_add_disabled_environment_static_contract (tests.unit.test_v09_environment_config.V09EnvironmentConfigTests.test_schema_two_defaults_add_disabled_environment_static_contract) ... ok
test_auto_forces_safe_off_on_stale_sensor_and_requires_recovery_sequence (tests.unit.test_v09_environment_controller.EnvironmentControllerTests.test_auto_forces_safe_off_on_stale_sensor_and_requires_recovery_sequence) ... ok
test_automatic_uses_recovery_samples_hysteresis_and_dwell (tests.unit.test_v09_environment_controller.EnvironmentControllerTests.test_automatic_uses_recovery_samples_hysteresis_and_dwell) ... ok
test_controller_is_pure_and_boots_safe_off (tests.unit.test_v09_environment_controller.EnvironmentControllerTests.test_controller_is_pure_and_boots_safe_off) ... ok
test_disabled_mode_rejects_on_and_keeps_safe_off (tests.unit.test_v09_environment_controller.EnvironmentControllerTests.test_disabled_mode_rejects_on_and_keeps_safe_off) ... ok
test_generic_on_or_off_in_auto_switches_to_manual_with_actual_state (tests.unit.test_v09_environment_controller.EnvironmentControllerTests.test_generic_on_or_off_in_auto_switches_to_manual_with_actual_state) ... ok
test_manual_keeps_deliberate_actuator_state_independent_of_sensor_failure (tests.unit.test_v09_environment_controller.EnvironmentControllerTests.test_manual_keeps_deliberate_actuator_state_independent_of_sensor_failure) ... ok
test_policy_update_can_stop_running_auto_fan_without_auto_starting_semi (tests.unit.test_v09_environment_controller.EnvironmentControllerTests.test_policy_update_can_stop_running_auto_fan_without_auto_starting_semi) ... ok
test_semi_automatic_never_auto_starts_but_auto_stops_after_user_start (tests.unit.test_v09_environment_controller.EnvironmentControllerTests.test_semi_automatic_never_auto_starts_but_auto_stops_after_user_start) ... ok
test_bounds_are_derived_from_static_config (tests.unit.test_v09_environment_daemon_activation.EnvironmentDaemonActivationTests.test_bounds_are_derived_from_static_config) ... ok
test_build_core_creates_default_policy_and_uses_injected_adapters_without_hardware_evidence (tests.unit.test_v09_environment_daemon_activation.EnvironmentDaemonActivationTests.test_build_core_creates_default_policy_and_uses_injected_adapters_without_hardware_evidence) ... ok
test_cli_env_serve_check_builds_config_without_starting_socket_or_claiming_physical_evidence (tests.unit.test_v09_environment_daemon_activation.EnvironmentDaemonActivationTests.test_cli_env_serve_check_builds_config_without_starting_socket_or_claiming_physical_evidence) ... ok
test_corrupt_policy_fails_closed_without_replacing_operator_file (tests.unit.test_v09_environment_daemon_activation.EnvironmentDaemonActivationTests.test_corrupt_policy_fails_closed_without_replacing_operator_file) ... ok
test_disabled_config_refuses_core_build (tests.unit.test_v09_environment_daemon_activation.EnvironmentDaemonActivationTests.test_disabled_config_refuses_core_build) ... ok
test_unix_server_uses_configured_socket_and_cleans_up_safe_off (tests.unit.test_v09_environment_daemon_activation.EnvironmentDaemonActivationTests.test_unix_server_uses_configured_socket_and_cleans_up_safe_off) ... 