test_development_contract_is_explicit_and_bounded (tests.unit.test_m3_1_preflight.PlatformAndResourceTests.test_development_contract_is_explicit_and_bounded) ... ok
test_disk_ram_and_clock_fail_independently (tests.unit.test_m3_1_preflight.PlatformAndResourceTests.test_disk_ram_and_clock_fail_independently) ... ok
test_exact_target_contract_passes (tests.unit.test_m3_1_preflight.PlatformAndResourceTests.test_exact_target_contract_passes) ... ok
test_missing_required_command_is_reported (tests.unit.test_m3_1_preflight.PlatformAndResourceTests.test_missing_required_command_is_reported) ... ok
test_unsupported_os_arch_python_init_and_board_fail (tests.unit.test_m3_1_preflight.PlatformAndResourceTests.test_unsupported_os_arch_python_init_and_board_fail) ... ok
test_direct_root_does_not_require_sudo (tests.unit.test_m3_1_preflight.PrivilegePreflightTests.test_direct_root_does_not_require_sudo) ... ok
test_non_root_validates_sudo_exactly_once (tests.unit.test_m3_1_preflight.PrivilegePreflightTests.test_non_root_validates_sudo_exactly_once) ... ok
test_non_root_with_rejected_sudo_fails_diagnostically (tests.unit.test_m3_1_preflight.PrivilegePreflightTests.test_non_root_with_rejected_sudo_fails_diagnostically) ... ok
test_non_root_without_sudo_fails_diagnostically (tests.unit.test_m3_1_preflight.PrivilegePreflightTests.test_non_root_without_sudo_fails_diagnostically) ... ok
test_root_invoked_through_sudo_records_original_user (tests.unit.test_m3_1_preflight.PrivilegePreflightTests.test_root_invoked_through_sudo_records_original_user) ... ok
test_advertised_local_ref_resolves_to_exact_commit (tests.unit.test_m3_1_preflight.SourceAndCheckoutTests.test_advertised_local_ref_resolves_to_exact_commit) ... ok
test_clean_checkout_and_empty_or_absent_paths_pass (tests.unit.test_m3_1_preflight.SourceAndCheckoutTests.test_clean_checkout_and_empty_or_absent_paths_pass) ... ok
test_different_branch_and_tag_with_same_name_are_ambiguous (tests.unit.test_m3_1_preflight.SourceAndCheckoutTests.test_different_branch_and_tag_with_same_name_are_ambiguous) ... ok
test_local_checkpoint_checkout_and_resolver_bind_exact_clean_head (tests.unit.test_m3_1_preflight.SourceAndCheckoutTests.test_local_checkpoint_checkout_and_resolver_bind_exact_clean_head) ... ok
test_network_or_missing_ref_failure_is_structured (tests.unit.test_m3_1_preflight.SourceAndCheckoutTests.test_network_or_missing_ref_failure_is_structured) ... ok
test_private_staging_does_not_leak_umask (tests.unit.test_m3_1_preflight.SourceAndCheckoutTests.test_private_staging_does_not_leak_umask) ... ok
test_private_staging_records_source_and_observed_facts (tests.unit.test_m3_1_preflight.SourceAndCheckoutTests.test_private_staging_records_source_and_observed_facts) ... ok
test_source_request_rejects_credentials_unsafe_ref_and_target_file_url (tests.unit.test_m3_1_preflight.SourceAndCheckoutTests.test_source_request_rejects_credentials_unsafe_ref_and_target_file_url) ... ok
test_target_local_checkpoint_requires_explicit_mode_and_full_commit (tests.unit.test_m3_1_preflight.SourceAndCheckoutTests.test_target_local_checkpoint_requires_explicit_mode_and_full_commit) ... ok
test_tracked_staged_and_untracked_changes_are_rejected (tests.unit.test_m3_1_preflight.SourceAndCheckoutTests.test_tracked_staged_and_untracked_changes_are_rejected) ... ok
test_unexpected_origin_and_non_git_contents_are_rejected (tests.unit.test_m3_1_preflight.SourceAndCheckoutTests.test_unexpected_origin_and_non_git_contents_are_rejected) ... ok
test_atomic_record_is_private_and_leaves_no_temporary_file (tests.unit.test_m3_2_install_engine.AtomicRecordTests.test_atomic_record_is_private_and_leaves_no_temporary_file) ... ok
test_atomic_record_preserves_callers_umask (tests.unit.test_m3_2_install_engine.AtomicRecordTests.test_atomic_record_preserves_callers_umask) ... ok
test_atomic_record_rejects_symlink_destination (tests.unit.test_m3_2_install_engine.AtomicRecordTests.test_atomic_record_rejects_symlink_destination) ... ok
test_known_migration_refuses_group_writable_state (tests.unit.test_m3_2_install_engine.AtomicRecordTests.test_known_migration_refuses_group_writable_state) ... ok
test_known_owned_0755_private_state_can_be_repaired_explicitly (tests.unit.test_m3_2_install_engine.AtomicRecordTests.test_known_owned_0755_private_state_can_be_repaired_explicitly) ... ok
test_private_directory_keeps_parent_traversable_and_preserves_umask (tests.unit.test_m3_2_install_engine.AtomicRecordTests.test_private_directory_keeps_parent_traversable_and_preserves_umask) ... ok
test_private_state_0755_still_fails_without_explicit_migration (tests.unit.test_m3_2_install_engine.AtomicRecordTests.test_private_state_0755_still_fails_without_explicit_migration) ... ok
test_record_parser_rejects_unknown_duplicate_and_malformed_lines (tests.unit.test_m3_2_install_engine.AtomicRecordTests.test_record_parser_rejects_unknown_duplicate_and_malformed_lines) ... ok
test_run_id_collision_gets_a_suffix (tests.unit.test_m3_2_install_engine.AtomicRecordTests.test_run_id_collision_gets_a_suffix) ... ok
test_action_exit_code_is_preserved (tests.unit.test_m3_2_install_engine.EngineFailureTests.test_action_exit_code_is_preserved) ... ok
test_failed_postcondition_has_stable_io_exit_code (tests.unit.test_m3_2_install_engine.EngineFailureTests.test_failed_postcondition_has_stable_io_exit_code) ... ok
test_live_lock_is_not_removed (tests.unit.test_m3_2_install_engine.EngineFailureTests.test_live_lock_is_not_removed) ... ok
test_precondition_exit_code_is_preserved (tests.unit.test_m3_2_install_engine.EngineFailureTests.test_precondition_exit_code_is_preserved) ... ok
test_reused_live_pid_with_wrong_start_identity_is_stale (tests.unit.test_m3_2_install_engine.EngineFailureTests.test_reused_live_pid_with_wrong_start_identity_is_stale) ... ok
test_complete_step_contract_is_required_and_duplicate_ids_fail (tests.unit.test_m3_2_install_engine.StepDefinitionTests.test_complete_step_contract_is_required_and_duplicate_ids_fail) ... ok
test_invalid_id_version_function_and_metadata_fail_closed (tests.unit.test_m3_2_install_engine.StepDefinitionTests.test_invalid_id_version_function_and_metadata_fail_closed) ... ok
test_explicit_rollback_fails_without_previous_release (tests.unit.test_m3_3_release_manager.IntegrityAndPrivilegeTests.test_explicit_rollback_fails_without_previous_release) ... ok
test_explicit_rollback_returns_to_previous_validated_release (tests.unit.test_m3_3_release_manager.IntegrityAndPrivilegeTests.test_explicit_rollback_returns_to_previous_validated_release) ... ok
test_maintenance_lock_rejects_concurrent_state_mutation (tests.unit.test_m3_3_release_manager.IntegrityAndPrivilegeTests.test_maintenance_lock_rejects_concurrent_state_mutation) ... ok
test_payload_digest_rejects_post_build_tampering (tests.unit.test_m3_3_release_manager.IntegrityAndPrivilegeTests.test_payload_digest_rejects_post_build_tampering) ... ok
test_post_verified_journal_cannot_override_pointer_disagreement (tests.unit.test_m3_3_release_manager.IntegrityAndPrivilegeTests.test_post_verified_journal_cannot_override_pointer_disagreement) ... ok
test_pruning_keeps_only_active_and_previous_validated_releases (tests.unit.test_m3_3_release_manager.IntegrityAndPrivilegeTests.test_pruning_keeps_only_active_and_previous_validated_releases) ... ok
test_speech_and_service_maintenance_inputs_are_release_payload_contract (tests.unit.test_m3_3_release_manager.IntegrityAndPrivilegeTests.test_speech_and_service_maintenance_inputs_are_release_payload_contract) ... ok
test_target_privilege_and_nonlogin_account_contract_is_explicit (tests.unit.test_m3_3_release_manager.IntegrityAndPrivilegeTests.test_target_privilege_and_nonlogin_account_contract_is_explicit) ... ok
test_candidate_finalization_is_atomic_and_immutable (tests.unit.test_m3_3_release_manager.RecordAndPointerTests.test_candidate_finalization_is_atomic_and_immutable) ... ok
test_current_pointer_cannot_escape_release_namespace (tests.unit.test_m3_3_release_manager.RecordAndPointerTests.test_current_pointer_cannot_escape_release_namespace) ... ok
test_durable_record_is_private_and_exact (tests.unit.test_m3_3_release_manager.RecordAndPointerTests.test_durable_record_is_private_and_exact) ... ok
test_finalization_normalizes_restrictive_umask_modes_for_service_access (tests.unit.test_m3_3_release_manager.RecordAndPointerTests.test_finalization_normalizes_restrictive_umask_modes_for_service_access) ... ok
test_layout_has_private_state_and_constant_entrypoint (tests.unit.test_m3_3_release_manager.RecordAndPointerTests.test_layout_has_private_state_and_constant_entrypoint) ... ok
test_parser_rejects_unknown_duplicate_and_incomplete_records (tests.unit.test_m3_3_release_manager.RecordAndPointerTests.test_parser_rejects_unknown_duplicate_and_incomplete_records) ... ok
test_source_archive_rejects_traversal_and_links (tests.unit.test_m3_3_release_manager.RecordAndPointerTests.test_source_archive_rejects_traversal_and_links) ... ok
test_binding_probe_covers_exact_runtime_apis (tests.unit.test_m3_3_release_manager.TargetRuntimeBindingTests.test_binding_probe_covers_exact_runtime_apis) ... ok
test_installer_authorizes_invoking_operator_only_for_control_socket (tests.unit.test_m3_3_release_manager.TargetRuntimeBindingTests.test_installer_authorizes_invoking_operator_only_for_control_socket) ... ok
test_target_binding_validation_accepts_release_python_probe (tests.unit.test_m3_3_release_manager.TargetRuntimeBindingTests.test_target_binding_validation_accepts_release_python_probe) ... ok
test_target_binding_validation_rejects_isolated_venv_false_green (tests.unit.test_m3_3_release_manager.TargetRuntimeBindingTests.test_target_binding_validation_rejects_isolated_venv_false_green) ... ok
test_target_binding_validation_rejects_release_python_import_failure (tests.unit.test_m3_3_release_manager.TargetRuntimeBindingTests.test_target_binding_validation_rejects_release_python_import_failure) ... ok
test_target_profile_enables_system_site_packages_only_for_pi_core (tests.unit.test_m3_3_release_manager.TargetRuntimeBindingTests.test_target_profile_enables_system_site_packages_only_for_pi_core) ... ok
test_current_pointer_must_match_commit (tests.unit.test_m3_6_install_summary.InstallSummaryTests.test_current_pointer_must_match_commit) ... ok
test_records_are_closed_schema_private_and_policy_checked (tests.unit.test_m3_6_install_summary.InstallSummaryTests.test_records_are_closed_schema_private_and_policy_checked) ... ok
test_summary_reports_degraded_not_ready_with_exact_next_action (tests.unit.test_m3_6_install_summary.InstallSummaryTests.test_summary_reports_degraded_not_ready_with_exact_next_action) ... ok
test_summary_reports_ready_when_voice_runtime_ready_file_exists (tests.unit.test_m3_6_install_summary.InstallSummaryTests.test_summary_reports_ready_when_voice_runtime_ready_file_exists) ... ok
test_summary_reports_service_degraded_when_unit_differs (tests.unit.test_m3_6_install_summary.InstallSummaryTests.test_summary_reports_service_degraded_when_unit_differs) ... ok
test_conflicting_environment_unit_fails_closed (tests.unit.test_v09_environment_service_manager.EnvironmentServiceManagerTests.test_conflicting_environment_unit_fails_closed) ... ok
test_environment_unit_is_local_only_least_privilege_and_independent (tests.unit.test_v09_environment_service_manager.EnvironmentServiceManagerTests.test_environment_unit_is_local_only_least_privilege_and_independent) ... ok
test_install_status_remove_are_structural_and_do_not_enable_or_start (tests.unit.test_v09_environment_service_manager.EnvironmentServiceManagerTests.test_install_status_remove_are_structural_and_do_not_enable_or_start) ... ok
test_tmpfiles_contract_uses_separate_state_and_socket_client_group (tests.unit.test_v09_environment_service_manager.EnvironmentServiceManagerTests.test_tmpfiles_contract_uses_separate_state_and_socket_client_group) ... ok
test_voice_service_has_soft_environment_dependency_only (tests.unit.test_v09_environment_service_manager.EnvironmentServiceManagerTests.test_voice_service_has_soft_environment_dependency_only) ... ok
test_bounds_are_derived_from_static_config (tests.unit.test_v09_environment_daemon_activation.EnvironmentDaemonActivationTests.test_bounds_are_derived_from_static_config) ... ok
test_build_core_creates_default_policy_and_uses_injected_adapters_without_hardware_evidence (tests.unit.test_v09_environment_daemon_activation.EnvironmentDaemonActivationTests.test_build_core_creates_default_policy_and_uses_injected_adapters_without_hardware_evidence) ... ok
test_cli_env_serve_check_builds_config_without_starting_socket_or_claiming_physical_evidence (tests.unit.test_v09_environment_daemon_activation.EnvironmentDaemonActivationTests.test_cli_env_serve_check_builds_config_without_starting_socket_or_claiming_physical_evidence) ... ok
test_corrupt_policy_fails_closed_without_replacing_operator_file (tests.unit.test_v09_environment_daemon_activation.EnvironmentDaemonActivationTests.test_corrupt_policy_fails_closed_without_replacing_operator_file) ... ok
test_disabled_config_refuses_core_build (tests.unit.test_v09_environment_daemon_activation.EnvironmentDaemonActivationTests.test_disabled_config_refuses_core_build) ... ok
test_unix_server_uses_configured_socket_and_cleans_up_safe_off (tests.unit.test_v09_environment_daemon_activation.EnvironmentDaemonActivationTests.test_unix_server_uses_configured_socket_and_cleans_up_safe_off) ... ok
test_daemon_rejection_is_reported_without_fake_success (tests.unit.test_v09_environment_cli.EnvironmentCliTests.test_daemon_rejection_is_reported_without_fake_success) ... ok
test_env_serve_check_does_not_call_safe_off_or_open_resources (tests.unit.test_v09_environment_cli.EnvironmentCliTests.test_env_serve_check_does_not_call_safe_off_or_open_resources) ... ok
test_env_serve_disabled_exits_without_fake_hardware (tests.unit.test_v09_environment_cli.EnvironmentCliTests.test_env_serve_disabled_exits_without_fake_hardware) ... ok
test_env_serve_enabled_check_builds_without_hardware_evidence_or_socket_loop (tests.unit.test_v09_environment_cli.EnvironmentCliTests.test_env_serve_enabled_check_builds_without_hardware_evidence_or_socket_loop) ... ok
test_fan_mode_and_policy_mutations_pass_typed_arguments_only (tests.unit.test_v09_environment_cli.EnvironmentCliTests.test_fan_mode_and_policy_mutations_pass_typed_arguments_only) ... ok
test_policy_set_without_fields_fails_before_daemon_call (tests.unit.test_v09_environment_cli.EnvironmentCliTests.test_policy_set_without_fields_fails_before_daemon_call) ... ok
test_policy_show_health_and_probe_are_non_mutating_client_calls (tests.unit.test_v09_environment_cli.EnvironmentCliTests.test_policy_show_health_and_probe_are_non_mutating_client_calls) ... ok
test_simulation_cli_commands_use_typed_ipc_only (tests.unit.test_v09_environment_cli.EnvironmentCliTests.test_simulation_cli_commands_use_typed_ipc_only) ... ok
test_status_json_uses_ipc_client_and_reports_no_physical_evidence (tests.unit.test_v09_environment_cli.EnvironmentCliTests.test_status_json_uses_ipc_client_and_reports_no_physical_evidence) ... ok
test_temperature_and_humidity_commands_read_sensor_once (tests.unit.test_v09_environment_cli.EnvironmentCliTests.test_temperature_and_humidity_commands_read_sensor_once) ... ok
test_watch_observes_snapshots_passively_without_extra_sensor_reads (tests.unit.test_v09_environment_cli.EnvironmentCliTests.test_watch_observes_snapshots_passively_without_extra_sensor_reads) ... ok
test_create_is_atomic_exact_and_idempotent_for_test_path (tests.unit.test_v09_environment_profile_manager.EnvironmentProfileManagerTests.test_create_is_atomic_exact_and_idempotent_for_test_path) ... ok
test_existing_different_admin_configuration_is_never_overwritten (tests.unit.test_v09_environment_profile_manager.EnvironmentProfileManagerTests.test_existing_different_admin_configuration_is_never_overwritten) ... ok
test_profile_is_sensor_simulated_real_relay_and_non_actuating (tests.unit.test_v09_environment_profile_manager.EnvironmentProfileManagerTests.test_profile_is_sensor_simulated_real_relay_and_non_actuating) ... ok
test_symlink_site_is_refused (tests.unit.test_v09_environment_profile_manager.EnvironmentProfileManagerTests.test_symlink_site_is_refused) ... ok
test_debug_audio_snapshot_includes_bounded_pipewire_route_metadata (tests.unit.test_diagnostics_snapshot.StartupSnapshotTests.test_debug_audio_snapshot_includes_bounded_pipewire_route_metadata) ... ok
test_environment_diagnostics_are_non_destructive_and_read_only (tests.unit.test_diagnostics_snapshot.StartupSnapshotTests.test_environment_diagnostics_are_non_destructive_and_read_only) ... ok
test_production_default_keeps_only_latest (tests.unit.test_diagnostics_snapshot.StartupSnapshotTests.test_production_default_keeps_only_latest) ... ok
test_snapshot_is_content_free_and_bounded (tests.unit.test_diagnostics_snapshot.StartupSnapshotTests.test_snapshot_is_content_free_and_bounded) ... ok
test_systemctl_preserves_legitimate_nonzero_inactive_and_disabled_states (tests.unit.test_diagnostics_snapshot.StartupSnapshotTests.test_systemctl_preserves_legitimate_nonzero_inactive_and_disabled_states) ... ok
test_unsafe_snapshot_input_rejected (tests.unit.test_diagnostics_snapshot.StartupSnapshotTests.test_unsafe_snapshot_input_rejected) ... ok
test_write_latest_and_retained_history_then_prunes (tests.unit.test_diagnostics_snapshot.StartupSnapshotTests.test_write_latest_and_retained_history_then_prunes) ... ok
test_bundle_exact_members_redacted_paths_no_raw_files (tests.unit.test_support_export.SupportTests.test_bundle_exact_members_redacted_paths_no_raw_files) ... ok
test_bundle_preserves_allow_listed_health_reason_codes (tests.unit.test_support_export.SupportTests.test_bundle_preserves_allow_listed_health_reason_codes) ... ok
test_content_in_telemetry_rejected_before_output (tests.unit.test_support_export.SupportTests.test_content_in_telemetry_rejected_before_output) ... ok
test_existing_symlink_and_publish_race_preserve_destination (tests.unit.test_support_export.SupportTests.test_existing_symlink_and_publish_race_preserve_destination) ... ok
test_extra_health_details_are_not_exported (tests.unit.test_support_export.SupportTests.test_extra_health_details_are_not_exported) ... ok
test_runtime_binding_member_reports_release_interpreter_probe_without_raw_output (tests.unit.test_support_export.SupportTests.test_runtime_binding_member_reports_release_interpreter_probe_without_raw_output) ... ok
test_startup_snapshot_is_allow_listed_member (tests.unit.test_support_export.SupportTests.test_startup_snapshot_is_allow_listed_member) ... ok
test_human_report_has_exact_boundary_language (tests.unit.test_release_readiness.ReleaseReadinessTests.test_human_report_has_exact_boundary_language) ... ok
test_report_is_ready_for_target_acceptance_from_clean_tree (tests.unit.test_release_readiness.ReleaseReadinessTests.test_report_is_ready_for_target_acceptance_from_clean_tree) ... ok
test_target_acceptance_runbook_is_user_facing (tests.unit.test_release_readiness.ReleaseReadinessTests.test_target_acceptance_runbook_is_user_facing) ... ok

----------------------------------------------------------------------
Ran 106 tests in 15.177s

OK
[OK] code=ACTIVATION_RECONCILED phase=post_verified commit=cccccccccccccccccccccccccccccccccccccccc
[OK] code=ACTIVATION_RECONCILED phase=post_verified commit=cccccccccccccccccccccccccccccccccccccccc
[OK] code=ACTIVATION_RECONCILED phase=post_verified commit=cccccccccccccccccccccccccccccccccccccccc
[OK] code=ACTIVATION_COMPLETE commit=bbbbbbbbbbbbbbbbbbbbbbbbbbbbbbbbbbbbbbbb previous=cccccccccccccccccccccccccccccccccccccccc
[OK] code=ROLLBACK_COMPLETE commit=bbbbbbbbbbbbbbbbbbbbbbbbbbbbbbbbbbbbbbbb
