test_bundle_exact_members_redacted_paths_no_raw_files (tests.unit.test_support_export.SupportTests.test_bundle_exact_members_redacted_paths_no_raw_files) ... ok
test_bundle_preserves_allow_listed_health_reason_codes (tests.unit.test_support_export.SupportTests.test_bundle_preserves_allow_listed_health_reason_codes) ... ok
test_content_in_telemetry_rejected_before_output (tests.unit.test_support_export.SupportTests.test_content_in_telemetry_rejected_before_output) ... ok
test_existing_symlink_and_publish_race_preserve_destination (tests.unit.test_support_export.SupportTests.test_existing_symlink_and_publish_race_preserve_destination) ... ok
test_extra_health_details_are_not_exported (tests.unit.test_support_export.SupportTests.test_extra_health_details_are_not_exported) ... ok
test_install_event_export_is_bounded_allow_listed_and_content_free (tests.unit.test_support_export.SupportTests.test_install_event_export_is_bounded_allow_listed_and_content_free) ... ok
test_release_identity_export_binds_current_symlink_to_record (tests.unit.test_support_export.SupportTests.test_release_identity_export_binds_current_symlink_to_record) ... ok
test_runtime_binding_member_reports_release_interpreter_probe_without_raw_output (tests.unit.test_support_export.SupportTests.test_runtime_binding_member_reports_release_interpreter_probe_without_raw_output) ... ok
test_service_event_export_counts_codes_without_exporting_journal_text (tests.unit.test_support_export.SupportTests.test_service_event_export_counts_codes_without_exporting_journal_text) ... ok
test_startup_snapshot_is_allow_listed_member (tests.unit.test_support_export.SupportTests.test_startup_snapshot_is_allow_listed_member) ... ok
test_explicit_rollback_fails_without_previous_release (tests.unit.test_m3_3_release_manager.IntegrityAndPrivilegeTests.test_explicit_rollback_fails_without_previous_release) ... ok
test_explicit_rollback_returns_to_previous_validated_release (tests.unit.test_m3_3_release_manager.IntegrityAndPrivilegeTests.test_explicit_rollback_returns_to_previous_validated_release) ... ok
test_maintenance_lock_rejects_concurrent_state_mutation (tests.unit.test_m3_3_release_manager.IntegrityAndPrivilegeTests.test_maintenance_lock_rejects_concurrent_state_mutation) ... ok
test_payload_digest_rejects_post_build_tampering (tests.unit.test_m3_3_release_manager.IntegrityAndPrivilegeTests.test_payload_digest_rejects_post_build_tampering) ... ok
test_post_verified_journal_cannot_override_pointer_disagreement (tests.unit.test_m3_3_release_manager.IntegrityAndPrivilegeTests.test_post_verified_journal_cannot_override_pointer_disagreement) ... ok
test_pruning_keeps_only_active_and_previous_validated_releases (tests.unit.test_m3_3_release_manager.IntegrityAndPrivilegeTests.test_pruning_keeps_only_active_and_previous_validated_releases) ... ok
test_speech_and_service_maintenance_inputs_are_release_payload_contract (tests.unit.test_m3_3_release_manager.IntegrityAndPrivilegeTests.test_speech_and_service_maintenance_inputs_are_release_payload_contract) ... ok
test_target_privilege_and_nonlogin_account_contract_is_explicit (tests.unit.test_m3_3_release_manager.IntegrityAndPrivilegeTests.test_target_privilege_and_nonlogin_account_contract_is_explicit) ... ok
test_candidate_finalization_is_atomic_and_immutable (tests.unit.test_m3_3_release_manager.RecordAndPointerTests.test_candidate_finalization_is_atomic_and_immutable) ... ok
test_current_pointer_cannot_escape_release_namespace (tests.unit.test_m3_3_release_manager.RecordAndPointerTests.test_current_pointer_cannot_escape_release_namespace) ... ok
test_durable_record_is_private_and_exact (tests.unit.test_m3_3_release_manager.RecordAndPointerTests.test_durable_record_is_private_and_exact) ... ok
test_finalization_normalizes_restrictive_umask_modes_for_service_access (tests.unit.test_m3_3_release_manager.RecordAndPointerTests.test_finalization_normalizes_restrictive_umask_modes_for_service_access) ... ok
test_layout_has_private_state_and_constant_entrypoint (tests.unit.test_m3_3_release_manager.RecordAndPointerTests.test_layout_has_private_state_and_constant_entrypoint) ... ok
test_parser_rejects_unknown_duplicate_and_incomplete_records (tests.unit.test_m3_3_release_manager.RecordAndPointerTests.test_parser_rejects_unknown_duplicate_and_incomplete_records) ... ok
test_source_archive_rejects_traversal_and_links (tests.unit.test_m3_3_release_manager.RecordAndPointerTests.test_source_archive_rejects_traversal_and_links) ... ok
test_binding_probe_covers_exact_runtime_apis (tests.unit.test_m3_3_release_manager.TargetRuntimeBindingTests.test_binding_probe_covers_exact_runtime_apis) ... ok
test_installer_authorizes_invoking_operator_only_for_control_socket (tests.unit.test_m3_3_release_manager.TargetRuntimeBindingTests.test_installer_authorizes_invoking_operator_only_for_control_socket) ... ok
test_target_binding_validation_accepts_release_python_probe (tests.unit.test_m3_3_release_manager.TargetRuntimeBindingTests.test_target_binding_validation_accepts_release_python_probe) ... ok
test_target_binding_validation_rejects_isolated_venv_false_green (tests.unit.test_m3_3_release_manager.TargetRuntimeBindingTests.test_target_binding_validation_rejects_isolated_venv_false_green) ... ok
test_target_binding_validation_rejects_release_python_import_failure (tests.unit.test_m3_3_release_manager.TargetRuntimeBindingTests.test_target_binding_validation_rejects_release_python_import_failure) ... ok
test_target_profile_enables_system_site_packages_only_for_pi_core (tests.unit.test_m3_3_release_manager.TargetRuntimeBindingTests.test_target_profile_enables_system_site_packages_only_for_pi_core) ... ok

----------------------------------------------------------------------
Ran 31 tests in 9.889s

OK
[OK] code=ACTIVATION_RECONCILED phase=post_verified commit=cccccccccccccccccccccccccccccccccccccccc
[OK] code=ACTIVATION_RECONCILED phase=post_verified commit=cccccccccccccccccccccccccccccccccccccccc
[OK] code=ACTIVATION_RECONCILED phase=post_verified commit=cccccccccccccccccccccccccccccccccccccccc
[OK] code=ACTIVATION_COMPLETE commit=bbbbbbbbbbbbbbbbbbbbbbbbbbbbbbbbbbbbbbbb previous=cccccccccccccccccccccccccccccccccccccccc
[OK] code=ROLLBACK_COMPLETE commit=bbbbbbbbbbbbbbbbbbbbbbbbbbbbbbbbbbbbbbbb
