test_capability_boundary_never_claims_speed_or_motion_feedback (tests.unit.test_v09_environment_policy.EnvironmentDomainTests.test_capability_boundary_never_claims_speed_or_motion_feedback) ... ok
test_mode_parser_accepts_operator_aliases_without_llm_authority (tests.unit.test_v09_environment_policy.EnvironmentDomainTests.test_mode_parser_accepts_operator_aliases_without_llm_authority) ... ok
test_sensor_reading_quality_rejects_crc_error_and_staleness (tests.unit.test_v09_environment_policy.EnvironmentDomainTests.test_sensor_reading_quality_rejects_crc_error_and_staleness) ... ok
test_corrupt_policy_file_fails_closed_instead_of_guessing_auto_defaults (tests.unit.test_v09_environment_policy.EnvironmentPolicyTests.test_corrupt_policy_file_fails_closed_instead_of_guessing_auto_defaults) ... ok
test_default_policy_is_manual_with_demonstration_thresholds (tests.unit.test_v09_environment_policy.EnvironmentPolicyTests.test_default_policy_is_manual_with_demonstration_thresholds) ... ok
test_generation_conflict_rejects_stale_policy_writer (tests.unit.test_v09_environment_policy.EnvironmentPolicyTests.test_generation_conflict_rejects_stale_policy_writer) ... ok
test_invalid_thresholds_and_dwell_are_rejected_before_persistence (tests.unit.test_v09_environment_policy.EnvironmentPolicyTests.test_invalid_thresholds_and_dwell_are_rejected_before_persistence) ... ok
test_mapping_contract_is_closed_and_round_trips (tests.unit.test_v09_environment_policy.EnvironmentPolicyTests.test_mapping_contract_is_closed_and_round_trips) ... ok
test_policy_store_creates_default_atomically_with_restricted_mode (tests.unit.test_v09_environment_policy.EnvironmentPolicyTests.test_policy_store_creates_default_atomically_with_restricted_mode) ... ok
test_policy_store_preserves_old_generation_when_new_policy_is_invalid (tests.unit.test_v09_environment_policy.EnvironmentPolicyTests.test_policy_store_preserves_old_generation_when_new_policy_is_invalid) ... ok
test_background_polling_loop_is_bounded_and_stoppable (tests.unit.test_v09_environment_polling_loop.EnvironmentPollingLoopTests.test_background_polling_loop_is_bounded_and_stoppable) ... ok
test_environment_daemon_from_config_attaches_polling_loop_without_physical_evidence (tests.unit.test_v09_environment_polling_loop.EnvironmentPollingLoopTests.test_environment_daemon_from_config_attaches_polling_loop_without_physical_evidence) ... ok
test_poll_once_converts_sensor_exception_to_degraded_safe_off (tests.unit.test_v09_environment_polling_loop.EnvironmentPollingLoopTests.test_poll_once_converts_sensor_exception_to_degraded_safe_off) ... ok
test_poll_once_reads_sensor_and_applies_auto_transition (tests.unit.test_v09_environment_polling_loop.EnvironmentPollingLoopTests.test_poll_once_reads_sensor_and_applies_auto_transition) ... ok
test_poll_once_records_actuator_error_without_killing_daemon_path (tests.unit.test_v09_environment_polling_loop.EnvironmentPollingLoopTests.test_poll_once_records_actuator_error_without_killing_daemon_path) ... ok
test_create_is_atomic_exact_and_idempotent_for_test_path (tests.unit.test_v09_environment_profile_manager.EnvironmentProfileManagerTests.test_create_is_atomic_exact_and_idempotent_for_test_path) ... ok
test_existing_different_admin_configuration_is_never_overwritten (tests.unit.test_v09_environment_profile_manager.EnvironmentProfileManagerTests.test_existing_different_admin_configuration_is_never_overwritten) ... ok
test_profile_is_sensor_simulated_real_relay_and_non_actuating (tests.unit.test_v09_environment_profile_manager.EnvironmentProfileManagerTests.test_profile_is_sensor_simulated_real_relay_and_non_actuating) ... ok
test_symlink_site_is_refused (tests.unit.test_v09_environment_profile_manager.EnvironmentProfileManagerTests.test_symlink_site_is_refused) ... ok
test_conflicting_environment_unit_fails_closed (tests.unit.test_v09_environment_service_manager.EnvironmentServiceManagerTests.test_conflicting_environment_unit_fails_closed) ... ok
test_environment_unit_is_local_only_least_privilege_and_independent (tests.unit.test_v09_environment_service_manager.EnvironmentServiceManagerTests.test_environment_unit_is_local_only_least_privilege_and_independent) ... ok
test_install_status_remove_are_structural_and_do_not_enable_or_start (tests.unit.test_v09_environment_service_manager.EnvironmentServiceManagerTests.test_install_status_remove_are_structural_and_do_not_enable_or_start) ... ok
test_tmpfiles_contract_uses_separate_state_and_socket_client_group (tests.unit.test_v09_environment_service_manager.EnvironmentServiceManagerTests.test_tmpfiles_contract_uses_separate_state_and_socket_client_group) ... ok
test_voice_service_has_soft_environment_dependency_only (tests.unit.test_v09_environment_service_manager.EnvironmentServiceManagerTests.test_voice_service_has_soft_environment_dependency_only) ... ok
test_defaults_keep_simulation_control_disabled (tests.unit.test_v09_environment_simulation.EnvironmentSimulationConfigTests.test_defaults_keep_simulation_control_disabled) ... ok
test_evidence_mode_classifier_keeps_hybrid_modes_distinct (tests.unit.test_v09_environment_simulation.EnvironmentSimulationConfigTests.test_evidence_mode_classifier_keeps_hybrid_modes_distinct) ... ok
test_independent_simulation_backend_axes_are_validated (tests.unit.test_v09_environment_simulation.EnvironmentSimulationConfigTests.test_independent_simulation_backend_axes_are_validated) ... ok
test_unknown_simulation_backend_is_rejected (tests.unit.test_v09_environment_simulation.EnvironmentSimulationConfigTests.test_unknown_simulation_backend_is_rejected) ... ok
test_operator_simulation_cli_over_unix_socket_drives_full_sim_without_physical_claim (tests.unit.test_v09_environment_simulation.EnvironmentSimulationProtocolTests.test_operator_simulation_cli_over_unix_socket_drives_full_sim_without_physical_claim) ... ok
test_service_core_supports_simulation_protocol_and_polling (tests.unit.test_v09_environment_simulation.EnvironmentSimulationProtocolTests.test_service_core_supports_simulation_protocol_and_polling) ... ok
test_simulated_actuator_fail_next_write_surfaces_service_error_and_safe_off (tests.unit.test_v09_environment_simulation.EnvironmentSimulationProtocolTests.test_simulated_actuator_fail_next_write_surfaces_service_error_and_safe_off) ... ok
test_simulation_operations_reject_wrong_backend_axis (tests.unit.test_v09_environment_simulation.EnvironmentSimulationProtocolTests.test_simulation_operations_reject_wrong_backend_axis) ... ok
test_simulation_runtime_control_is_explicitly_opt_in (tests.unit.test_v09_environment_simulation.EnvironmentSimulationProtocolTests.test_simulation_runtime_control_is_explicitly_opt_in) ... ok
test_unix_protocol_accepts_simulation_operations (tests.unit.test_v09_environment_simulation.EnvironmentSimulationProtocolTests.test_unix_protocol_accepts_simulation_operations) ... ok
test_factories_select_simulated_backends_without_physical_adapters (tests.unit.test_v09_environment_simulation.SimulatedAdapterTests.test_factories_select_simulated_backends_without_physical_adapters) ... ok
test_simulated_actuator_records_power_and_fault_injection_without_gpiod (tests.unit.test_v09_environment_simulation.SimulatedAdapterTests.test_simulated_actuator_records_power_and_fault_injection_without_gpiod) ... ok
test_simulated_sensor_persists_reading_and_faults_truthfully (tests.unit.test_v09_environment_simulation.SimulatedAdapterTests.test_simulated_sensor_persists_reading_and_faults_truthfully) ... ok
test_simulated_sensor_rejects_invalid_operator_values (tests.unit.test_v09_environment_simulation.SimulatedAdapterTests.test_simulated_sensor_rejects_invalid_operator_values) ... ok
test_ambiguous_environment_request_clarifies_without_client_or_llm_call (tests.unit.test_v09_environment_voice_intents.ConversationBrainEnvironmentActionTests.test_ambiguous_environment_request_clarifies_without_client_or_llm_call) ... ok
test_daemon_rejection_is_spoken_without_fake_success (tests.unit.test_v09_environment_voice_intents.ConversationBrainEnvironmentActionTests.test_daemon_rejection_is_spoken_without_fake_success) ... ok
test_environment_action_uses_daemon_client_before_llm_and_does_not_add_chat_history (tests.unit.test_v09_environment_voice_intents.ConversationBrainEnvironmentActionTests.test_environment_action_uses_daemon_client_before_llm_and_does_not_add_chat_history) ... ok
test_general_question_still_uses_local_llm_path (tests.unit.test_v09_environment_voice_intents.ConversationBrainEnvironmentActionTests.test_general_question_still_uses_local_llm_path) ... ok
test_policy_update_passes_typed_params_only (tests.unit.test_v09_environment_voice_intents.ConversationBrainEnvironmentActionTests.test_policy_update_passes_typed_params_only) ... ok
test_parser_ignores_general_conversation_and_has_no_hardware_or_shell_surface (tests.unit.test_v09_environment_voice_intents.EnvironmentVoiceIntentParserTests.test_parser_ignores_general_conversation_and_has_no_hardware_or_shell_surface) ... ok
test_parser_maps_clear_actions_and_thresholds_but_clarifies_ambiguous_temperature (tests.unit.test_v09_environment_voice_intents.EnvironmentVoiceIntentParserTests.test_parser_maps_clear_actions_and_thresholds_but_clarifies_ambiguous_temperature) ... ok
test_parser_maps_queries_and_status_to_allowlisted_operations (tests.unit.test_v09_environment_voice_intents.EnvironmentVoiceIntentParserTests.test_parser_maps_queries_and_status_to_allowlisted_operations) ... ok
test_hybrid_voice_wording_identifies_simulated_side (tests.unit.test_v09_environment_voice_intents.EnvironmentVoiceResponseTests.test_hybrid_voice_wording_identifies_simulated_side) ... ok
test_responses_are_derived_from_daemon_results_and_do_not_claim_speed_or_motion (tests.unit.test_v09_environment_voice_intents.EnvironmentVoiceResponseTests.test_responses_are_derived_from_daemon_results_and_do_not_claim_speed_or_motion) ... ok
test_simulation_voice_wording_never_sounds_like_physical_room_or_fan_evidence (tests.unit.test_v09_environment_voice_intents.EnvironmentVoiceResponseTests.test_simulation_voice_wording_never_sounds_like_physical_room_or_fan_evidence) ... ok
test_brain_probe_warms_inference_without_adding_history (tests.unit.test_voice_appliance.ConversationContractTests.test_brain_probe_warms_inference_without_adding_history) ... ok
test_plain_chat_disables_thinking_without_json_format (tests.unit.test_voice_appliance.ConversationContractTests.test_plain_chat_disables_thinking_without_json_format) ... ok
test_one_turn_is_capture_transcribe_generate_speak_without_persistence (tests.unit.test_voice_appliance.VoiceTurnTests.test_one_turn_is_capture_transcribe_generate_speak_without_persistence) ... ok
test_ready_is_published_only_after_real_ready_announcement_playback (tests.unit.test_voice_appliance.VoiceTurnTests.test_ready_is_published_only_after_real_ready_announcement_playback) ... ok
test_silence_does_not_drop_wake_runtime_readiness (tests.unit.test_voice_appliance.VoiceTurnTests.test_silence_does_not_drop_wake_runtime_readiness) ... ok
test_transition_announcer_returns_one_priority_message_without_daemon_audio_ownership (tests.unit.test_voice_appliance.VoiceTurnTests.test_transition_announcer_returns_one_priority_message_without_daemon_audio_ownership) ... ok
test_wake_turn_uses_pipelined_standby_and_separate_question_window (tests.unit.test_voice_appliance.VoiceTurnTests.test_wake_turn_uses_pipelined_standby_and_separate_question_window) ... ok
test_alsa_card_parser_and_unique_selector (tests.unit.test_voice_appliance.VoiceWakeTests.test_alsa_card_parser_and_unique_selector) ... ok
test_audio_constructor_defers_physical_route_resolution_until_readiness (tests.unit.test_voice_appliance.VoiceWakeTests.test_audio_constructor_defers_physical_route_resolution_until_readiness) ... ok
test_auto_selector_fails_closed_for_multiple_usb_cards (tests.unit.test_voice_appliance.VoiceWakeTests.test_auto_selector_fails_closed_for_multiple_usb_cards) ... ok
test_auto_selector_prefers_one_usb_card_over_hdmi (tests.unit.test_voice_appliance.VoiceWakeTests.test_auto_selector_prefers_one_usb_card_over_hdmi) ... ok
test_bluetooth_routes_are_used_when_no_wired_route_exists (tests.unit.test_voice_appliance.VoiceWakeTests.test_bluetooth_routes_are_used_when_no_wired_route_exists) ... ok
test_cancelled_capture_does_not_fall_through_to_another_audio_route (tests.unit.test_voice_appliance.VoiceWakeTests.test_cancelled_capture_does_not_fall_through_to_another_audio_route) ... ok
test_capture_falls_through_wired_then_bluetooth_candidates (tests.unit.test_voice_appliance.VoiceWakeTests.test_capture_falls_through_wired_then_bluetooth_candidates) ... ok
test_gonken_default_aliases_match_split_tokens_errors_and_legacy_hey_form (tests.unit.test_voice_appliance.VoiceWakeTests.test_gonken_default_aliases_match_split_tokens_errors_and_legacy_hey_form) ... ok
test_managed_bluetooth_ignores_unrelated_pipewire_endpoint (tests.unit.test_voice_appliance.VoiceWakeTests.test_managed_bluetooth_ignores_unrelated_pipewire_endpoint) ... ok
test_pipewire_usb_outranks_direct_usb_and_bluetooth (tests.unit.test_voice_appliance.VoiceWakeTests.test_pipewire_usb_outranks_direct_usb_and_bluetooth) ... ok
test_processing_cue_plan_cancels_unstarted_cues_when_answer_is_ready (tests.unit.test_voice_appliance.VoiceWakeTests.test_processing_cue_plan_cancels_unstarted_cues_when_answer_is_ready) ... ok
test_rolling_wake_matcher_carries_short_tail_across_capture_windows (tests.unit.test_voice_appliance.VoiceWakeTests.test_rolling_wake_matcher_carries_short_tail_across_capture_windows) ... ok
test_transition_announcement_text_preserves_simulation_and_motion_boundary (tests.unit.test_voice_appliance.VoiceWakeTests.test_transition_announcement_text_preserves_simulation_and_motion_boundary) ... ok
test_wake_capture_pipeline_keeps_capturing_and_drops_stale_backlog (tests.unit.test_voice_appliance.VoiceWakeTests.test_wake_capture_pipeline_keeps_capturing_and_drops_stale_backlog) ... ok
test_wake_phrase_matches_punctuation_and_one_edit_for_long_brand_token (tests.unit.test_voice_appliance.VoiceWakeTests.test_wake_phrase_matches_punctuation_and_one_edit_for_long_brand_token) ... ok
test_wired_routes_outrank_connected_bluetooth_when_both_exist (tests.unit.test_voice_appliance.VoiceWakeTests.test_wired_routes_outrank_connected_bluetooth_when_both_exist) ... ok
test_autoconnect_status_detects_managed_template_drift (tests.unit.test_x4_bluetooth_manager.BluetoothManagerTests.test_autoconnect_status_detects_managed_template_drift) ... ok
test_autoconnect_unit_is_bounded_to_one_managed_record (tests.unit.test_x4_bluetooth_manager.BluetoothManagerTests.test_autoconnect_unit_is_bounded_to_one_managed_record) ... ok
test_connected_headset_status_allows_capture_to_be_proven_by_appliance_gate (tests.unit.test_x4_bluetooth_manager.BluetoothManagerTests.test_connected_headset_status_allows_capture_to_be_proven_by_appliance_gate) ... ok
test_device_record_round_trip_is_closed_schema (tests.unit.test_x4_bluetooth_manager.BluetoothManagerTests.test_device_record_round_trip_is_closed_schema) ... ok
test_exact_mac_reuses_known_audio_identity_before_scanning (tests.unit.test_x4_bluetooth_manager.BluetoothManagerTests.test_exact_mac_reuses_known_audio_identity_before_scanning) ... [OK] code=BLUETOOTH_AUDIO_STATUS state=connected output_nodes=1 input_nodes=0
[FOUND] code=BLUETOOTH_DEVICE_KNOWN address=AA:BB:CC:DD:EE:FF name=Known Headset paired=true
ok
test_fix6_pairing_step_revalidates_connected_output_route (tests.unit.test_x4_bluetooth_manager.BluetoothManagerTests.test_fix6_pairing_step_revalidates_connected_output_route) ... ok
test_headless_wireplumber_fragment_disables_logind_seat_monitoring (tests.unit.test_x4_bluetooth_manager.BluetoothManagerTests.test_headless_wireplumber_fragment_disables_logind_seat_monitoring) ... ok
test_headset_profile_prefers_available_msbc_capture_profile (tests.unit.test_x4_bluetooth_manager.BluetoothManagerTests.test_headset_profile_prefers_available_msbc_capture_profile) ... ok
test_known_fix4_autoconnect_unit_is_upgraded_exactly (tests.unit.test_x4_bluetooth_manager.BluetoothManagerTests.test_known_fix4_autoconnect_unit_is_upgraded_exactly) ... ok
test_pairing_allows_output_only_headset_for_direct_microphone_fallback (tests.unit.test_x4_bluetooth_manager.BluetoothManagerTests.test_pairing_allows_output_only_headset_for_direct_microphone_fallback) ... [OK] code=BLUETOOTH_AUTOCONNECT_MANAGED_UPGRADE path=/tmp/tmpbd6ikcbe/gonken-bluetooth-autoconnect.service
[OK] code=BLUETOOTH_AUTOCONNECT_INSTALLED
[RUNNING] code=BLUETOOTH_PAIR address=AA:BB:CC:DD:EE:FF name=Lab Headset
[OK] code=BLUETOOTH_AUDIO_PAIRED address=AA:BB:CC:DD:EE:FF name=Lab Headset output=ready microphone=direct_audio_fallback_pending
ok
test_pairing_requires_verified_paired_trusted_connected_state (tests.unit.test_x4_bluetooth_manager.BluetoothManagerTests.test_pairing_requires_verified_paired_trusted_connected_state) ... [RUNNING] code=BLUETOOTH_PAIR address=AA:BB:CC:DD:EE:FF name=Lab Headset
[OK] code=BLUETOOTH_AUDIO_PAIRED address=AA:BB:CC:DD:EE:FF name=Lab Headset output=ready microphone=ready
ok
test_parse_devices_is_bounded_to_valid_mac_and_single_line_name (tests.unit.test_x4_bluetooth_manager.BluetoothManagerTests.test_parse_devices_is_bounded_to_valid_mac_and_single_line_name) ... ok
test_parse_info_distinguishes_output_and_headset_capability (tests.unit.test_x4_bluetooth_manager.BluetoothManagerTests.test_parse_info_distinguishes_output_and_headset_capability) ... ok
test_stack_status_requires_unblocked_powered_controller (tests.unit.test_x4_bluetooth_manager.BluetoothManagerTests.test_stack_status_requires_unblocked_powered_controller) ... ok

----------------------------------------------------------------------
Ran 86 tests in 4.410s

OK
