test_ci_t0_invokes_v09_documentation_validator (tests.unit.test_v09_documentation_hardening.V09DocumentationHardeningTests.test_ci_t0_invokes_v09_documentation_validator) ... ok
test_room_environment_docs_are_user_facing_and_boundary_safe (tests.unit.test_v09_documentation_hardening.V09DocumentationHardeningTests.test_room_environment_docs_are_user_facing_and_boundary_safe) ... ok
test_v09_documentation_validator_passes (tests.unit.test_v09_documentation_hardening.V09DocumentationHardeningTests.test_v09_documentation_validator_passes) ... ok
test_wake_default_examples_are_not_stale (tests.unit.test_v09_documentation_hardening.V09DocumentationHardeningTests.test_wake_default_examples_are_not_stale) ... ok
test_checkout_finds_the_source_controlled_defaults (tests.unit.test_m2_2_config.AuthorityAndPrecedenceTests.test_checkout_finds_the_source_controlled_defaults) ... ok
test_cli_source_is_recorded_for_every_field (tests.unit.test_m2_2_config.AuthorityAndPrecedenceTests.test_cli_source_is_recorded_for_every_field) ... ok
test_defaults_are_declared_as_wheel_data (tests.unit.test_m2_2_config.AuthorityAndPrecedenceTests.test_defaults_are_declared_as_wheel_data) ... ok
test_defaults_site_environment_cli_precedence (tests.unit.test_m2_2_config.AuthorityAndPrecedenceTests.test_defaults_site_environment_cli_precedence) ... ok
test_environment_beats_site_without_cli (tests.unit.test_m2_2_config.AuthorityAndPrecedenceTests.test_environment_beats_site_without_cli) ... ok
test_environment_source_is_recorded_for_every_field (tests.unit.test_m2_2_config.AuthorityAndPrecedenceTests.test_environment_source_is_recorded_for_every_field) ... ok
test_installer_reads_model_and_endpoint_from_config_cli (tests.unit.test_m2_2_config.AuthorityAndPrecedenceTests.test_installer_reads_model_and_endpoint_from_config_cli) ... ok
test_legacy_adapter_uses_authority_and_never_accepts_json (tests.unit.test_m2_2_config.AuthorityAndPrecedenceTests.test_legacy_adapter_uses_authority_and_never_accepts_json) ... ok
test_resumable_installer_explicitly_requests_unredacted_speech_paths (tests.unit.test_m2_2_config.AuthorityAndPrecedenceTests.test_resumable_installer_explicitly_requests_unredacted_speech_paths) ... ok
test_site_source_is_recorded_for_every_field (tests.unit.test_m2_2_config.AuthorityAndPrecedenceTests.test_site_source_is_recorded_for_every_field) ... ok
test_unrelated_process_environment_is_ignored (tests.unit.test_m2_2_config.AuthorityAndPrecedenceTests.test_unrelated_process_environment_is_ignored) ... ok
test_cli_config_error_is_stable_and_nonzero (tests.unit.test_m2_2_config.EffectiveOutputTests.test_cli_config_error_is_stable_and_nonzero) ... ok
test_cli_json_is_redacted_and_reports_sources (tests.unit.test_m2_2_config.EffectiveOutputTests.test_cli_json_is_redacted_and_reports_sources) ... ok
test_cli_show_paths_is_explicit_and_preserves_default_redaction (tests.unit.test_m2_2_config.EffectiveOutputTests.test_cli_show_paths_is_explicit_and_preserves_default_redaction) ... ok
test_effective_output_redacts_all_absolute_paths (tests.unit.test_m2_2_config.EffectiveOutputTests.test_effective_output_redacts_all_absolute_paths) ... ok
test_human_output_does_not_expose_absolute_config_paths (tests.unit.test_m2_2_config.EffectiveOutputTests.test_human_output_does_not_expose_absolute_config_paths) ... ok
test_actual_legacy_files_migrate_repeatably_without_mutation (tests.unit.test_m2_2_config.MigrationTests.test_actual_legacy_files_migrate_repeatably_without_mutation) ... ok
test_cli_migration_reports_repeat_without_rewriting (tests.unit.test_m2_2_config.MigrationTests.test_cli_migration_reports_repeat_without_rewriting) ... ok
test_existing_different_output_is_never_rewritten (tests.unit.test_m2_2_config.MigrationTests.test_existing_different_output_is_never_rewritten) ... ok
test_populated_external_credential_is_rejected_without_output (tests.unit.test_m2_2_config.MigrationTests.test_populated_external_credential_is_rejected_without_output) ... ok
test_relative_legacy_path_cannot_escape_checkout (tests.unit.test_m2_2_config.MigrationTests.test_relative_legacy_path_cannot_escape_checkout) ... ok
test_serializer_round_trip_is_deterministic (tests.unit.test_m2_2_config.MigrationTests.test_serializer_round_trip_is_deterministic) ... ok
test_unknown_or_unsafe_legacy_input_creates_no_output (tests.unit.test_m2_2_config.MigrationTests.test_unknown_or_unsafe_legacy_input_creates_no_output) ... ok
test_invalid_environment_boolean_is_rejected (tests.unit.test_m2_2_config.ValidationTests.test_invalid_environment_boolean_is_rejected) ... ok
test_invalid_values_are_rejected (tests.unit.test_m2_2_config.ValidationTests.test_invalid_values_are_rejected) ... ok
test_loopback_ipv4_ipv6_and_localhost_are_allowed (tests.unit.test_m2_2_config.ValidationTests.test_loopback_ipv4_ipv6_and_localhost_are_allowed) ... ok
test_unknown_cli_field_is_rejected (tests.unit.test_m2_2_config.ValidationTests.test_unknown_cli_field_is_rejected) ... ok
test_unknown_site_key_and_invalid_type_are_rejected (tests.unit.test_m2_2_config.ValidationTests.test_unknown_site_key_and_invalid_type_are_rejected) ... ok
test_conflicting_installed_unit_fails_closed (tests.unit.test_m6_service_manager.ServiceManagerTests.test_conflicting_installed_unit_fails_closed) ... ok
test_fix6_managed_unit_is_upgraded_to_generated_runtime_environment (tests.unit.test_m6_service_manager.ServiceManagerTests.test_fix6_managed_unit_is_upgraded_to_generated_runtime_environment) ... ok
test_install_status_remove_are_exact_and_reversible (tests.unit.test_m6_service_manager.ServiceManagerTests.test_install_status_remove_are_exact_and_reversible) ... ok
test_installed_status_is_not_race_sensitive_to_runtime_activity (tests.unit.test_m6_service_manager.ServiceManagerTests.test_installed_status_is_not_race_sensitive_to_runtime_activity) ... ok
test_known_previous_managed_unit_is_upgraded_in_place (tests.unit.test_m6_service_manager.ServiceManagerTests.test_known_previous_managed_unit_is_upgraded_in_place) ... ok
test_optional_corpus_does_not_make_namespace_start_fatal (tests.unit.test_m6_service_manager.ServiceManagerTests.test_optional_corpus_does_not_make_namespace_start_fatal) ... ok
test_system_unit_never_uses_manager_uid_specifier_for_audio (tests.unit.test_m6_service_manager.ServiceManagerTests.test_system_unit_never_uses_manager_uid_specifier_for_audio) ... ok
test_template_contract_rejects_power_and_privilege_grants (tests.unit.test_m6_service_manager.ServiceManagerTests.test_template_contract_rejects_power_and_privilege_grants) ... ok

----------------------------------------------------------------------
Ran 40 tests in 8.607s

OK
