test_conflicting_environment_unit_fails_closed (tests.unit.test_v09_environment_service_manager.EnvironmentServiceManagerTests.test_conflicting_environment_unit_fails_closed) ... ok
test_environment_unit_is_local_only_least_privilege_and_independent (tests.unit.test_v09_environment_service_manager.EnvironmentServiceManagerTests.test_environment_unit_is_local_only_least_privilege_and_independent) ... ok
test_install_status_remove_are_structural_and_do_not_enable_or_start (tests.unit.test_v09_environment_service_manager.EnvironmentServiceManagerTests.test_install_status_remove_are_structural_and_do_not_enable_or_start) ... ok
test_tmpfiles_contract_uses_separate_state_and_socket_client_group (tests.unit.test_v09_environment_service_manager.EnvironmentServiceManagerTests.test_tmpfiles_contract_uses_separate_state_and_socket_client_group) ... ok
test_voice_service_has_soft_environment_dependency_only (tests.unit.test_v09_environment_service_manager.EnvironmentServiceManagerTests.test_voice_service_has_soft_environment_dependency_only) ... ok
test_defaults_keep_simulation_control_disabled (tests.unit.test_v09_environment_simulation.EnvironmentSimulationConfigTests.test_defaults_keep_simulation_control_disabled) ... ok
test_evidence_mode_classifier_keeps_hybrid_modes_distinct (tests.unit.test_v09_environment_simulation.EnvironmentSimulationConfigTests.test_evidence_mode_classifier_keeps_hybrid_modes_distinct) ... ok
test_independent_simulation_backend_axes_are_validated (tests.unit.test_v09_environment_simulation.EnvironmentSimulationConfigTests.test_independent_simulation_backend_axes_are_validated) ... ok
test_unknown_simulation_backend_is_rejected (tests.unit.test_v09_environment_simulation.EnvironmentSimulationConfigTests.test_unknown_simulation_backend_is_rejected) ... ok
test_operator_simulation_cli_over_unix_socket_drives_full_sim_without_physical_claim (tests.unit.test_v09_environment_simulation.EnvironmentSimulationProtocolTests.test_operator_simulation_cli_over_unix_socket_drives_full_sim_without_physical_claim) ... ok
test_service_core_supports_simulation_protocol_and_polling (tests.unit.test_v09_environment_simulation.EnvironmentSimulationProtocolTests.test_service_core_supports_simulation_protocol_and_polling) ... ok
test_simulated_actuator_fail_next_write_surfaces_service_error_and_safe_off (tests.unit.test_v09_environment_simulation.EnvironmentSimulationProtocolTests.test_simulated_actuator_fail_next_write_surfaces_service_error_and_safe_off) ... ok
test_simulation_operations_reject_wrong_backend_axis (tests.unit.test_v09_environment_simulation.EnvironmentSimulationProtocolTests.test_simulation_operations_reject_wrong_backend_axis) ... ok
test_simulation_runtime_control_is_explicitly_opt_in (tests.unit.test_v09_environment_simulation.EnvironmentSimulationProtocolTests.test_simulation_runtime_control_is_explicitly_opt_in) ... ok
test_unix_protocol_accepts_simulation_operations (tests.unit.test_v09_environment_simulation.EnvironmentSimulationProtocolTests.test_unix_protocol_accepts_simulation_operations) ... ok
test_factories_select_simulated_backends_without_physical_adapters (tests.unit.test_v09_environment_simulation.SimulatedAdapterTests.test_factories_select_simulated_backends_without_physical_adapters) ... ok
test_simulated_actuator_records_power_and_fault_injection_without_gpiod (tests.unit.test_v09_environment_simulation.SimulatedAdapterTests.test_simulated_actuator_records_power_and_fault_injection_without_gpiod) ... ok
test_simulated_sensor_persists_reading_and_faults_truthfully (tests.unit.test_v09_environment_simulation.SimulatedAdapterTests.test_simulated_sensor_persists_reading_and_faults_truthfully) ... ok
test_simulated_sensor_rejects_invalid_operator_values (tests.unit.test_v09_environment_simulation.SimulatedAdapterTests.test_simulated_sensor_rejects_invalid_operator_values) ... ok
test_ambiguous_environment_request_clarifies_without_client_or_llm_call (tests.unit.test_v09_environment_voice_intents.ConversationBrainEnvironmentActionTests.test_ambiguous_environment_request_clarifies_without_client_or_llm_call) ... ok
test_daemon_rejection_is_spoken_without_fake_success (tests.unit.test_v09_environment_voice_intents.ConversationBrainEnvironmentActionTests.test_daemon_rejection_is_spoken_without_fake_success) ... ok
test_environment_action_uses_daemon_client_before_llm_and_does_not_add_chat_history (tests.unit.test_v09_environment_voice_intents.ConversationBrainEnvironmentActionTests.test_environment_action_uses_daemon_client_before_llm_and_does_not_add_chat_history) ... ok
test_general_question_still_uses_local_llm_path (tests.unit.test_v09_environment_voice_intents.ConversationBrainEnvironmentActionTests.test_general_question_still_uses_local_llm_path) ... ok
test_policy_update_passes_typed_params_only (tests.unit.test_v09_environment_voice_intents.ConversationBrainEnvironmentActionTests.test_policy_update_passes_typed_params_only) ... ok
test_parser_ignores_general_conversation_and_has_no_hardware_or_shell_surface (tests.unit.test_v09_environment_voice_intents.EnvironmentVoiceIntentParserTests.test_parser_ignores_general_conversation_and_has_no_hardware_or_shell_surface) ... ok
test_parser_maps_clear_actions_and_thresholds_but_clarifies_ambiguous_temperature (tests.unit.test_v09_environment_voice_intents.EnvironmentVoiceIntentParserTests.test_parser_maps_clear_actions_and_thresholds_but_clarifies_ambiguous_temperature) ... ok
test_parser_maps_queries_and_status_to_allowlisted_operations (tests.unit.test_v09_environment_voice_intents.EnvironmentVoiceIntentParserTests.test_parser_maps_queries_and_status_to_allowlisted_operations) ... ok
test_hybrid_voice_wording_identifies_simulated_side (tests.unit.test_v09_environment_voice_intents.EnvironmentVoiceResponseTests.test_hybrid_voice_wording_identifies_simulated_side) ... ok
test_responses_are_derived_from_daemon_results_and_do_not_claim_speed_or_motion (tests.unit.test_v09_environment_voice_intents.EnvironmentVoiceResponseTests.test_responses_are_derived_from_daemon_results_and_do_not_claim_speed_or_motion) ... ok
test_simulation_voice_wording_never_sounds_like_physical_room_or_fan_evidence (tests.unit.test_v09_environment_voice_intents.EnvironmentVoiceResponseTests.test_simulation_voice_wording_never_sounds_like_physical_room_or_fan_evidence) ... ok
test_false_physical_claim_is_rejected (tests.unit.test_v09_user_test_readiness.UserTestReadinessValidationTests.test_false_physical_claim_is_rejected) ... ok
test_missing_required_simulation_step_is_rejected (tests.unit.test_v09_user_test_readiness.UserTestReadinessValidationTests.test_missing_required_simulation_step_is_rejected) ... ok
test_unknown_manifest_commit_is_rejected_when_repository_commit_is_known (tests.unit.test_v09_user_test_readiness.UserTestReadinessValidationTests.test_unknown_manifest_commit_is_rejected_when_repository_commit_is_known) ... ok
test_valid_simulation_manifest_keeps_physical_gates_open (tests.unit.test_v09_user_test_readiness.UserTestReadinessValidationTests.test_valid_simulation_manifest_keeps_physical_gates_open) ... ok
test_wrong_commit_is_rejected (tests.unit.test_v09_user_test_readiness.UserTestReadinessValidationTests.test_wrong_commit_is_rejected) ... ok

----------------------------------------------------------------------
Ran 35 tests in 4.469s

OK
