test_discovers_gpio_by_name_and_requests_pullup_button_and_led_off (tests.unit.test_m5_1_ptt_runtime.GpiodPttHardwareTests.test_discovers_gpio_by_name_and_requests_pullup_button_and_led_off) ... ok
test_refuses_missing_ambiguous_or_cross_chip_mappings (tests.unit.test_m5_1_ptt_runtime.GpiodPttHardwareTests.test_refuses_missing_ambiguous_or_cross_chip_mappings) ... ok
test_wake_monitor_led_resolves_by_name_and_is_off_on_close (tests.unit.test_m5_1_ptt_runtime.GpiodPttHardwareTests.test_wake_monitor_led_resolves_by_name_and_is_off_on_close) ... ok
test_discard_removes_max_hold_capture_without_processing (tests.unit.test_m5_1_ptt_runtime.PushToTalkVoiceAdapterTests.test_discard_removes_max_hold_capture_without_processing) ... ok
test_release_preserves_partial_capture_then_processes_and_cleans_it (tests.unit.test_m5_1_ptt_runtime.PushToTalkVoiceAdapterTests.test_release_preserves_partial_capture_then_processes_and_cleans_it) ... ok
test_push_to_talk_mode_selects_ptt_loop_not_wake_loop (tests.unit.test_m5_1_ptt_runtime.RunApplianceModeTests.test_push_to_talk_mode_selects_ptt_loop_not_wake_loop) ... ok
test_overflow_still_counts_toward_recording_time_limit (tests.unit.test_runtime_audio.AudioTests.test_overflow_still_counts_toward_recording_time_limit) ... ok
test_queue_frame_accounting_overflow_duration_and_close (tests.unit.test_runtime_audio.AudioTests.test_queue_frame_accounting_overflow_duration_and_close) ... ok
test_reenumeration_backoff_and_late_hotplug (tests.unit.test_runtime_audio.AudioTests.test_reenumeration_backoff_and_late_hotplug) ... ok
test_resampling_suppresses_alias_without_destroying_passband (tests.unit.test_runtime_audio.AudioTests.test_resampling_suppresses_alias_without_destroying_passband) ... ok
test_selection_missing_ambiguous_exact_rate_and_renumber (tests.unit.test_runtime_audio.AudioTests.test_selection_missing_ambiguous_exact_rate_and_renumber) ... ok
test_stereo_conversion_and_rejected_ratios (tests.unit.test_runtime_audio.AudioTests.test_stereo_conversion_and_rejected_ratios) ... ok
test_cancel_at_each_stage_releases_audio_and_client (tests.unit.test_runtime_audio.CoordinatorTests.test_cancel_at_each_stage_releases_audio_and_client) ... ok
test_complete_audio_path_and_no_feedback (tests.unit.test_runtime_audio.CoordinatorTests.test_complete_audio_path_and_no_feedback) ... ok
test_concurrent_activation_only_one_is_accepted (tests.unit.test_runtime_audio.CoordinatorTests.test_concurrent_activation_only_one_is_accepted) ... ok
test_failure_at_each_stage_recovers_without_raw_error (tests.unit.test_runtime_audio.CoordinatorTests.test_failure_at_each_stage_recovers_without_raw_error) ... ok
test_invalid_transition_and_input_rejected (tests.unit.test_runtime_audio.CoordinatorTests.test_invalid_transition_and_input_rejected) ... ok
test_text_mode_never_captures_or_speaks (tests.unit.test_runtime_audio.CoordinatorTests.test_text_mode_never_captures_or_speaks) ... ok
test_waiting_recovery_and_shutdown_before_consumption (tests.unit.test_runtime_audio.CoordinatorTests.test_waiting_recovery_and_shutdown_before_consumption) ... ok
test_no_arbitrary_error_text (tests.unit.test_runtime_audio.HealthTests.test_no_arbitrary_error_text) ... ok
test_precedence_exit_codes_and_empty_is_not_ready (tests.unit.test_runtime_audio.HealthTests.test_precedence_exit_codes_and_empty_is_not_ready) ... ok
test_bounce_hold_release_and_led_before_submit (tests.unit.test_runtime_audio.PTTTests.test_bounce_hold_release_and_led_before_submit) ... ok
test_missing_device_and_start_failure_fail_closed (tests.unit.test_runtime_audio.PTTTests.test_missing_device_and_start_failure_fail_closed) ... ok
test_stuck_button_cancels_no_processing_until_release (tests.unit.test_runtime_audio.PTTTests.test_stuck_button_cancels_no_processing_until_release) ... ok
test_reject_shell_string_and_relative_executable (tests.unit.test_runtime_audio.ProcessTests.test_reject_shell_string_and_relative_executable) ... ok
test_success_stderr_privacy_failure_timeout_and_cancel (tests.unit.test_runtime_audio.ProcessTests.test_success_stderr_privacy_failure_timeout_and_cancel) ... ok
test_stt_cleanup_and_empty_output_refusal (tests.unit.test_runtime_audio.SpeechTests.test_stt_cleanup_and_empty_output_refusal) ... ok
test_tts_cleanup_on_success_playback_failure_and_process_failure (tests.unit.test_runtime_audio.SpeechTests.test_tts_cleanup_on_success_playback_failure_and_process_failure) ... ok
test_wav_and_normalization (tests.unit.test_runtime_audio.SpeechTests.test_wav_and_normalization) ... ok
test_brain_probe_warms_inference_without_adding_history (tests.unit.test_voice_appliance.ConversationContractTests.test_brain_probe_warms_inference_without_adding_history) ... ok
test_plain_chat_disables_thinking_without_json_format (tests.unit.test_voice_appliance.ConversationContractTests.test_plain_chat_disables_thinking_without_json_format) ... ok
test_one_turn_is_capture_transcribe_generate_speak_without_persistence (tests.unit.test_voice_appliance.VoiceTurnTests.test_one_turn_is_capture_transcribe_generate_speak_without_persistence) ... ok
test_ready_is_published_only_after_real_ready_announcement_playback (tests.unit.test_voice_appliance.VoiceTurnTests.test_ready_is_published_only_after_real_ready_announcement_playback) ... ok
test_silence_does_not_drop_wake_runtime_readiness (tests.unit.test_voice_appliance.VoiceTurnTests.test_silence_does_not_drop_wake_runtime_readiness) ... ok
test_transition_announcer_returns_one_priority_message_without_daemon_audio_ownership (tests.unit.test_voice_appliance.VoiceTurnTests.test_transition_announcer_returns_one_priority_message_without_daemon_audio_ownership) ... ok
test_wake_turn_uses_pipelined_standby_and_separate_question_window (tests.unit.test_voice_appliance.VoiceTurnTests.test_wake_turn_uses_pipelined_standby_and_separate_question_window) ... ok
test_alsa_card_parser_and_unique_selector (tests.unit.test_voice_appliance.VoiceWakeTests.test_alsa_card_parser_and_unique_selector) ... ok
test_audio_constructor_defers_physical_route_resolution_until_readiness (tests.unit.test_voice_appliance.VoiceWakeTests.test_audio_constructor_defers_physical_route_resolution_until_readiness) ... ok
test_auto_selector_fails_closed_for_multiple_usb_cards (tests.unit.test_voice_appliance.VoiceWakeTests.test_auto_selector_fails_closed_for_multiple_usb_cards) ... ok
test_auto_selector_prefers_one_usb_card_over_hdmi (tests.unit.test_voice_appliance.VoiceWakeTests.test_auto_selector_prefers_one_usb_card_over_hdmi) ... ok
test_bluetooth_routes_are_used_when_no_wired_route_exists (tests.unit.test_voice_appliance.VoiceWakeTests.test_bluetooth_routes_are_used_when_no_wired_route_exists) ... ok
test_cancelled_capture_does_not_fall_through_to_another_audio_route (tests.unit.test_voice_appliance.VoiceWakeTests.test_cancelled_capture_does_not_fall_through_to_another_audio_route) ... ok
test_capture_falls_through_wired_then_bluetooth_candidates (tests.unit.test_voice_appliance.VoiceWakeTests.test_capture_falls_through_wired_then_bluetooth_candidates) ... ok
test_gonken_default_aliases_match_split_tokens_errors_and_legacy_hey_form (tests.unit.test_voice_appliance.VoiceWakeTests.test_gonken_default_aliases_match_split_tokens_errors_and_legacy_hey_form) ... ok
test_managed_bluetooth_ignores_unrelated_pipewire_endpoint (tests.unit.test_voice_appliance.VoiceWakeTests.test_managed_bluetooth_ignores_unrelated_pipewire_endpoint) ... ok
test_pipewire_usb_outranks_direct_usb_and_bluetooth (tests.unit.test_voice_appliance.VoiceWakeTests.test_pipewire_usb_outranks_direct_usb_and_bluetooth) ... ok
test_processing_cue_plan_cancels_unstarted_cues_when_answer_is_ready (tests.unit.test_voice_appliance.VoiceWakeTests.test_processing_cue_plan_cancels_unstarted_cues_when_answer_is_ready) ... ok
test_rolling_wake_matcher_carries_short_tail_across_capture_windows (tests.unit.test_voice_appliance.VoiceWakeTests.test_rolling_wake_matcher_carries_short_tail_across_capture_windows) ... ok
test_transition_announcement_text_preserves_simulation_and_motion_boundary (tests.unit.test_voice_appliance.VoiceWakeTests.test_transition_announcement_text_preserves_simulation_and_motion_boundary) ... ok
test_wake_capture_pipeline_keeps_capturing_and_drops_stale_backlog (tests.unit.test_voice_appliance.VoiceWakeTests.test_wake_capture_pipeline_keeps_capturing_and_drops_stale_backlog) ... ok
test_wake_phrase_matches_punctuation_and_one_edit_for_long_brand_token (tests.unit.test_voice_appliance.VoiceWakeTests.test_wake_phrase_matches_punctuation_and_one_edit_for_long_brand_token) ... ok
test_wired_routes_outrank_connected_bluetooth_when_both_exist (tests.unit.test_voice_appliance.VoiceWakeTests.test_wired_routes_outrank_connected_bluetooth_when_both_exist) ... ok

----------------------------------------------------------------------
Ran 52 tests in 2.033s

OK
