test_relay_discovers_logical_bcm_by_line_name_without_chip0_offset_assumption (tests.unit.test_v09_environment_hardware_adapters.GpiodRelayAdapterTests.test_relay_discovers_logical_bcm_by_line_name_without_chip0_offset_assumption) ... ok
test_relay_discovery_fails_closed_for_missing_or_ambiguous_line_name (tests.unit.test_v09_environment_hardware_adapters.GpiodRelayAdapterTests.test_relay_discovery_fails_closed_for_missing_or_ambiguous_line_name) ... ok
test_relay_requests_line_inactive_and_reports_power_only_capability (tests.unit.test_v09_environment_hardware_adapters.GpiodRelayAdapterTests.test_relay_requests_line_inactive_and_reports_power_only_capability) ... ok
test_relay_sets_logical_power_and_safe_off_on_close (tests.unit.test_v09_environment_hardware_adapters.GpiodRelayAdapterTests.test_relay_sets_logical_power_and_safe_off_on_close) ... ok
test_relay_write_failure_is_reported_as_actuator_unavailable (tests.unit.test_v09_environment_hardware_adapters.GpiodRelayAdapterTests.test_relay_write_failure_is_reported_as_actuator_unavailable) ... ok
test_crc_matches_sensirion_datasheet_example (tests.unit.test_v09_environment_hardware_adapters.SHT31AdapterTests.test_crc_matches_sensirion_datasheet_example) ... ok
test_decode_rejects_bad_crc (tests.unit.test_v09_environment_hardware_adapters.SHT31AdapterTests.test_decode_rejects_bad_crc) ... ok
test_decode_valid_frame_converts_temperature_and_humidity (tests.unit.test_v09_environment_hardware_adapters.SHT31AdapterTests.test_decode_valid_frame_converts_temperature_and_humidity) ... ok
test_sensor_returns_truthful_unavailable_reading_on_bus_error (tests.unit.test_v09_environment_hardware_adapters.SHT31AdapterTests.test_sensor_returns_truthful_unavailable_reading_on_bus_error) ... ok
test_sensor_uses_high_repeatability_command_and_injected_bus (tests.unit.test_v09_environment_hardware_adapters.SHT31AdapterTests.test_sensor_uses_high_repeatability_command_and_injected_bus) ... ok
test_service_applies_controller_state_to_injected_actuator (tests.unit.test_v09_environment_hardware_adapters.ServiceHardwareBoundaryTests.test_service_applies_controller_state_to_injected_actuator) ... ok
test_service_fails_closed_when_actuator_write_fails (tests.unit.test_v09_environment_hardware_adapters.ServiceHardwareBoundaryTests.test_service_fails_closed_when_actuator_write_fails) ... ok
test_bounds_are_derived_from_static_config (tests.unit.test_v09_environment_daemon_activation.EnvironmentDaemonActivationTests.test_bounds_are_derived_from_static_config) ... ok
test_build_core_creates_default_policy_and_uses_injected_adapters_without_hardware_evidence (tests.unit.test_v09_environment_daemon_activation.EnvironmentDaemonActivationTests.test_build_core_creates_default_policy_and_uses_injected_adapters_without_hardware_evidence) ... ok
test_cli_env_serve_check_builds_config_without_starting_socket_or_claiming_physical_evidence (tests.unit.test_v09_environment_daemon_activation.EnvironmentDaemonActivationTests.test_cli_env_serve_check_builds_config_without_starting_socket_or_claiming_physical_evidence) ... ok
test_corrupt_policy_fails_closed_without_replacing_operator_file (tests.unit.test_v09_environment_daemon_activation.EnvironmentDaemonActivationTests.test_corrupt_policy_fails_closed_without_replacing_operator_file) ... ok
test_disabled_config_refuses_core_build (tests.unit.test_v09_environment_daemon_activation.EnvironmentDaemonActivationTests.test_disabled_config_refuses_core_build) ... ok
test_unix_server_uses_configured_socket_and_cleans_up_safe_off (tests.unit.test_v09_environment_daemon_activation.EnvironmentDaemonActivationTests.test_unix_server_uses_configured_socket_and_cleans_up_safe_off) ... ok
test_conflicting_environment_unit_fails_closed (tests.unit.test_v09_environment_service_manager.EnvironmentServiceManagerTests.test_conflicting_environment_unit_fails_closed) ... ok
test_environment_unit_is_local_only_least_privilege_and_independent (tests.unit.test_v09_environment_service_manager.EnvironmentServiceManagerTests.test_environment_unit_is_local_only_least_privilege_and_independent) ... ok
test_install_status_remove_are_structural_and_do_not_enable_or_start (tests.unit.test_v09_environment_service_manager.EnvironmentServiceManagerTests.test_install_status_remove_are_structural_and_do_not_enable_or_start) ... ok
test_tmpfiles_contract_uses_separate_state_and_socket_client_group (tests.unit.test_v09_environment_service_manager.EnvironmentServiceManagerTests.test_tmpfiles_contract_uses_separate_state_and_socket_client_group) ... ok
test_voice_service_has_soft_environment_dependency_only (tests.unit.test_v09_environment_service_manager.EnvironmentServiceManagerTests.test_voice_service_has_soft_environment_dependency_only) ... ok
test_daemon_rejection_is_reported_without_fake_success (tests.unit.test_v09_environment_cli.EnvironmentCliTests.test_daemon_rejection_is_reported_without_fake_success) ... ok
test_env_serve_check_does_not_call_safe_off_or_open_resources (tests.unit.test_v09_environment_cli.EnvironmentCliTests.test_env_serve_check_does_not_call_safe_off_or_open_resources) ... ok
test_env_serve_disabled_exits_without_fake_hardware (tests.unit.test_v09_environment_cli.EnvironmentCliTests.test_env_serve_disabled_exits_without_fake_hardware) ... ok
test_env_serve_enabled_check_builds_without_hardware_evidence_or_socket_loop (tests.unit.test_v09_environment_cli.EnvironmentCliTests.test_env_serve_enabled_check_builds_without_hardware_evidence_or_socket_loop) ... ok
test_fan_mode_and_policy_mutations_pass_typed_arguments_only (tests.unit.test_v09_environment_cli.EnvironmentCliTests.test_fan_mode_and_policy_mutations_pass_typed_arguments_only) ... ok
test_policy_set_without_fields_fails_before_daemon_call (tests.unit.test_v09_environment_cli.EnvironmentCliTests.test_policy_set_without_fields_fails_before_daemon_call) ... ok
test_policy_show_health_and_probe_are_non_mutating_client_calls (tests.unit.test_v09_environment_cli.EnvironmentCliTests.test_policy_show_health_and_probe_are_non_mutating_client_calls) ... ok
test_simulation_cli_commands_use_typed_ipc_only (tests.unit.test_v09_environment_cli.EnvironmentCliTests.test_simulation_cli_commands_use_typed_ipc_only) ... ok
test_status_json_uses_ipc_client_and_reports_no_physical_evidence (tests.unit.test_v09_environment_cli.EnvironmentCliTests.test_status_json_uses_ipc_client_and_reports_no_physical_evidence) ... ok
test_temperature_and_humidity_commands_read_sensor_once (tests.unit.test_v09_environment_cli.EnvironmentCliTests.test_temperature_and_humidity_commands_read_sensor_once) ... ok
test_watch_observes_snapshots_passively_without_extra_sensor_reads (tests.unit.test_v09_environment_cli.EnvironmentCliTests.test_watch_observes_snapshots_passively_without_extra_sensor_reads) ... ok

----------------------------------------------------------------------
Ran 34 tests in 4.129s

OK
