[T1] release lifecycle integration suite (bounded per case)
[RUN] module=tests.integration.test_release_lifecycle_process.ActivationInterruptionTests.test_every_journal_switch_and_postcheck_boundary_reconciles timeout=240s log=/mnt/data/gonken_ckpt22_continue/gonkenlabagent-v09-user-sim-hil-release-candidate-checkpoint-22/build/ci-logs/integration-release-lifecycle/tests_integration_test_release_lifecycle_process_ActivationInterruptionTests_test_every_journal_switch_and_postcheck_boundary_reconciles.log
[PASS] module=tests.integration.test_release_lifecycle_process.ActivationInterruptionTests.test_every_journal_switch_and_postcheck_boundary_reconciles seconds=11.0
[RUN] module=tests.integration.test_release_lifecycle_process.ActivationInterruptionTests.test_failed_post_switch_smoke_rolls_back_previous timeout=240s log=/mnt/data/gonken_ckpt22_continue/gonkenlabagent-v09-user-sim-hil-release-candidate-checkpoint-22/build/ci-logs/integration-release-lifecycle/tests_integration_test_release_lifecycle_process_ActivationInterruptionTests_test_failed_post_switch_smoke_rolls_back_previous.log
[PASS] module=tests.integration.test_release_lifecycle_process.ActivationInterruptionTests.test_failed_post_switch_smoke_rolls_back_previous seconds=1.3
[RUN] module=tests.integration.test_release_lifecycle_process.ActivationInterruptionTests.test_operator_rollback_script_restarts_service_after_validated_switch timeout=240s log=/mnt/data/gonken_ckpt22_continue/gonkenlabagent-v09-user-sim-hil-release-candidate-checkpoint-22/build/ci-logs/integration-release-lifecycle/tests_integration_test_release_lifecycle_process_ActivationInterruptionTests_test_operator_rollback_script_restarts_service_after_validated_switch.log
[PASS] module=tests.integration.test_release_lifecycle_process.ActivationInterruptionTests.test_operator_rollback_script_restarts_service_after_validated_switch seconds=1.9
[RUN] module=tests.integration.test_release_lifecycle_process.EndToEndReleaseTests.test_default_install_after_release_boundary_stops_before_target_only_steps timeout=240s log=/mnt/data/gonken_ckpt22_continue/gonkenlabagent-v09-user-sim-hil-release-candidate-checkpoint-22/build/ci-logs/integration-release-lifecycle/tests_integration_test_release_lifecycle_process_EndToEndReleaseTests_test_default_install_after_release_boundary_stops_before_target_only_steps.log
[WAIT] module=tests.integration.test_release_lifecycle_process.EndToEndReleaseTests.test_default_install_after_release_boundary_stops_before_target_only_steps elapsed=15.1s tail=no output yet
[PASS] module=tests.integration.test_release_lifecycle_process.EndToEndReleaseTests.test_default_install_after_release_boundary_stops_before_target_only_steps seconds=23.3
[RUN] module=tests.integration.test_release_lifecycle_process.EndToEndReleaseTests.test_low_space_never_creates_or_switches_release timeout=240s log=/mnt/data/gonken_ckpt22_continue/gonkenlabagent-v09-user-sim-hil-release-candidate-checkpoint-22/build/ci-logs/integration-release-lifecycle/tests_integration_test_release_lifecycle_process_EndToEndReleaseTests_test_low_space_never_creates_or_switches_release.log
[PASS] module=tests.integration.test_release_lifecycle_process.EndToEndReleaseTests.test_low_space_never_creates_or_switches_release seconds=6.4
[RUN] module=tests.integration.test_release_lifecycle_process.EndToEndReleaseTests.test_release_only_builds_activates_and_freezes_release timeout=240s log=/mnt/data/gonken_ckpt22_continue/gonkenlabagent-v09-user-sim-hil-release-candidate-checkpoint-22/build/ci-logs/integration-release-lifecycle/tests_integration_test_release_lifecycle_process_EndToEndReleaseTests_test_release_only_builds_activates_and_freezes_release.log
[WAIT] module=tests.integration.test_release_lifecycle_process.EndToEndReleaseTests.test_release_only_builds_activates_and_freezes_release elapsed=15.1s tail=no output yet
[PASS] module=tests.integration.test_release_lifecycle_process.EndToEndReleaseTests.test_release_only_builds_activates_and_freezes_release seconds=15.8
[RUN] module=tests.integration.test_release_lifecycle_process.EndToEndReleaseTests.test_release_only_repeat_is_idempotent timeout=240s log=/mnt/data/gonken_ckpt22_continue/gonkenlabagent-v09-user-sim-hil-release-candidate-checkpoint-22/build/ci-logs/integration-release-lifecycle/tests_integration_test_release_lifecycle_process_EndToEndReleaseTests_test_release_only_repeat_is_idempotent.log
[WAIT] module=tests.integration.test_release_lifecycle_process.EndToEndReleaseTests.test_release_only_repeat_is_idempotent elapsed=15.0s tail=no output yet
[PASS] module=tests.integration.test_release_lifecycle_process.EndToEndReleaseTests.test_release_only_repeat_is_idempotent seconds=22.8
[RUN] module=tests.integration.test_release_lifecycle_process.FinalizationInterruptionTests.test_candidate_finalize_boundaries_leave_recoverable_old_or_new_state timeout=240s log=/mnt/data/gonken_ckpt22_continue/gonkenlabagent-v09-user-sim-hil-release-candidate-checkpoint-22/build/ci-logs/integration-release-lifecycle/tests_integration_test_release_lifecycle_process_FinalizationInterruptionTests_test_candidate_finalize_boundaries_leave_recoverable_old_or_new_state.log
[PASS] module=tests.integration.test_release_lifecycle_process.FinalizationInterruptionTests.test_candidate_finalize_boundaries_leave_recoverable_old_or_new_state seconds=3.5
[SUMMARY] label=integration-release-lifecycle result=PASS modules=8 manifest=/mnt/data/gonken_ckpt22_continue/gonkenlabagent-v09-user-sim-hil-release-candidate-checkpoint-22/build/ci-logs/integration_release_lifecycle_manifest.json
Selected T0/T1 checks passed: release-lifecycle
