test_core_package_has_no_optional_dependency_imports (tests.unit.test_m2_1.BoundaryTests.test_core_package_has_no_optional_dependency_imports) ... ok
test_extension_namespace_has_no_eager_implementation_imports (tests.unit.test_m2_1.BoundaryTests.test_extension_namespace_has_no_eager_implementation_imports) ... ok
test_product_name_literal_is_centralized_in_package (tests.unit.test_m2_1.BoundaryTests.test_product_name_literal_is_centralized_in_package) ... ok
test_checkout_compatibility_launcher_uses_package_cli (tests.unit.test_m2_1.CliTests.test_checkout_compatibility_launcher_uses_package_cli) ... ok
test_json_status_is_honest_and_machine_readable (tests.unit.test_m2_1.CliTests.test_json_status_is_honest_and_machine_readable) ... ok
test_legacy_run_crosses_explicit_adapter (tests.unit.test_m2_1.CliTests.test_legacy_run_crosses_explicit_adapter) ... ok
test_packaged_run_enters_voice_appliance_runtime (tests.unit.test_m2_1.CliTests.test_packaged_run_enters_voice_appliance_runtime) ... ok
test_version_command (tests.unit.test_m2_1.CliTests.test_version_command) ... ok
test_wake_status_reports_gonken_default_without_physical_acceptance_claim (tests.unit.test_m2_1.CliTests.test_wake_status_reports_gonken_default_without_physical_acceptance_claim) ... ok
test_inherited_identity_is_absent_from_active_surfaces (tests.unit.test_m2_1.IdentityTests.test_inherited_identity_is_absent_from_active_surfaces) ... ok
test_identity_is_immutable_and_authoritative (tests.unit.test_m2_1.PackageTests.test_identity_is_immutable_and_authoritative) ... ok
test_package_version_matches_project_metadata (tests.unit.test_m2_1.PackageTests.test_package_version_matches_project_metadata) ... ok
test_public_import_is_dependency_light (tests.unit.test_m2_1.PackageTests.test_public_import_is_dependency_light) ... ok
test_every_legacy_requirement_is_inventory_tracked (tests.unit.test_m2_1.ProvenanceTests.test_every_legacy_requirement_is_inventory_tracked) ... ok
test_every_tracked_media_asset_has_verified_inventory_hash (tests.unit.test_m2_1.ProvenanceTests.test_every_tracked_media_asset_has_verified_inventory_hash) ... ok
test_inventory_and_metadata_block_redistribution_claims (tests.unit.test_m2_1.ProvenanceTests.test_inventory_and_metadata_block_redistribution_claims) ... ok
test_no_redistribution_policy_is_consistent_across_surfaces (tests.unit.test_m2_1.ProvenanceTests.test_no_redistribution_policy_is_consistent_across_surfaces) ... ok
test_brain_probe_warms_inference_without_adding_history (tests.unit.test_voice_appliance.ConversationContractTests.test_brain_probe_warms_inference_without_adding_history) ... ok
test_plain_chat_disables_thinking_without_json_format (tests.unit.test_voice_appliance.ConversationContractTests.test_plain_chat_disables_thinking_without_json_format) ... ok
test_one_turn_is_capture_transcribe_generate_speak_without_persistence (tests.unit.test_voice_appliance.VoiceTurnTests.test_one_turn_is_capture_transcribe_generate_speak_without_persistence) ... ok
test_ready_is_published_only_after_real_ready_announcement_playback (tests.unit.test_voice_appliance.VoiceTurnTests.test_ready_is_published_only_after_real_ready_announcement_playback) ... ok
test_silence_does_not_drop_wake_runtime_readiness (tests.unit.test_voice_appliance.VoiceTurnTests.test_silence_does_not_drop_wake_runtime_readiness) ... ok
test_transition_announcer_returns_one_priority_message_without_daemon_audio_ownership (tests.unit.test_voice_appliance.VoiceTurnTests.test_transition_announcer_returns_one_priority_message_without_daemon_audio_ownership) ... ok
test_wake_turn_uses_pipelined_standby_and_separate_question_window (tests.unit.test_voice_appliance.VoiceTurnTests.test_wake_turn_uses_pipelined_standby_and_separate_question_window) ... ok
test_alsa_card_parser_and_unique_selector (tests.unit.test_voice_appliance.VoiceWakeTests.test_alsa_card_parser_and_unique_selector) ... ok
test_audio_constructor_defers_physical_route_resolution_until_readiness (tests.unit.test_voice_appliance.VoiceWakeTests.test_audio_constructor_defers_physical_route_resolution_until_readiness) ... ok
test_auto_selector_fails_closed_for_multiple_usb_cards (tests.unit.test_voice_appliance.VoiceWakeTests.test_auto_selector_fails_closed_for_multiple_usb_cards) ... ok
test_auto_selector_prefers_one_usb_card_over_hdmi (tests.unit.test_voice_appliance.VoiceWakeTests.test_auto_selector_prefers_one_usb_card_over_hdmi) ... ok
test_bluetooth_routes_are_used_when_no_wired_route_exists (tests.unit.test_voice_appliance.VoiceWakeTests.test_bluetooth_routes_are_used_when_no_wired_route_exists) ... ok
test_cancelled_capture_does_not_fall_through_to_another_audio_route (tests.unit.test_voice_appliance.VoiceWakeTests.test_cancelled_capture_does_not_fall_through_to_another_audio_route) ... ok
test_capture_falls_through_wired_then_bluetooth_candidates (tests.unit.test_voice_appliance.VoiceWakeTests.test_capture_falls_through_wired_then_bluetooth_candidates) ... ok
test_gonken_default_aliases_match_split_tokens_errors_and_legacy_hey_form (tests.unit.test_voice_appliance.VoiceWakeTests.test_gonken_default_aliases_match_split_tokens_errors_and_legacy_hey_form) ... ok
test_managed_bluetooth_ignores_unrelated_pipewire_endpoint (tests.unit.test_voice_appliance.VoiceWakeTests.test_managed_bluetooth_ignores_unrelated_pipewire_endpoint) ... ok
test_pipewire_usb_outranks_direct_usb_and_bluetooth (tests.unit.test_voice_appliance.VoiceWakeTests.test_pipewire_usb_outranks_direct_usb_and_bluetooth) ... ok
test_processing_cue_plan_cancels_unstarted_cues_when_answer_is_ready (tests.unit.test_voice_appliance.VoiceWakeTests.test_processing_cue_plan_cancels_unstarted_cues_when_answer_is_ready) ... ok
test_rolling_wake_matcher_carries_short_tail_across_capture_windows (tests.unit.test_voice_appliance.VoiceWakeTests.test_rolling_wake_matcher_carries_short_tail_across_capture_windows) ... ok
test_transition_announcement_text_preserves_simulation_and_motion_boundary (tests.unit.test_voice_appliance.VoiceWakeTests.test_transition_announcement_text_preserves_simulation_and_motion_boundary) ... ok
test_wake_capture_pipeline_keeps_capturing_and_drops_stale_backlog (tests.unit.test_voice_appliance.VoiceWakeTests.test_wake_capture_pipeline_keeps_capturing_and_drops_stale_backlog) ... ok
test_wake_phrase_matches_punctuation_and_one_edit_for_long_brand_token (tests.unit.test_voice_appliance.VoiceWakeTests.test_wake_phrase_matches_punctuation_and_one_edit_for_long_brand_token) ... ok
test_wired_routes_outrank_connected_bluetooth_when_both_exist (tests.unit.test_voice_appliance.VoiceWakeTests.test_wired_routes_outrank_connected_bluetooth_when_both_exist) ... ok
test_discovers_gpio_by_name_and_requests_pullup_button_and_led_off (tests.unit.test_m5_1_ptt_runtime.GpiodPttHardwareTests.test_discovers_gpio_by_name_and_requests_pullup_button_and_led_off) ... ok
test_refuses_missing_ambiguous_or_cross_chip_mappings (tests.unit.test_m5_1_ptt_runtime.GpiodPttHardwareTests.test_refuses_missing_ambiguous_or_cross_chip_mappings) ... ok
test_wake_monitor_led_resolves_by_name_and_is_off_on_close (tests.unit.test_m5_1_ptt_runtime.GpiodPttHardwareTests.test_wake_monitor_led_resolves_by_name_and_is_off_on_close) ... ok
test_discard_removes_max_hold_capture_without_processing (tests.unit.test_m5_1_ptt_runtime.PushToTalkVoiceAdapterTests.test_discard_removes_max_hold_capture_without_processing) ... ok
test_release_preserves_partial_capture_then_processes_and_cleans_it (tests.unit.test_m5_1_ptt_runtime.PushToTalkVoiceAdapterTests.test_release_preserves_partial_capture_then_processes_and_cleans_it) ... ok
test_push_to_talk_mode_selects_ptt_loop_not_wake_loop (tests.unit.test_m5_1_ptt_runtime.RunApplianceModeTests.test_push_to_talk_mode_selects_ptt_loop_not_wake_loop) ... ok

----------------------------------------------------------------------
Ran 46 tests in 1.644s

OK
