test_installer_gates_appliance_readiness_on_runtime_context (tests.unit.test_v09_runtime_context_preflight.RuntimeContextPreflightTests.test_installer_gates_appliance_readiness_on_runtime_context) ... ok
test_missing_runtime_environment_fails_require_ready (tests.unit.test_v09_runtime_context_preflight.RuntimeContextPreflightTests.test_missing_runtime_environment_fails_require_ready) ... [ERROR] code=RUNTIME_CONTEXT_NOT_READY message=service/user-session runtime context is incomplete remediation=rerun service/Bluetooth convergence and inspect the generated runtime environment and user manager
ok
test_pipewire_requirement_checks_user_manager_services_and_pulse (tests.unit.test_v09_runtime_context_preflight.RuntimeContextPreflightTests.test_pipewire_requirement_checks_user_manager_services_and_pulse) ... ok
test_service_unit_contract_preserves_environment_independence (tests.unit.test_v09_runtime_context_preflight.RuntimeContextPreflightTests.test_service_unit_contract_preserves_environment_independence) ... ok
test_structural_context_can_be_ready_without_claiming_physical_audio (tests.unit.test_v09_runtime_context_preflight.RuntimeContextPreflightTests.test_structural_context_can_be_ready_without_claiming_physical_audio) ... ok
test_conflicting_installed_unit_fails_closed (tests.unit.test_m6_service_manager.ServiceManagerTests.test_conflicting_installed_unit_fails_closed) ... ok
test_fix6_managed_unit_is_upgraded_to_generated_runtime_environment (tests.unit.test_m6_service_manager.ServiceManagerTests.test_fix6_managed_unit_is_upgraded_to_generated_runtime_environment) ... ok
test_install_status_remove_are_exact_and_reversible (tests.unit.test_m6_service_manager.ServiceManagerTests.test_install_status_remove_are_exact_and_reversible) ... ok
test_installed_status_is_not_race_sensitive_to_runtime_activity (tests.unit.test_m6_service_manager.ServiceManagerTests.test_installed_status_is_not_race_sensitive_to_runtime_activity) ... ok
test_known_previous_managed_unit_is_upgraded_in_place (tests.unit.test_m6_service_manager.ServiceManagerTests.test_known_previous_managed_unit_is_upgraded_in_place) ... ok
test_optional_corpus_does_not_make_namespace_start_fatal (tests.unit.test_m6_service_manager.ServiceManagerTests.test_optional_corpus_does_not_make_namespace_start_fatal) ... ok
test_system_unit_never_uses_manager_uid_specifier_for_audio (tests.unit.test_m6_service_manager.ServiceManagerTests.test_system_unit_never_uses_manager_uid_specifier_for_audio) ... ok
test_template_contract_rejects_power_and_privilege_grants (tests.unit.test_m6_service_manager.ServiceManagerTests.test_template_contract_rejects_power_and_privilege_grants) ... ok
test_autoconnect_status_detects_managed_template_drift (tests.unit.test_x4_bluetooth_manager.BluetoothManagerTests.test_autoconnect_status_detects_managed_template_drift) ... ok
test_autoconnect_unit_is_bounded_to_one_managed_record (tests.unit.test_x4_bluetooth_manager.BluetoothManagerTests.test_autoconnect_unit_is_bounded_to_one_managed_record) ... ok
test_connected_headset_status_allows_capture_to_be_proven_by_appliance_gate (tests.unit.test_x4_bluetooth_manager.BluetoothManagerTests.test_connected_headset_status_allows_capture_to_be_proven_by_appliance_gate) ... ok
test_device_record_round_trip_is_closed_schema (tests.unit.test_x4_bluetooth_manager.BluetoothManagerTests.test_device_record_round_trip_is_closed_schema) ... ok
test_exact_mac_reuses_known_audio_identity_before_scanning (tests.unit.test_x4_bluetooth_manager.BluetoothManagerTests.test_exact_mac_reuses_known_audio_identity_before_scanning) ... [OK] code=RUNTIME_CONTEXT status=NOT_READY user=gonken-agent runtime_env=false runtime_dir=false linger=false user_manager=false pipewire_required=false physical_audio_claimed=false
[OK] code=BLUETOOTH_AUDIO_STATUS state=connected output_nodes=1 input_nodes=0
[FOUND] code=BLUETOOTH_DEVICE_KNOWN address=AA:BB:CC:DD:EE:FF name=Known Headset paired=true
ok
test_fix6_pairing_step_revalidates_connected_output_route (tests.unit.test_x4_bluetooth_manager.BluetoothManagerTests.test_fix6_pairing_step_revalidates_connected_output_route) ... ok
test_headless_wireplumber_fragment_disables_logind_seat_monitoring (tests.unit.test_x4_bluetooth_manager.BluetoothManagerTests.test_headless_wireplumber_fragment_disables_logind_seat_monitoring) ... ok
test_headset_profile_prefers_available_msbc_capture_profile (tests.unit.test_x4_bluetooth_manager.BluetoothManagerTests.test_headset_profile_prefers_available_msbc_capture_profile) ... ok
test_known_fix4_autoconnect_unit_is_upgraded_exactly (tests.unit.test_x4_bluetooth_manager.BluetoothManagerTests.test_known_fix4_autoconnect_unit_is_upgraded_exactly) ... ok
test_pairing_allows_output_only_headset_for_direct_microphone_fallback (tests.unit.test_x4_bluetooth_manager.BluetoothManagerTests.test_pairing_allows_output_only_headset_for_direct_microphone_fallback) ... [OK] code=BLUETOOTH_AUTOCONNECT_MANAGED_UPGRADE path=/tmp/tmpo85d603p/gonken-bluetooth-autoconnect.service
[OK] code=BLUETOOTH_AUTOCONNECT_INSTALLED
[RUNNING] code=BLUETOOTH_PAIR address=AA:BB:CC:DD:EE:FF name=Lab Headset
[OK] code=BLUETOOTH_AUDIO_PAIRED address=AA:BB:CC:DD:EE:FF name=Lab Headset output=ready microphone=direct_audio_fallback_pending
ok
test_pairing_requires_verified_paired_trusted_connected_state (tests.unit.test_x4_bluetooth_manager.BluetoothManagerTests.test_pairing_requires_verified_paired_trusted_connected_state) ... [RUNNING] code=BLUETOOTH_PAIR address=AA:BB:CC:DD:EE:FF name=Lab Headset
[OK] code=BLUETOOTH_AUDIO_PAIRED address=AA:BB:CC:DD:EE:FF name=Lab Headset output=ready microphone=ready
ok
test_parse_devices_is_bounded_to_valid_mac_and_single_line_name (tests.unit.test_x4_bluetooth_manager.BluetoothManagerTests.test_parse_devices_is_bounded_to_valid_mac_and_single_line_name) ... ok
test_parse_info_distinguishes_output_and_headset_capability (tests.unit.test_x4_bluetooth_manager.BluetoothManagerTests.test_parse_info_distinguishes_output_and_headset_capability) ... ok
test_stack_status_requires_unblocked_powered_controller (tests.unit.test_x4_bluetooth_manager.BluetoothManagerTests.test_stack_status_requires_unblocked_powered_controller) ... ok
test_explicit_rollback_fails_without_previous_release (tests.unit.test_m3_3_release_manager.IntegrityAndPrivilegeTests.test_explicit_rollback_fails_without_previous_release) ... ok
test_explicit_rollback_returns_to_previous_validated_release (tests.unit.test_m3_3_release_manager.IntegrityAndPrivilegeTests.test_explicit_rollback_returns_to_previous_validated_release) ... ok
test_maintenance_lock_rejects_concurrent_state_mutation (tests.unit.test_m3_3_release_manager.IntegrityAndPrivilegeTests.test_maintenance_lock_rejects_concurrent_state_mutation) ... ok
test_payload_digest_rejects_post_build_tampering (tests.unit.test_m3_3_release_manager.IntegrityAndPrivilegeTests.test_payload_digest_rejects_post_build_tampering) ... ok
test_post_verified_journal_cannot_override_pointer_disagreement (tests.unit.test_m3_3_release_manager.IntegrityAndPrivilegeTests.test_post_verified_journal_cannot_override_pointer_disagreement) ... ok
test_pruning_keeps_only_active_and_previous_validated_releases (tests.unit.test_m3_3_release_manager.IntegrityAndPrivilegeTests.test_pruning_keeps_only_active_and_previous_validated_releases) ... ok
test_speech_and_service_maintenance_inputs_are_release_payload_contract (tests.unit.test_m3_3_release_manager.IntegrityAndPrivilegeTests.test_speech_and_service_maintenance_inputs_are_release_payload_contract) ... ok
test_target_privilege_and_nonlogin_account_contract_is_explicit (tests.unit.test_m3_3_release_manager.IntegrityAndPrivilegeTests.test_target_privilege_and_nonlogin_account_contract_is_explicit) ... ok
test_candidate_finalization_is_atomic_and_immutable (tests.unit.test_m3_3_release_manager.RecordAndPointerTests.test_candidate_finalization_is_atomic_and_immutable) ... ok
test_current_pointer_cannot_escape_release_namespace (tests.unit.test_m3_3_release_manager.RecordAndPointerTests.test_current_pointer_cannot_escape_release_namespace) ... ok
test_durable_record_is_private_and_exact (tests.unit.test_m3_3_release_manager.RecordAndPointerTests.test_durable_record_is_private_and_exact) ... ok
test_finalization_normalizes_restrictive_umask_modes_for_service_access (tests.unit.test_m3_3_release_manager.RecordAndPointerTests.test_finalization_normalizes_restrictive_umask_modes_for_service_access) ... ok
test_layout_has_private_state_and_constant_entrypoint (tests.unit.test_m3_3_release_manager.RecordAndPointerTests.test_layout_has_private_state_and_constant_entrypoint) ... ok
test_parser_rejects_unknown_duplicate_and_incomplete_records (tests.unit.test_m3_3_release_manager.RecordAndPointerTests.test_parser_rejects_unknown_duplicate_and_incomplete_records) ... ok
test_source_archive_rejects_traversal_and_links (tests.unit.test_m3_3_release_manager.RecordAndPointerTests.test_source_archive_rejects_traversal_and_links) ... ok
test_binding_allowlist_excludes_distribution_metadata_and_unrelated_packages (tests.unit.test_m3_3_release_manager.TargetRuntimeBindingTests.test_binding_allowlist_excludes_distribution_metadata_and_unrelated_packages) ... ok
test_binding_probe_covers_exact_runtime_apis (tests.unit.test_m3_3_release_manager.TargetRuntimeBindingTests.test_binding_probe_covers_exact_runtime_apis) ... ok
test_bridge_copies_only_allowlisted_import_payloads_and_records_provenance (tests.unit.test_m3_3_release_manager.TargetRuntimeBindingTests.test_bridge_copies_only_allowlisted_import_payloads_and_records_provenance) ... ok
test_installer_authorizes_invoking_operator_only_for_control_socket (tests.unit.test_m3_3_release_manager.TargetRuntimeBindingTests.test_installer_authorizes_invoking_operator_only_for_control_socket) ... ok
test_isolated_bridge_keeps_unrelated_broken_system_metadata_out_of_pip_check (tests.unit.test_m3_3_release_manager.TargetRuntimeBindingTests.test_isolated_bridge_keeps_unrelated_broken_system_metadata_out_of_pip_check) ... ok
test_target_binding_validation_accepts_isolated_release_python_probe (tests.unit.test_m3_3_release_manager.TargetRuntimeBindingTests.test_target_binding_validation_accepts_isolated_release_python_probe) ... ok
test_target_binding_validation_rejects_broad_system_site_visibility (tests.unit.test_m3_3_release_manager.TargetRuntimeBindingTests.test_target_binding_validation_rejects_broad_system_site_visibility) ... ok
test_target_binding_validation_rejects_missing_bridge_manifest (tests.unit.test_m3_3_release_manager.TargetRuntimeBindingTests.test_target_binding_validation_rejects_missing_bridge_manifest) ... ok
test_target_binding_validation_rejects_release_python_import_failure (tests.unit.test_m3_3_release_manager.TargetRuntimeBindingTests.test_target_binding_validation_rejects_release_python_import_failure) ... ok
test_target_profile_uses_allowlisted_distro_binding_bridge_only_for_pi_core (tests.unit.test_m3_3_release_manager.TargetRuntimeBindingTests.test_target_profile_uses_allowlisted_distro_binding_bridge_only_for_pi_core) ... ok

----------------------------------------------------------------------
Ran 52 tests in 9.962s

OK
[OK] code=ACTIVATION_RECONCILED phase=post_verified commit=cccccccccccccccccccccccccccccccccccccccc
[OK] code=ACTIVATION_RECONCILED phase=post_verified commit=cccccccccccccccccccccccccccccccccccccccc
[OK] code=ACTIVATION_RECONCILED phase=post_verified commit=cccccccccccccccccccccccccccccccccccccccc
[OK] code=ACTIVATION_COMPLETE commit=bbbbbbbbbbbbbbbbbbbbbbbbbbbbbbbbbbbbbbbb previous=cccccccccccccccccccccccccccccccccccccccc
[OK] code=ROLLBACK_COMPLETE commit=bbbbbbbbbbbbbbbbbbbbbbbbbbbbbbbbbbbbbbbb
