test_commissioned_status_rejects_owner_group_drift_not_only_mode_drift (tests.unit.test_v09_environment_service_manager.EnvironmentServiceManagerTests.test_commissioned_status_rejects_owner_group_drift_not_only_mode_drift) ... ok
test_conflicting_environment_unit_fails_closed (tests.unit.test_v09_environment_service_manager.EnvironmentServiceManagerTests.test_conflicting_environment_unit_fails_closed) ... ok
test_environment_unit_is_local_only_least_privilege_and_independent (tests.unit.test_v09_environment_service_manager.EnvironmentServiceManagerTests.test_environment_unit_is_local_only_least_privilege_and_independent) ... ok
test_install_status_remove_are_structural_and_do_not_enable_or_start (tests.unit.test_v09_environment_service_manager.EnvironmentServiceManagerTests.test_install_status_remove_are_structural_and_do_not_enable_or_start) ... ok
test_known_checkpoint43_temporary_dropin_is_removed_but_unknown_is_preserved_and_blocks (tests.unit.test_v09_environment_service_manager.EnvironmentServiceManagerTests.test_known_checkpoint43_temporary_dropin_is_removed_but_unknown_is_preserved_and_blocks) ... ok
test_non_actuating_profile_converges_enable_reset_restart_and_metadata (tests.unit.test_v09_environment_service_manager.EnvironmentServiceManagerTests.test_non_actuating_profile_converges_enable_reset_restart_and_metadata) ... ok
test_real_actuator_profile_requires_supervised_physical_commissioning (tests.unit.test_v09_environment_service_manager.EnvironmentServiceManagerTests.test_real_actuator_profile_requires_supervised_physical_commissioning) ... ok
test_tmpfiles_contract_uses_separate_state_and_socket_client_group (tests.unit.test_v09_environment_service_manager.EnvironmentServiceManagerTests.test_tmpfiles_contract_uses_separate_state_and_socket_client_group) ... ok
test_voice_service_has_soft_environment_dependency_only (tests.unit.test_v09_environment_service_manager.EnvironmentServiceManagerTests.test_voice_service_has_soft_environment_dependency_only) ... ok
test_appliance_readiness_record_is_bound_to_release_commit (tests.unit.test_v09_install_dependency_graph.TargetInstallDependencyGraphTests.test_appliance_readiness_record_is_bound_to_release_commit) ... ok
test_bluetooth_capture_route_is_proven_before_appliance_readiness (tests.unit.test_v09_install_dependency_graph.TargetInstallDependencyGraphTests.test_bluetooth_capture_route_is_proven_before_appliance_readiness) ... ok
test_bluetooth_preference_allows_direct_audio_fallback (tests.unit.test_v09_install_dependency_graph.TargetInstallDependencyGraphTests.test_bluetooth_preference_allows_direct_audio_fallback) ... ok
test_checkpoint32_managed_service_templates_are_accepted_as_upgrade_predecessors (tests.unit.test_v09_install_dependency_graph.TargetInstallDependencyGraphTests.test_checkpoint32_managed_service_templates_are_accepted_as_upgrade_predecessors) ... ok
test_environment_profile_and_commissioning_are_explicit_optional_boundaries (tests.unit.test_v09_install_dependency_graph.TargetInstallDependencyGraphTests.test_environment_profile_and_commissioning_are_explicit_optional_boundaries) ... ok
test_environment_service_precedes_application_service_and_stays_non_actuating (tests.unit.test_v09_install_dependency_graph.TargetInstallDependencyGraphTests.test_environment_service_precedes_application_service_and_stays_non_actuating) ... ok
test_gpio_identity_is_proven_non_actuating_before_services_and_appliance (tests.unit.test_v09_install_dependency_graph.TargetInstallDependencyGraphTests.test_gpio_identity_is_proven_non_actuating_before_services_and_appliance) ... ok
test_i2c_planned_pause_is_handled_before_failure_bundle (tests.unit.test_v09_install_dependency_graph.TargetInstallDependencyGraphTests.test_i2c_planned_pause_is_handled_before_failure_bundle) ... ok
test_install_completion_reports_independent_component_truth (tests.unit.test_v09_install_dependency_graph.TargetInstallDependencyGraphTests.test_install_completion_reports_independent_component_truth) ... ok
test_post_seal_installer_and_services_disable_python_bytecode_writes (tests.unit.test_v09_install_dependency_graph.TargetInstallDependencyGraphTests.test_post_seal_installer_and_services_disable_python_bytecode_writes) ... ok
test_release_seal_and_runtime_checks_are_separate_current_release_gates (tests.unit.test_v09_install_dependency_graph.TargetInstallDependencyGraphTests.test_release_seal_and_runtime_checks_are_separate_current_release_gates) ... ok
test_runtime_context_is_transport_neutral_when_bluetooth_is_requested (tests.unit.test_v09_install_dependency_graph.TargetInstallDependencyGraphTests.test_runtime_context_is_transport_neutral_when_bluetooth_is_requested) ... ok
test_target_install_dependency_order_is_explicit (tests.unit.test_v09_install_dependency_graph.TargetInstallDependencyGraphTests.test_target_install_dependency_order_is_explicit) ... ok
test_backward_compatible_sensor_deferred_wrapper (tests.unit.test_v09_environment_profile_manager.EnvironmentProfileManagerTests.test_backward_compatible_sensor_deferred_wrapper) ... ok
test_checkpoint43_manual_partial_environment_config_is_safely_completed (tests.unit.test_v09_environment_profile_manager.EnvironmentProfileManagerTests.test_checkpoint43_manual_partial_environment_config_is_safely_completed) ... ok
test_every_governed_profile_is_atomic_exact_and_idempotent (tests.unit.test_v09_environment_profile_manager.EnvironmentProfileManagerTests.test_every_governed_profile_is_atomic_exact_and_idempotent) ... ok
test_existing_unknown_admin_configuration_is_never_overwritten (tests.unit.test_v09_environment_profile_manager.EnvironmentProfileManagerTests.test_existing_unknown_admin_configuration_is_never_overwritten) ... ok
test_managed_profiles_transition_atomically_without_actuation (tests.unit.test_v09_environment_profile_manager.EnvironmentProfileManagerTests.test_managed_profiles_transition_atomically_without_actuation) ... ok
test_managed_real_sensor_profile_can_transition_between_44_and_45 (tests.unit.test_v09_environment_profile_manager.EnvironmentProfileManagerTests.test_managed_real_sensor_profile_can_transition_between_44_and_45) ... ok
test_partial_environment_config_with_conflicting_value_fails_closed (tests.unit.test_v09_environment_profile_manager.EnvironmentProfileManagerTests.test_partial_environment_config_with_conflicting_value_fails_closed) ... ok
test_profiles_cover_all_backend_parity_combinations_and_safe_off (tests.unit.test_v09_environment_profile_manager.EnvironmentProfileManagerTests.test_profiles_cover_all_backend_parity_combinations_and_safe_off) ... ok
test_real_sensor_profiles_pin_bus_address_and_high_repeatability (tests.unit.test_v09_environment_profile_manager.EnvironmentProfileManagerTests.test_real_sensor_profiles_pin_bus_address_and_high_repeatability) ... ok
test_real_sensor_profiles_support_only_governed_44_or_45_addresses (tests.unit.test_v09_environment_profile_manager.EnvironmentProfileManagerTests.test_real_sensor_profiles_support_only_governed_44_or_45_addresses) ... ok
test_simulated_sensor_profile_rejects_nondefault_sensor_address_flag (tests.unit.test_v09_environment_profile_manager.EnvironmentProfileManagerTests.test_simulated_sensor_profile_rejects_nondefault_sensor_address_flag) ... ok
test_status_can_require_exact_profile_without_mutating_site (tests.unit.test_v09_environment_profile_manager.EnvironmentProfileManagerTests.test_status_can_require_exact_profile_without_mutating_site) ... ok
test_symlink_site_is_refused (tests.unit.test_v09_environment_profile_manager.EnvironmentProfileManagerTests.test_symlink_site_is_refused) ... ok
test_bluetooth_audio_is_target_only_and_does_not_mutate_development_staging (tests.integration.test_bootstrap_preflight_process.BootstrapProcessTests.test_bluetooth_audio_is_target_only_and_does_not_mutate_development_staging) ... ok
test_default_routes_to_release_manager_and_never_legacy_setup (tests.integration.test_bootstrap_preflight_process.BootstrapProcessTests.test_default_routes_to_release_manager_and_never_legacy_setup) ... ok
test_development_preflight_process_writes_exact_private_manifest (tests.integration.test_bootstrap_preflight_process.BootstrapProcessTests.test_development_preflight_process_writes_exact_private_manifest) ... ok
test_environment_commissioning_is_target_only_and_does_not_mutate_development_staging (tests.integration.test_bootstrap_preflight_process.BootstrapProcessTests.test_environment_commissioning_is_target_only_and_does_not_mutate_development_staging) ... ok
test_invalid_environment_profile_is_rejected_before_staging (tests.integration.test_bootstrap_preflight_process.BootstrapProcessTests.test_invalid_environment_profile_is_rejected_before_staging) ... ok
test_unsupported_target_fails_before_network_or_staging (tests.integration.test_bootstrap_preflight_process.BootstrapProcessTests.test_unsupported_target_fails_before_network_or_staging) ... ok

----------------------------------------------------------------------
Ran 41 tests in 16.797s

OK
