test_bootstrap_owns_source_record_preflight_and_installer_handoff (tests.unit.test_v09_responsibility_boundaries.V09ResponsibilityBoundaryTests.test_bootstrap_owns_source_record_preflight_and_installer_handoff) ... ok
test_critical_responsibilities_have_exactly_one_declared_owner (tests.unit.test_v09_responsibility_boundaries.V09ResponsibilityBoundaryTests.test_critical_responsibilities_have_exactly_one_declared_owner) ... ok
test_installer_owns_dag_readiness_and_failure_bundle (tests.unit.test_v09_responsibility_boundaries.V09ResponsibilityBoundaryTests.test_installer_owns_dag_readiness_and_failure_bundle) ... ok
test_launcher_is_acquisition_and_bootstrap_delegation_only (tests.unit.test_v09_responsibility_boundaries.V09ResponsibilityBoundaryTests.test_launcher_is_acquisition_and_bootstrap_delegation_only) ... ok
test_launcher_help_is_non_mutating_and_documents_bootstrap_passthrough (tests.integration.test_first_install_launcher.FirstInstallLauncherTests.test_launcher_help_is_non_mutating_and_documents_bootstrap_passthrough) ... ok
test_readme_primary_install_is_one_command_and_manual_bootstrap_is_short (tests.integration.test_first_install_launcher.FirstInstallLauncherTests.test_readme_primary_install_is_one_command_and_manual_bootstrap_is_short) ... ok
test_standard_bootstrap_has_official_source_and_main_defaults (tests.integration.test_first_install_launcher.FirstInstallLauncherTests.test_standard_bootstrap_has_official_source_and_main_defaults) ... ok
test_stream_launcher_prepares_checkout_and_forwards_bluetooth_parameters (tests.integration.test_first_install_launcher.FirstInstallLauncherTests.test_stream_launcher_prepares_checkout_and_forwards_bluetooth_parameters) ... ok
test_bluetooth_audio_is_target_only_and_does_not_mutate_development_staging (tests.integration.test_bootstrap_preflight_process.BootstrapProcessTests.test_bluetooth_audio_is_target_only_and_does_not_mutate_development_staging) ... ok
test_default_routes_to_release_manager_and_never_legacy_setup (tests.integration.test_bootstrap_preflight_process.BootstrapProcessTests.test_default_routes_to_release_manager_and_never_legacy_setup) ... ok
test_development_preflight_process_writes_exact_private_manifest (tests.integration.test_bootstrap_preflight_process.BootstrapProcessTests.test_development_preflight_process_writes_exact_private_manifest) ... ok
test_unsupported_target_fails_before_network_or_staging (tests.integration.test_bootstrap_preflight_process.BootstrapProcessTests.test_unsupported_target_fails_before_network_or_staging) ... ok
test_appliance_readiness_record_is_bound_to_release_commit (tests.unit.test_v09_install_dependency_graph.TargetInstallDependencyGraphTests.test_appliance_readiness_record_is_bound_to_release_commit) ... ok
test_bluetooth_capture_route_is_proven_before_appliance_readiness (tests.unit.test_v09_install_dependency_graph.TargetInstallDependencyGraphTests.test_bluetooth_capture_route_is_proven_before_appliance_readiness) ... ok
test_bluetooth_preference_allows_direct_audio_fallback (tests.unit.test_v09_install_dependency_graph.TargetInstallDependencyGraphTests.test_bluetooth_preference_allows_direct_audio_fallback) ... ok
test_checkpoint32_managed_service_templates_are_accepted_as_upgrade_predecessors (tests.unit.test_v09_install_dependency_graph.TargetInstallDependencyGraphTests.test_checkpoint32_managed_service_templates_are_accepted_as_upgrade_predecessors) ... ok
test_environment_service_precedes_application_service_and_stays_non_actuating (tests.unit.test_v09_install_dependency_graph.TargetInstallDependencyGraphTests.test_environment_service_precedes_application_service_and_stays_non_actuating) ... ok
test_gpio_identity_is_proven_non_actuating_before_services_and_appliance (tests.unit.test_v09_install_dependency_graph.TargetInstallDependencyGraphTests.test_gpio_identity_is_proven_non_actuating_before_services_and_appliance) ... ok
test_i2c_planned_pause_is_handled_before_failure_bundle (tests.unit.test_v09_install_dependency_graph.TargetInstallDependencyGraphTests.test_i2c_planned_pause_is_handled_before_failure_bundle) ... ok
test_post_seal_installer_and_services_disable_python_bytecode_writes (tests.unit.test_v09_install_dependency_graph.TargetInstallDependencyGraphTests.test_post_seal_installer_and_services_disable_python_bytecode_writes) ... ok
test_release_seal_and_runtime_checks_are_separate_current_release_gates (tests.unit.test_v09_install_dependency_graph.TargetInstallDependencyGraphTests.test_release_seal_and_runtime_checks_are_separate_current_release_gates) ... ok
test_runtime_context_is_transport_neutral_when_bluetooth_is_requested (tests.unit.test_v09_install_dependency_graph.TargetInstallDependencyGraphTests.test_runtime_context_is_transport_neutral_when_bluetooth_is_requested) ... ok
test_target_install_dependency_order_is_explicit (tests.unit.test_v09_install_dependency_graph.TargetInstallDependencyGraphTests.test_target_install_dependency_order_is_explicit) ... ok

----------------------------------------------------------------------
Ran 23 tests in 8.308s

OK
