test_brain_probe_warms_inference_without_adding_history (tests.unit.test_voice_appliance.ConversationContractTests.test_brain_probe_warms_inference_without_adding_history) ... ok
test_plain_chat_disables_thinking_without_json_format (tests.unit.test_voice_appliance.ConversationContractTests.test_plain_chat_disables_thinking_without_json_format) ... ok
test_runtime_release_commit_is_derived_only_from_immutable_release_path (tests.unit.test_voice_appliance.RuntimeIdentityTests.test_runtime_release_commit_is_derived_only_from_immutable_release_path) ... ok
test_one_turn_is_capture_transcribe_generate_speak_without_persistence (tests.unit.test_voice_appliance.VoiceTurnTests.test_one_turn_is_capture_transcribe_generate_speak_without_persistence) ... ok
test_ready_is_published_only_after_real_ready_announcement_playback (tests.unit.test_voice_appliance.VoiceTurnTests.test_ready_is_published_only_after_real_ready_announcement_playback) ... ok
test_silence_does_not_drop_wake_runtime_readiness (tests.unit.test_voice_appliance.VoiceTurnTests.test_silence_does_not_drop_wake_runtime_readiness) ... ok
test_transition_announcer_returns_one_priority_message_without_daemon_audio_ownership (tests.unit.test_voice_appliance.VoiceTurnTests.test_transition_announcer_returns_one_priority_message_without_daemon_audio_ownership) ... ok
test_wake_turn_uses_pipelined_standby_and_separate_question_window (tests.unit.test_voice_appliance.VoiceTurnTests.test_wake_turn_uses_pipelined_standby_and_separate_question_window) ... ok
test_alsa_card_parser_and_unique_selector (tests.unit.test_voice_appliance.VoiceWakeTests.test_alsa_card_parser_and_unique_selector) ... ok
test_audio_constructor_defers_physical_route_resolution_until_readiness (tests.unit.test_voice_appliance.VoiceWakeTests.test_audio_constructor_defers_physical_route_resolution_until_readiness) ... ok
test_audio_failure_classifier_preserves_actionable_reason_classes (tests.unit.test_voice_appliance.VoiceWakeTests.test_audio_failure_classifier_preserves_actionable_reason_classes) ... ok
test_auto_selector_fails_closed_for_multiple_usb_cards (tests.unit.test_voice_appliance.VoiceWakeTests.test_auto_selector_fails_closed_for_multiple_usb_cards) ... ok
test_auto_selector_prefers_one_usb_card_over_hdmi (tests.unit.test_voice_appliance.VoiceWakeTests.test_auto_selector_prefers_one_usb_card_over_hdmi) ... ok
test_bluetooth_routes_are_used_when_no_wired_route_exists (tests.unit.test_voice_appliance.VoiceWakeTests.test_bluetooth_routes_are_used_when_no_wired_route_exists) ... ok
test_cancelled_capture_does_not_fall_through_to_another_audio_route (tests.unit.test_voice_appliance.VoiceWakeTests.test_cancelled_capture_does_not_fall_through_to_another_audio_route) ... ok
test_capture_falls_through_wired_then_bluetooth_candidates (tests.unit.test_voice_appliance.VoiceWakeTests.test_capture_falls_through_wired_then_bluetooth_candidates) ... ok
test_gonken_default_aliases_match_split_tokens_errors_and_legacy_hey_form (tests.unit.test_voice_appliance.VoiceWakeTests.test_gonken_default_aliases_match_split_tokens_errors_and_legacy_hey_form) ... ok
test_managed_bluetooth_ignores_unrelated_pipewire_endpoint (tests.unit.test_voice_appliance.VoiceWakeTests.test_managed_bluetooth_ignores_unrelated_pipewire_endpoint) ... ok
test_pipewire_usb_outranks_direct_usb_and_bluetooth (tests.unit.test_voice_appliance.VoiceWakeTests.test_pipewire_usb_outranks_direct_usb_and_bluetooth) ... ok
test_processing_cue_plan_cancels_unstarted_cues_when_answer_is_ready (tests.unit.test_voice_appliance.VoiceWakeTests.test_processing_cue_plan_cancels_unstarted_cues_when_answer_is_ready) ... ok
test_pulse_capture_uses_raw_pcm_then_owns_wav_finalization (tests.unit.test_voice_appliance.VoiceWakeTests.test_pulse_capture_uses_raw_pcm_then_owns_wav_finalization) ... ok
test_raw_pcm_wrapper_produces_canonical_mono_s16_wav (tests.unit.test_voice_appliance.VoiceWakeTests.test_raw_pcm_wrapper_produces_canonical_mono_s16_wav) ... ok
test_rolling_wake_matcher_carries_short_tail_across_capture_windows (tests.unit.test_voice_appliance.VoiceWakeTests.test_rolling_wake_matcher_carries_short_tail_across_capture_windows) ... ok
test_transition_announcement_text_preserves_simulation_and_motion_boundary (tests.unit.test_voice_appliance.VoiceWakeTests.test_transition_announcement_text_preserves_simulation_and_motion_boundary) ... ok
test_wake_capture_pipeline_keeps_capturing_and_drops_stale_backlog (tests.unit.test_voice_appliance.VoiceWakeTests.test_wake_capture_pipeline_keeps_capturing_and_drops_stale_backlog) ... ok
test_wake_phrase_matches_punctuation_and_one_edit_for_long_brand_token (tests.unit.test_voice_appliance.VoiceWakeTests.test_wake_phrase_matches_punctuation_and_one_edit_for_long_brand_token) ... ok
test_wired_routes_outrank_connected_bluetooth_when_both_exist (tests.unit.test_voice_appliance.VoiceWakeTests.test_wired_routes_outrank_connected_bluetooth_when_both_exist) ... ok
test_absent_sht31_fixture_fails_closed (tests.unit.test_v09_target_probe.TargetProbeTests.test_absent_sht31_fixture_fails_closed) ... ok
test_ambiguous_audio_fixture_fails_closed (tests.unit.test_v09_target_probe.TargetProbeTests.test_ambiguous_audio_fixture_fails_closed) ... ok
test_atomic_output_is_private_and_replaced (tests.unit.test_v09_target_probe.TargetProbeTests.test_atomic_output_is_private_and_replaced) ... ok
test_capability_ready_fixture_replays_full_target_shadow_gate (tests.unit.test_v09_target_probe.TargetProbeTests.test_capability_ready_fixture_replays_full_target_shadow_gate) ... ok
test_checkpoint34_duplicate_rp1_alias_fixture_replays_pass (tests.unit.test_v09_target_probe.TargetProbeTests.test_checkpoint34_duplicate_rp1_alias_fixture_replays_pass) ... ok
test_ckpt42_runtime_audio_failure_fixture_fails_functional_capture_gate (tests.unit.test_v09_target_probe.TargetProbeTests.test_ckpt42_runtime_audio_failure_fixture_fails_functional_capture_gate) ... ok
test_cli_replay_exit_codes (tests.unit.test_v09_target_probe.TargetProbeTests.test_cli_replay_exit_codes) ... ok
test_cli_replay_exit_codes_for_capability_fixtures (tests.unit.test_v09_target_probe.TargetProbeTests.test_cli_replay_exit_codes_for_capability_fixtures) ... ok
test_cli_replay_exit_codes_for_i2c_environment_fixtures (tests.unit.test_v09_target_probe.TargetProbeTests.test_cli_replay_exit_codes_for_i2c_environment_fixtures) ... ok
test_cli_replay_exit_codes_for_lifecycle_runtime_fixtures (tests.unit.test_v09_target_probe.TargetProbeTests.test_cli_replay_exit_codes_for_lifecycle_runtime_fixtures) ... ok
test_dirty_release_state_fixture_fails_closed (tests.unit.test_v09_target_probe.TargetProbeTests.test_dirty_release_state_fixture_fails_closed) ... ok
test_distinct_duplicate_header_fixture_fails_closed (tests.unit.test_v09_target_probe.TargetProbeTests.test_distinct_duplicate_header_fixture_fails_closed) ... ok
test_full_real_environment_fixture_requires_relay_gpio23_even_when_gpio_is_not_top_level_required (tests.unit.test_v09_target_probe.TargetProbeTests.test_full_real_environment_fixture_requires_relay_gpio23_even_when_gpio_is_not_top_level_required) ... ok
test_full_simulation_environment_profile_does_not_require_physical_i2c_or_gpio (tests.unit.test_v09_target_probe.TargetProbeTests.test_full_simulation_environment_profile_does_not_require_physical_i2c_or_gpio) ... ok
test_i2c_reboot_required_fixture_fails_closed (tests.unit.test_v09_target_probe.TargetProbeTests.test_i2c_reboot_required_fixture_fails_closed) ... ok
test_i2c_sht31_ready_full_real_fixture_replays_full_gate (tests.unit.test_v09_target_probe.TargetProbeTests.test_i2c_sht31_ready_full_real_fixture_replays_full_gate) ... ok
test_interrupted_model_finalization_fixture_fails_model_gate (tests.unit.test_v09_target_probe.TargetProbeTests.test_interrupted_model_finalization_fixture_fails_model_gate) ... ok
test_live_gpio_collection_records_canonical_identity_and_alias_paths (tests.unit.test_v09_target_probe.TargetProbeTests.test_live_gpio_collection_records_canonical_identity_and_alias_paths) ... ok
test_low_disk_fixture_fails_resource_capacity (tests.unit.test_v09_target_probe.TargetProbeTests.test_low_disk_fixture_fails_resource_capacity) ... ok
test_manifest_capture_is_content_free_and_non_actuating (tests.unit.test_v09_target_probe.TargetProbeTests.test_manifest_capture_is_content_free_and_non_actuating) ... ok
test_missing_service_identity_fixture_fails_closed (tests.unit.test_v09_target_probe.TargetProbeTests.test_missing_service_identity_fixture_fails_closed) ... ok
test_noncurrent_corrupt_history_fixture_remains_candidate_safe (tests.unit.test_v09_target_probe.TargetProbeTests.test_noncurrent_corrupt_history_fixture_remains_candidate_safe) ... ok
test_old_systemd_units_fixture_fails_runtime (tests.unit.test_v09_target_probe.TargetProbeTests.test_old_systemd_units_fixture_fails_runtime) ... ok
test_operator_missing_control_group_fixture_fails_identity (tests.unit.test_v09_target_probe.TargetProbeTests.test_operator_missing_control_group_fixture_fails_identity) ... ok
test_partial_installer_state_fixture_fails_closed (tests.unit.test_v09_target_probe.TargetProbeTests.test_partial_installer_state_fixture_fails_closed) ... ok
test_release_lifecycle_ready_fixture_tolerates_noncurrent_corrupt_history_and_python_caches (tests.unit.test_v09_target_probe.TargetProbeTests.test_release_lifecycle_ready_fixture_tolerates_noncurrent_corrupt_history_and_python_caches) ... ok
test_runtime_authoritative_drift_fixture_fails_lifecycle (tests.unit.test_v09_target_probe.TargetProbeTests.test_runtime_authoritative_drift_fixture_fails_lifecycle) ... ok
test_service_restart_failure_fixture_fails_runtime (tests.unit.test_v09_target_probe.TargetProbeTests.test_service_restart_failure_fixture_fails_runtime) ... ok
test_stale_release_temp_artifact_fixture_fails_lifecycle (tests.unit.test_v09_target_probe.TargetProbeTests.test_stale_release_temp_artifact_fixture_fails_lifecycle) ... ok
test_support_wrong_release_fixture_fails_lifecycle (tests.unit.test_v09_target_probe.TargetProbeTests.test_support_wrong_release_fixture_fails_lifecycle) ... ok
test_activate_restarts_enabled_service_then_waits_for_ready (tests.unit.test_fix5_appliance_manager.ApplianceManagerTests.test_activate_restarts_enabled_service_then_waits_for_ready) ... [RUNNING] code=APPLIANCE_START service=gonken-agent.service
[READY] code=APPLIANCE_READY service=gonken-agent.service wake_phrase=Hey_Gonken reboot_required=false
ok
test_fix7_installer_revalidates_service_and_physical_readiness_contract (tests.unit.test_fix5_appliance_manager.ApplianceManagerTests.test_fix7_installer_revalidates_service_and_physical_readiness_contract) ... ok
test_pending_readiness_rejects_stale_process_and_exposes_causal_code (tests.unit.test_fix5_appliance_manager.ApplianceManagerTests.test_pending_readiness_rejects_stale_process_and_exposes_causal_code) ... ok
test_ready_record_is_bound_to_current_immutable_release_and_boot (tests.unit.test_fix5_appliance_manager.ApplianceManagerTests.test_ready_record_is_bound_to_current_immutable_release_and_boot) ... ok
test_ready_record_requires_content_free_runtime_contract (tests.unit.test_fix5_appliance_manager.ApplianceManagerTests.test_ready_record_requires_content_free_runtime_contract) ... ok
test_status_requires_enabled_active_and_runtime_ready_independently (tests.unit.test_fix5_appliance_manager.ApplianceManagerTests.test_status_requires_enabled_active_and_runtime_ready_independently) ... ok
test_conflicting_installed_unit_fails_closed (tests.unit.test_m6_service_manager.ServiceManagerTests.test_conflicting_installed_unit_fails_closed) ... ok
test_fix6_managed_unit_is_upgraded_to_generated_runtime_environment (tests.unit.test_m6_service_manager.ServiceManagerTests.test_fix6_managed_unit_is_upgraded_to_generated_runtime_environment) ... ok
test_install_status_remove_are_exact_and_reversible (tests.unit.test_m6_service_manager.ServiceManagerTests.test_install_status_remove_are_exact_and_reversible) ... ok
test_installed_status_is_not_race_sensitive_to_runtime_activity (tests.unit.test_m6_service_manager.ServiceManagerTests.test_installed_status_is_not_race_sensitive_to_runtime_activity) ... ok
test_known_previous_managed_unit_is_upgraded_in_place (tests.unit.test_m6_service_manager.ServiceManagerTests.test_known_previous_managed_unit_is_upgraded_in_place) ... ok
test_optional_corpus_does_not_make_namespace_start_fatal (tests.unit.test_m6_service_manager.ServiceManagerTests.test_optional_corpus_does_not_make_namespace_start_fatal) ... ok
test_system_unit_never_uses_manager_uid_specifier_for_audio (tests.unit.test_m6_service_manager.ServiceManagerTests.test_system_unit_never_uses_manager_uid_specifier_for_audio) ... ok
test_template_contract_rejects_power_and_privilege_grants (tests.unit.test_m6_service_manager.ServiceManagerTests.test_template_contract_rejects_power_and_privilege_grants) ... ok
test_audio_endpoint_metadata_redacts_stable_bluetooth_identifiers (tests.unit.test_support_export.SupportTests.test_audio_endpoint_metadata_redacts_stable_bluetooth_identifiers) ... ok
test_bundle_exact_members_redacted_paths_no_raw_files (tests.unit.test_support_export.SupportTests.test_bundle_exact_members_redacted_paths_no_raw_files) ... ok
test_bundle_preserves_allow_listed_health_reason_codes (tests.unit.test_support_export.SupportTests.test_bundle_preserves_allow_listed_health_reason_codes) ... ok
test_content_in_telemetry_rejected_before_output (tests.unit.test_support_export.SupportTests.test_content_in_telemetry_rejected_before_output) ... ok
test_existing_symlink_and_publish_race_preserve_destination (tests.unit.test_support_export.SupportTests.test_existing_symlink_and_publish_race_preserve_destination) ... ok
test_extra_health_details_are_not_exported (tests.unit.test_support_export.SupportTests.test_extra_health_details_are_not_exported) ... ok
test_gpio_platform_export_is_allowlisted_and_drops_raw_command_text (tests.unit.test_support_export.SupportTests.test_gpio_platform_export_is_allowlisted_and_drops_raw_command_text) ... ok
test_install_event_export_is_bounded_allow_listed_and_content_free (tests.unit.test_support_export.SupportTests.test_install_event_export_is_bounded_allow_listed_and_content_free) ... ok
test_release_identity_export_binds_current_symlink_to_record (tests.unit.test_support_export.SupportTests.test_release_identity_export_binds_current_symlink_to_record) ... ok
test_release_identity_rejects_unknown_record_format (tests.unit.test_support_export.SupportTests.test_release_identity_rejects_unknown_record_format) ... ok
test_runtime_binding_member_reports_release_interpreter_probe_without_raw_output (tests.unit.test_support_export.SupportTests.test_runtime_binding_member_reports_release_interpreter_probe_without_raw_output) ... ok
test_service_audio_probe_refuses_to_mislabel_wrong_nonroot_identity (tests.unit.test_support_export.SupportTests.test_service_audio_probe_refuses_to_mislabel_wrong_nonroot_identity) ... ok
test_service_event_export_counts_codes_without_exporting_journal_text (tests.unit.test_support_export.SupportTests.test_service_event_export_counts_codes_without_exporting_journal_text) ... ok
test_startup_snapshot_is_allow_listed_member (tests.unit.test_support_export.SupportTests.test_startup_snapshot_is_allow_listed_member) ... ok
test_target_manifest_member_embeds_valid_non_actuating_manifest (tests.unit.test_support_export.SupportTests.test_target_manifest_member_embeds_valid_non_actuating_manifest) ... ok
test_target_manifest_member_rejects_privacy_boundary_violation (tests.unit.test_support_export.SupportTests.test_target_manifest_member_rejects_privacy_boundary_violation) ... ok
test_bundle_is_private_allowlisted_and_works_without_active_release (tests.unit.test_v09_installer_failure_bundle.InstallerFailureBundleTests.test_bundle_is_private_allowlisted_and_works_without_active_release) ... ok
test_bundle_merges_canonical_support_once_and_names_installer_members (tests.unit.test_v09_installer_failure_bundle.InstallerFailureBundleTests.test_bundle_merges_canonical_support_once_and_names_installer_members) ... ok
test_installed_maintenance_wrapper_auto_embeds_target_probe_manifest (tests.integration.test_support_collection_process.SupportCollectionProcessTests.test_installed_maintenance_wrapper_auto_embeds_target_probe_manifest) ... ok
test_installed_maintenance_wrapper_uses_release_local_entrypoint (tests.integration.test_support_collection_process.SupportCollectionProcessTests.test_installed_maintenance_wrapper_uses_release_local_entrypoint) ... ok
test_output_dir_places_single_bundle_at_requested_directory (tests.integration.test_support_collection_process.SupportCollectionProcessTests.test_output_dir_places_single_bundle_at_requested_directory) ... ok
test_human_report_has_exact_boundary_language (tests.unit.test_release_readiness.ReleaseReadinessTests.test_human_report_has_exact_boundary_language) ... ok
test_report_is_ready_for_target_acceptance_from_clean_tree (tests.unit.test_release_readiness.ReleaseReadinessTests.test_report_is_ready_for_target_acceptance_from_clean_tree) ... ok
test_target_acceptance_runbook_is_user_facing (tests.unit.test_release_readiness.ReleaseReadinessTests.test_target_acceptance_runbook_is_user_facing) ... ok
test_target_shadow_fixture_failure_blocks_readiness (tests.unit.test_release_readiness.ReleaseReadinessTests.test_target_shadow_fixture_failure_blocks_readiness) ... ok
test_active_same_commit_ignores_only_standard_post_seal_python_cache_artifacts (tests.unit.test_m3_3_release_manager.IntegrityAndPrivilegeTests.test_active_same_commit_ignores_only_standard_post_seal_python_cache_artifacts) ... ok
test_active_same_commit_never_repairs_authoritative_tampering (tests.unit.test_m3_3_release_manager.IntegrityAndPrivilegeTests.test_active_same_commit_never_repairs_authoritative_tampering) ... ok
test_explicit_rollback_fails_without_previous_release (tests.unit.test_m3_3_release_manager.IntegrityAndPrivilegeTests.test_explicit_rollback_fails_without_previous_release) ... ok
test_explicit_rollback_returns_to_previous_validated_release (tests.unit.test_m3_3_release_manager.IntegrityAndPrivilegeTests.test_explicit_rollback_returns_to_previous_validated_release) ... ok
test_maintenance_lock_rejects_concurrent_state_mutation (tests.unit.test_m3_3_release_manager.IntegrityAndPrivilegeTests.test_maintenance_lock_rejects_concurrent_state_mutation) ... ok
test_many_runtime_caches_cannot_hide_authoritative_tampering (tests.unit.test_m3_3_release_manager.IntegrityAndPrivilegeTests.test_many_runtime_caches_cannot_hide_authoritative_tampering) ... ok
test_non_bytecode_file_inside_pycache_remains_authoritative (tests.unit.test_m3_3_release_manager.IntegrityAndPrivilegeTests.test_non_bytecode_file_inside_pycache_remains_authoritative) ... ok
test_payload_digest_rejects_post_build_tampering (tests.unit.test_m3_3_release_manager.IntegrityAndPrivilegeTests.test_payload_digest_rejects_post_build_tampering) ... ok
test_payload_manifest_localizes_changed_and_unexpected_paths (tests.unit.test_m3_3_release_manager.IntegrityAndPrivilegeTests.test_payload_manifest_localizes_changed_and_unexpected_paths) ... ok
test_post_verified_journal_cannot_override_pointer_disagreement (tests.unit.test_m3_3_release_manager.IntegrityAndPrivilegeTests.test_post_verified_journal_cannot_override_pointer_disagreement) ... ok
test_pruning_corrupt_stale_release_does_not_revalidate_historical_payload (tests.unit.test_m3_3_release_manager.IntegrityAndPrivilegeTests.test_pruning_corrupt_stale_release_does_not_revalidate_historical_payload) ... ok
test_pruning_filesystem_error_is_nonblocking_after_successful_activation (tests.unit.test_m3_3_release_manager.IntegrityAndPrivilegeTests.test_pruning_filesystem_error_is_nonblocking_after_successful_activation) ... ok
test_pruning_ignores_obsolete_runtime_contract_for_stale_pre_bridge_release (tests.unit.test_m3_3_release_manager.IntegrityAndPrivilegeTests.test_pruning_ignores_obsolete_runtime_contract_for_stale_pre_bridge_release)
Exact Pi shape: legacy stale + legacy previous + strict active must converge. ... ok
test_pruning_keeps_only_active_and_previous_validated_releases (tests.unit.test_m3_3_release_manager.IntegrityAndPrivilegeTests.test_pruning_keeps_only_active_and_previous_validated_releases) ... ok
test_pycache_symlink_is_authoritative_and_cannot_bypass_integrity (tests.unit.test_m3_3_release_manager.IntegrityAndPrivilegeTests.test_pycache_symlink_is_authoritative_and_cannot_bypass_integrity) ... ok
test_speech_and_service_maintenance_inputs_are_release_payload_contract (tests.unit.test_m3_3_release_manager.IntegrityAndPrivilegeTests.test_speech_and_service_maintenance_inputs_are_release_payload_contract) ... ok
test_target_privilege_and_nonlogin_account_contract_is_explicit (tests.unit.test_m3_3_release_manager.IntegrityAndPrivilegeTests.test_target_privilege_and_nonlogin_account_contract_is_explicit) ... ok
test_top_level_sourceless_bytecode_is_not_treated_as_runtime_cache (tests.unit.test_m3_3_release_manager.IntegrityAndPrivilegeTests.test_top_level_sourceless_bytecode_is_not_treated_as_runtime_cache) ... ok
test_transient_python_caches_are_removed_before_sealing (tests.unit.test_m3_3_release_manager.IntegrityAndPrivilegeTests.test_transient_python_caches_are_removed_before_sealing) ... ok
test_candidate_finalization_is_atomic_and_immutable (tests.unit.test_m3_3_release_manager.RecordAndPointerTests.test_candidate_finalization_is_atomic_and_immutable) ... ok
test_current_pointer_cannot_escape_release_namespace (tests.unit.test_m3_3_release_manager.RecordAndPointerTests.test_current_pointer_cannot_escape_release_namespace) ... ok
test_durable_record_is_private_and_exact (tests.unit.test_m3_3_release_manager.RecordAndPointerTests.test_durable_record_is_private_and_exact) ... ok
test_finalization_normalizes_restrictive_umask_modes_for_service_access (tests.unit.test_m3_3_release_manager.RecordAndPointerTests.test_finalization_normalizes_restrictive_umask_modes_for_service_access) ... ok
test_layout_has_private_state_and_constant_entrypoint (tests.unit.test_m3_3_release_manager.RecordAndPointerTests.test_layout_has_private_state_and_constant_entrypoint) ... ok
test_parser_rejects_unknown_duplicate_and_incomplete_records (tests.unit.test_m3_3_release_manager.RecordAndPointerTests.test_parser_rejects_unknown_duplicate_and_incomplete_records) ... ok
test_source_archive_rejects_traversal_and_links (tests.unit.test_m3_3_release_manager.RecordAndPointerTests.test_source_archive_rejects_traversal_and_links) ... ok
test_binding_allowlist_excludes_distribution_metadata_and_unrelated_packages (tests.unit.test_m3_3_release_manager.TargetRuntimeBindingTests.test_binding_allowlist_excludes_distribution_metadata_and_unrelated_packages) ... ok
test_binding_probe_covers_exact_runtime_apis (tests.unit.test_m3_3_release_manager.TargetRuntimeBindingTests.test_binding_probe_covers_exact_runtime_apis) ... ok
test_bridge_copies_only_allowlisted_import_payloads_and_records_provenance (tests.unit.test_m3_3_release_manager.TargetRuntimeBindingTests.test_bridge_copies_only_allowlisted_import_payloads_and_records_provenance) ... ok
test_installer_authorizes_invoking_operator_only_for_control_socket (tests.unit.test_m3_3_release_manager.TargetRuntimeBindingTests.test_installer_authorizes_invoking_operator_only_for_control_socket) ... ok
test_isolated_bridge_keeps_unrelated_broken_system_metadata_out_of_pip_check (tests.unit.test_m3_3_release_manager.TargetRuntimeBindingTests.test_isolated_bridge_keeps_unrelated_broken_system_metadata_out_of_pip_check) ... ok
test_normal_activation_still_rejects_unjournaled_pre_bridge_target_candidate (tests.unit.test_m3_3_release_manager.TargetRuntimeBindingTests.test_normal_activation_still_rejects_unjournaled_pre_bridge_target_candidate)
Compatibility must not become a bypass for arbitrary legacy candidates. ... ok
test_operator_rollback_can_return_to_state_bound_pre_bridge_previous_release (tests.unit.test_m3_3_release_manager.TargetRuntimeBindingTests.test_operator_rollback_can_return_to_state_bound_pre_bridge_previous_release)
The same migration boundary must preserve governed rollback semantics. ... ok
test_target_binding_validation_accepts_isolated_release_python_probe (tests.unit.test_m3_3_release_manager.TargetRuntimeBindingTests.test_target_binding_validation_accepts_isolated_release_python_probe) ... ok
test_target_binding_validation_rejects_broad_system_site_visibility (tests.unit.test_m3_3_release_manager.TargetRuntimeBindingTests.test_target_binding_validation_rejects_broad_system_site_visibility) ... ok
test_target_binding_validation_rejects_missing_bridge_manifest (tests.unit.test_m3_3_release_manager.TargetRuntimeBindingTests.test_target_binding_validation_rejects_missing_bridge_manifest) ... ok
test_target_binding_validation_rejects_release_python_import_failure (tests.unit.test_m3_3_release_manager.TargetRuntimeBindingTests.test_target_binding_validation_rejects_release_python_import_failure) ... ok
test_target_profile_uses_allowlisted_distro_binding_bridge_only_for_pi_core (tests.unit.test_m3_3_release_manager.TargetRuntimeBindingTests.test_target_profile_uses_allowlisted_distro_binding_bridge_only_for_pi_core) ... ok
test_upgrade_activation_accepts_only_state_bound_pre_bridge_current_release (tests.unit.test_m3_3_release_manager.TargetRuntimeBindingTests.test_upgrade_activation_accepts_only_state_bound_pre_bridge_current_release)
Reproduce the checkpoint-29 Pi failure and prove the migration fix. ... ok

----------------------------------------------------------------------
Ran 135 tests in 23.347s

OK
[OK] code=RELEASE_ALREADY_VALID commit=cccccccccccccccccccccccccccccccccccccccc
[OK] code=ACTIVATION_RECONCILED phase=post_verified commit=cccccccccccccccccccccccccccccccccccccccc policy=structural_current_only
[OK] code=ACTIVATION_RECONCILED phase=post_verified commit=cccccccccccccccccccccccccccccccccccccccc policy=structural_current_only
[OK] code=ROLLBACK_COMPLETE commit=bbbbbbbbbbbbbbbbbbbbbbbbbbbbbbbbbbbbbbbb
[OK] code=ACTIVATION_HEALTHY commit=bbbbbbbbbbbbbbbbbbbbbbbbbbbbbbbbbbbbbbbb
[OK] code=RELEASE_PRUNED commit=2222222222222222222222222222222222222222
[OK] code=RELEASE_PRUNED commit=3333333333333333333333333333333333333333
[OK] code=RELEASE_PRUNED commit=aaaaaaaaaaaaaaaaaaaaaaaaaaaaaaaaaaaaaaaa
[OK] code=ACTIVATION_EMPTY
[OK] code=ACTIVATION_RECONCILED phase=post_verified commit=5555555555555555555555555555555555555555 policy=structural_current_only
[OK] code=RELEASE_LEGACY_TRANSITION_SOURCE commit=6666666666666666666666666666666666666666 profile=core-pi-trixie-py313 runtime_policy=bounded_cli_smoke
[OK] code=RELEASE_LEGACY_TRANSITION_SOURCE commit=6666666666666666666666666666666666666666 profile=core-pi-trixie-py313 runtime_policy=bounded_cli_smoke
[OK] code=ROLLBACK_COMPLETE commit=6666666666666666666666666666666666666666
