test_bundle_exact_members_redacted_paths_no_raw_files (tests.unit.test_support_export.SupportTests.test_bundle_exact_members_redacted_paths_no_raw_files) ... FAIL
test_bundle_preserves_allow_listed_health_reason_codes (tests.unit.test_support_export.SupportTests.test_bundle_preserves_allow_listed_health_reason_codes) ... ok
test_content_in_telemetry_rejected_before_output (tests.unit.test_support_export.SupportTests.test_content_in_telemetry_rejected_before_output) ... ok
test_existing_symlink_and_publish_race_preserve_destination (tests.unit.test_support_export.SupportTests.test_existing_symlink_and_publish_race_preserve_destination) ... ok
test_extra_health_details_are_not_exported (tests.unit.test_support_export.SupportTests.test_extra_health_details_are_not_exported) ... ok
test_gpio_platform_export_is_allowlisted_and_drops_raw_command_text (tests.unit.test_support_export.SupportTests.test_gpio_platform_export_is_allowlisted_and_drops_raw_command_text) ... ok
test_install_event_export_is_bounded_allow_listed_and_content_free (tests.unit.test_support_export.SupportTests.test_install_event_export_is_bounded_allow_listed_and_content_free) ... ok
test_release_identity_export_binds_current_symlink_to_record (tests.unit.test_support_export.SupportTests.test_release_identity_export_binds_current_symlink_to_record) ... ok
test_release_identity_rejects_unknown_record_format (tests.unit.test_support_export.SupportTests.test_release_identity_rejects_unknown_record_format) ... ok
test_runtime_binding_member_reports_release_interpreter_probe_without_raw_output (tests.unit.test_support_export.SupportTests.test_runtime_binding_member_reports_release_interpreter_probe_without_raw_output) ... ok
test_service_event_export_counts_codes_without_exporting_journal_text (tests.unit.test_support_export.SupportTests.test_service_event_export_counts_codes_without_exporting_journal_text) ... ok
test_startup_snapshot_is_allow_listed_member (tests.unit.test_support_export.SupportTests.test_startup_snapshot_is_allow_listed_member) ... ok
test_target_manifest_member_embeds_valid_non_actuating_manifest (tests.unit.test_support_export.SupportTests.test_target_manifest_member_embeds_valid_non_actuating_manifest) ... ok
test_target_manifest_member_rejects_privacy_boundary_violation (tests.unit.test_support_export.SupportTests.test_target_manifest_member_rejects_privacy_boundary_violation) ... ok

======================================================================
FAIL: test_bundle_exact_members_redacted_paths_no_raw_files (tests.unit.test_support_export.SupportTests.test_bundle_exact_members_redacted_paths_no_raw_files)
----------------------------------------------------------------------
Traceback (most recent call last):
  File "/mnt/data/gonken_ckpt42_v2work/gonkenlabagent-v09-single-zip-target-evidence-checkpoint-42/tests/unit/test_support_export.py", line 50, in test_bundle_exact_members_redacted_paths_no_raw_files
    self.assertIn('target_manifest.json', index['members'])
    ~~~~~~~~~~~~~^^^^^^^^^^^^^^^^^^^^^^^^^^^^^^^^^^^^^^^^^^
AssertionError: 'target_manifest.json' not found in [{'bytes': 5300, 'path': 'configuration.json', 'producer': 'gonken_agent.support', 'sha256': '29c2e40dd564f34d687c9d6b5743bc8c1d2198d68152a32ffe6b105c80b44650', 'status': 'READY'}, {'bytes': 184, 'path': 'environment.json', 'producer': 'gonken_agent.support', 'sha256': '8b0605c2175cf833a3d4880e4bb2332b188ef123b8a9e2fc6ca457151d61292c', 'status': 'READY'}, {'bytes': 1653, 'path': 'environment_control.json', 'producer': 'gonken_agent.support', 'sha256': '9d12c7aa27c257c95bcbbd5f9037edada2bb697210136345a5296ed47b99184c', 'status': 'READY'}, {'bytes': 614, 'path': 'environment_health.json', 'producer': 'gonken_agent.support', 'sha256': 'e324c075bfd3557a025680b6038563c6699092b2228988f9c0057d968dd8a03f', 'status': 'DEGRADED'}, {'bytes': 1082, 'path': 'health.json', 'producer': 'gonken_agent.support', 'sha256': '53b24e6a35d6cc01f3ff637580dc8f29943dfb6d3f9522cd1000259ffaad3b30', 'status': 'READY'}, {'bytes': 46, 'path': 'install_events.json', 'producer': 'gonken_agent.support', 'sha256': '5805d51c5b8d073d04c65ffaaac4236b16eff92effc8f4d32dbaa3f8adc32eed', 'status': 'UNAVAILABLE'}, {'bytes': 984, 'path': 'platform_inventory.json', 'producer': 'gonken_agent.support', 'sha256': 'dceb10ca84587771f3b2c88a793f0a9f84f288970282dbd54bb664f99830f47a', 'status': 'READY'}, {'bytes': 1699, 'path': 'runtime_bindings.json', 'producer': 'gonken_agent.support', 'sha256': '77ec9f434d69d0be3edc7e7784d3e53ace2a4c32061372312639f95d4272ab25', 'status': 'READY'}, {'bytes': 207, 'path': 'service_events.json', 'producer': 'gonken_agent.support', 'sha256': 'dfba43eac6c630632dcc07233fa3740e0b5bbccbf78843be21c57378c7e47567', 'status': 'READY'}, {'bytes': 307, 'path': 'target_manifest.json', 'producer': 'gonken_agent.support', 'sha256': '19993702ab899aff33c4f31d10d20239cf6c6c5169f5bb845418cc5f2d483a8f', 'status': 'UNAVAILABLE'}, {'bytes': 89, 'path': 'telemetry.json', 'producer': 'gonken_agent.support', 'sha256': '0eefc783a59c051f66d0a90405df57bb16f8db1352903342957b16c558940532', 'status': 'READY'}]

----------------------------------------------------------------------
Ran 14 tests in 5.773s

FAILED (failures=1)
