test_brain_probe_warms_inference_without_adding_history (tests.unit.test_voice_appliance.ConversationContractTests.test_brain_probe_warms_inference_without_adding_history) ... ok
test_plain_chat_disables_thinking_without_json_format (tests.unit.test_voice_appliance.ConversationContractTests.test_plain_chat_disables_thinking_without_json_format) ... ok
test_runtime_release_commit_is_derived_only_from_immutable_release_path (tests.unit.test_voice_appliance.RuntimeIdentityTests.test_runtime_release_commit_is_derived_only_from_immutable_release_path) ... ok
test_one_turn_is_capture_transcribe_generate_speak_without_persistence (tests.unit.test_voice_appliance.VoiceTurnTests.test_one_turn_is_capture_transcribe_generate_speak_without_persistence) ... ok
test_ready_is_published_only_after_real_ready_announcement_playback (tests.unit.test_voice_appliance.VoiceTurnTests.test_ready_is_published_only_after_real_ready_announcement_playback) ... ok
test_silence_does_not_drop_wake_runtime_readiness (tests.unit.test_voice_appliance.VoiceTurnTests.test_silence_does_not_drop_wake_runtime_readiness) ... ok
test_transition_announcer_returns_one_priority_message_without_daemon_audio_ownership (tests.unit.test_voice_appliance.VoiceTurnTests.test_transition_announcer_returns_one_priority_message_without_daemon_audio_ownership) ... ok
test_wake_turn_uses_pipelined_standby_and_separate_question_window (tests.unit.test_voice_appliance.VoiceTurnTests.test_wake_turn_uses_pipelined_standby_and_separate_question_window) ... ok
test_alsa_card_parser_and_unique_selector (tests.unit.test_voice_appliance.VoiceWakeTests.test_alsa_card_parser_and_unique_selector) ... ok
test_audio_constructor_defers_physical_route_resolution_until_readiness (tests.unit.test_voice_appliance.VoiceWakeTests.test_audio_constructor_defers_physical_route_resolution_until_readiness) ... ok
test_auto_selector_fails_closed_for_multiple_usb_cards (tests.unit.test_voice_appliance.VoiceWakeTests.test_auto_selector_fails_closed_for_multiple_usb_cards) ... ok
test_auto_selector_prefers_one_usb_card_over_hdmi (tests.unit.test_voice_appliance.VoiceWakeTests.test_auto_selector_prefers_one_usb_card_over_hdmi) ... ok
test_bluetooth_routes_are_used_when_no_wired_route_exists (tests.unit.test_voice_appliance.VoiceWakeTests.test_bluetooth_routes_are_used_when_no_wired_route_exists) ... ok
test_cancelled_capture_does_not_fall_through_to_another_audio_route (tests.unit.test_voice_appliance.VoiceWakeTests.test_cancelled_capture_does_not_fall_through_to_another_audio_route) ... ok
test_capture_falls_through_wired_then_bluetooth_candidates (tests.unit.test_voice_appliance.VoiceWakeTests.test_capture_falls_through_wired_then_bluetooth_candidates) ... ok
test_gonken_default_aliases_match_split_tokens_errors_and_legacy_hey_form (tests.unit.test_voice_appliance.VoiceWakeTests.test_gonken_default_aliases_match_split_tokens_errors_and_legacy_hey_form) ... ok
test_managed_bluetooth_ignores_unrelated_pipewire_endpoint (tests.unit.test_voice_appliance.VoiceWakeTests.test_managed_bluetooth_ignores_unrelated_pipewire_endpoint) ... ok
test_pipewire_usb_outranks_direct_usb_and_bluetooth (tests.unit.test_voice_appliance.VoiceWakeTests.test_pipewire_usb_outranks_direct_usb_and_bluetooth) ... ok
test_processing_cue_plan_cancels_unstarted_cues_when_answer_is_ready (tests.unit.test_voice_appliance.VoiceWakeTests.test_processing_cue_plan_cancels_unstarted_cues_when_answer_is_ready) ... ok
test_rolling_wake_matcher_carries_short_tail_across_capture_windows (tests.unit.test_voice_appliance.VoiceWakeTests.test_rolling_wake_matcher_carries_short_tail_across_capture_windows) ... ok
test_transition_announcement_text_preserves_simulation_and_motion_boundary (tests.unit.test_voice_appliance.VoiceWakeTests.test_transition_announcement_text_preserves_simulation_and_motion_boundary) ... ok
test_wake_capture_pipeline_keeps_capturing_and_drops_stale_backlog (tests.unit.test_voice_appliance.VoiceWakeTests.test_wake_capture_pipeline_keeps_capturing_and_drops_stale_backlog) ... ok
test_wake_phrase_matches_punctuation_and_one_edit_for_long_brand_token (tests.unit.test_voice_appliance.VoiceWakeTests.test_wake_phrase_matches_punctuation_and_one_edit_for_long_brand_token) ... ok
test_wired_routes_outrank_connected_bluetooth_when_both_exist (tests.unit.test_voice_appliance.VoiceWakeTests.test_wired_routes_outrank_connected_bluetooth_when_both_exist) ... ok
test_bundle_exact_members_redacted_paths_no_raw_files (tests.unit.test_support_export.SupportTests.test_bundle_exact_members_redacted_paths_no_raw_files) ... ok
test_bundle_preserves_allow_listed_health_reason_codes (tests.unit.test_support_export.SupportTests.test_bundle_preserves_allow_listed_health_reason_codes) ... ok
test_content_in_telemetry_rejected_before_output (tests.unit.test_support_export.SupportTests.test_content_in_telemetry_rejected_before_output) ... ok
test_existing_symlink_and_publish_race_preserve_destination (tests.unit.test_support_export.SupportTests.test_existing_symlink_and_publish_race_preserve_destination) ... ok
test_extra_health_details_are_not_exported (tests.unit.test_support_export.SupportTests.test_extra_health_details_are_not_exported) ... ok
test_gpio_platform_export_is_allowlisted_and_drops_raw_command_text (tests.unit.test_support_export.SupportTests.test_gpio_platform_export_is_allowlisted_and_drops_raw_command_text) ... ok
test_install_event_export_is_bounded_allow_listed_and_content_free (tests.unit.test_support_export.SupportTests.test_install_event_export_is_bounded_allow_listed_and_content_free) ... ok
test_release_identity_export_binds_current_symlink_to_record (tests.unit.test_support_export.SupportTests.test_release_identity_export_binds_current_symlink_to_record) ... ok
test_release_identity_rejects_unknown_record_format (tests.unit.test_support_export.SupportTests.test_release_identity_rejects_unknown_record_format) ... ok
test_runtime_binding_member_reports_release_interpreter_probe_without_raw_output (tests.unit.test_support_export.SupportTests.test_runtime_binding_member_reports_release_interpreter_probe_without_raw_output) ... ok
test_service_event_export_counts_codes_without_exporting_journal_text (tests.unit.test_support_export.SupportTests.test_service_event_export_counts_codes_without_exporting_journal_text) ... ok
test_startup_snapshot_is_allow_listed_member (tests.unit.test_support_export.SupportTests.test_startup_snapshot_is_allow_listed_member) ... ok
test_target_manifest_member_embeds_valid_non_actuating_manifest (tests.unit.test_support_export.SupportTests.test_target_manifest_member_embeds_valid_non_actuating_manifest) ... ok
test_target_manifest_member_rejects_privacy_boundary_violation (tests.unit.test_support_export.SupportTests.test_target_manifest_member_rejects_privacy_boundary_violation) ... ok
test_bundle_is_private_allowlisted_and_works_without_active_release (tests.unit.test_v09_installer_failure_bundle.InstallerFailureBundleTests.test_bundle_is_private_allowlisted_and_works_without_active_release) ... ok
test_installed_maintenance_wrapper_auto_embeds_target_probe_manifest (tests.integration.test_support_collection_process.SupportCollectionProcessTests.test_installed_maintenance_wrapper_auto_embeds_target_probe_manifest) ... ok
test_installed_maintenance_wrapper_uses_release_local_entrypoint (tests.integration.test_support_collection_process.SupportCollectionProcessTests.test_installed_maintenance_wrapper_uses_release_local_entrypoint) ... ok

----------------------------------------------------------------------
Ran 41 tests in 6.305s

OK

ELAPSED=7.00 EXIT=0
