test_automated_suites_do_not_import_optional_boundaries (tests.unit.test_test_architecture.TestArchitectureTests.test_automated_suites_do_not_import_optional_boundaries) ... ok
test_ci_entry_point_has_no_install_or_network_step (tests.unit.test_test_architecture.TestArchitectureTests.test_ci_entry_point_has_no_install_or_network_step) ... ok
test_hardware_and_live_probe_boundaries_are_documented (tests.unit.test_test_architecture.TestArchitectureTests.test_hardware_and_live_probe_boundaries_are_documented) ... ok
test_manual_programs_refuse_unintentional_execution (tests.unit.test_test_architecture.TestArchitectureTests.test_manual_programs_refuse_unintentional_execution) ... ok
test_no_interactive_program_is_named_as_an_automated_test (tests.unit.test_test_architecture.TestArchitectureTests.test_no_interactive_program_is_named_as_an_automated_test) ... ok
test_extract_zip_preserves_executable_permissions (tests.unit.test_v09_archive_qualifier.ArchiveQualifierTests.test_extract_zip_preserves_executable_permissions) ... ok
test_inspect_zip_accepts_single_clean_root (tests.unit.test_v09_archive_qualifier.ArchiveQualifierTests.test_inspect_zip_accepts_single_clean_root) ... ok
test_inspect_zip_rejects_python_cache_artifacts (tests.unit.test_v09_archive_qualifier.ArchiveQualifierTests.test_inspect_zip_rejects_python_cache_artifacts) ... ok
test_inspect_zip_rejects_symlinks (tests.unit.test_v09_archive_qualifier.ArchiveQualifierTests.test_inspect_zip_rejects_symlinks) ... ok
test_inspect_zip_rejects_unsafe_paths_and_multiple_roots (tests.unit.test_v09_archive_qualifier.ArchiveQualifierTests.test_inspect_zip_rejects_unsafe_paths_and_multiple_roots) ... ok
test_main_json_reports_no_physical_acceptance_for_invalid_archive (tests.unit.test_v09_archive_qualifier.ArchiveQualifierTests.test_main_json_reports_no_physical_acceptance_for_invalid_archive) ... ok
test_qualify_archive_uses_expected_commit_and_tag_checks (tests.unit.test_v09_archive_qualifier.ArchiveQualifierTests.test_qualify_archive_uses_expected_commit_and_tag_checks) ... ok
test_current_ready_can_retain_historical_failure_without_becoming_failed (tests.unit.test_v09_component_readiness.ComponentReadinessTests.test_current_ready_can_retain_historical_failure_without_becoming_failed) ... ok
test_document_is_versioned_and_never_claims_physical_acceptance (tests.unit.test_v09_component_readiness.ComponentReadinessTests.test_document_is_versioned_and_never_claims_physical_acceptance) ... ok
test_optional_degradation_can_complete_selected_profile (tests.unit.test_v09_component_readiness.ComponentReadinessTests.test_optional_degradation_can_complete_selected_profile) ... ok
test_required_failure_does_not_hide_independent_ready_component (tests.unit.test_v09_component_readiness.ComponentReadinessTests.test_required_failure_does_not_hide_independent_ready_component) ... ok
test_required_not_commissioned_is_distinct_from_failure (tests.unit.test_v09_component_readiness.ComponentReadinessTests.test_required_not_commissioned_is_distinct_from_failure) ... ok
test_unknown_status_is_rejected (tests.unit.test_v09_component_readiness.ComponentReadinessTests.test_unknown_status_is_rejected) ... ok
test_ci_t0_invokes_v09_documentation_validator (tests.unit.test_v09_documentation_hardening.V09DocumentationHardeningTests.test_ci_t0_invokes_v09_documentation_validator) ... ok
test_executed_simulation_milestones_have_no_stale_planned_rows (tests.unit.test_v09_documentation_hardening.V09DocumentationHardeningTests.test_executed_simulation_milestones_have_no_stale_planned_rows) ... ok
test_room_environment_docs_are_user_facing_and_boundary_safe (tests.unit.test_v09_documentation_hardening.V09DocumentationHardeningTests.test_room_environment_docs_are_user_facing_and_boundary_safe) ... ok
test_v09_documentation_validator_passes (tests.unit.test_v09_documentation_hardening.V09DocumentationHardeningTests.test_v09_documentation_validator_passes) ... ok
test_wake_default_examples_are_not_stale (tests.unit.test_v09_documentation_hardening.V09DocumentationHardeningTests.test_wake_default_examples_are_not_stale) ... ok
test_default_collection_is_non_destructive_and_blocks_fan_cycle (tests.unit.test_v09_environment_acceptance_runner.EnvironmentAcceptanceRunnerTests.test_default_collection_is_non_destructive_and_blocks_fan_cycle) ... ok
test_explicit_actuation_runs_fan_cycle_commands_but_still_claims_no_acceptance (tests.unit.test_v09_environment_acceptance_runner.EnvironmentAcceptanceRunnerTests.test_explicit_actuation_runs_fan_cycle_commands_but_still_claims_no_acceptance) ... ok
test_physical_acceptance_runner_blocks_simulated_backend_json (tests.unit.test_v09_environment_acceptance_runner.EnvironmentAcceptanceRunnerTests.test_physical_acceptance_runner_blocks_simulated_backend_json) ... ok
test_plan_only_writes_private_evidence_without_executing_commands (tests.unit.test_v09_environment_acceptance_runner.EnvironmentAcceptanceRunnerTests.test_plan_only_writes_private_evidence_without_executing_commands) ... ok
test_release_payload_includes_environment_acceptance_runner (tests.unit.test_v09_environment_acceptance_runner.EnvironmentAcceptanceRunnerTests.test_release_payload_includes_environment_acceptance_runner) ... ok
test_simulation_detector_blocks_nested_status_payloads (tests.unit.test_v09_environment_acceptance_runner.EnvironmentAcceptanceRunnerTests.test_simulation_detector_blocks_nested_status_payloads) ... ok
test_target_runbook_references_private_environment_evidence (tests.unit.test_v09_environment_acceptance_runner.EnvironmentAcceptanceRunnerTests.test_target_runbook_references_private_environment_evidence) ... ok

----------------------------------------------------------------------
Ran 30 tests in 25.807s

OK
