test_backend_mismatch_fails_instead_of_accepting_process_liveness (tests.unit.test_v09_environment_readiness.EnvironmentReadinessTests.test_backend_mismatch_fails_instead_of_accepting_process_liveness) ... ok
test_physical_evidence_claim_is_rejected (tests.unit.test_v09_environment_readiness.EnvironmentReadinessTests.test_physical_evidence_claim_is_rejected) ... ok
test_real_relay_profile_pauses_before_probe (tests.unit.test_v09_environment_readiness.EnvironmentReadinessTests.test_real_relay_profile_pauses_before_probe) ... ok
test_real_sensor_simulated_actuator_requires_semantic_sensor_ready (tests.unit.test_v09_environment_readiness.EnvironmentReadinessTests.test_real_sensor_simulated_actuator_requires_semantic_sensor_ready) ... ok
test_backward_compatible_sensor_deferred_wrapper (tests.unit.test_v09_environment_profile_manager.EnvironmentProfileManagerTests.test_backward_compatible_sensor_deferred_wrapper) ... ok
test_checkpoint43_manual_partial_environment_config_is_safely_completed (tests.unit.test_v09_environment_profile_manager.EnvironmentProfileManagerTests.test_checkpoint43_manual_partial_environment_config_is_safely_completed) ... ok
test_every_governed_profile_is_atomic_exact_and_idempotent (tests.unit.test_v09_environment_profile_manager.EnvironmentProfileManagerTests.test_every_governed_profile_is_atomic_exact_and_idempotent) ... ok
test_existing_unknown_admin_configuration_is_never_overwritten (tests.unit.test_v09_environment_profile_manager.EnvironmentProfileManagerTests.test_existing_unknown_admin_configuration_is_never_overwritten) ... ok
test_managed_profiles_transition_atomically_without_actuation (tests.unit.test_v09_environment_profile_manager.EnvironmentProfileManagerTests.test_managed_profiles_transition_atomically_without_actuation) ... ok
test_managed_real_sensor_profile_can_transition_between_44_and_45 (tests.unit.test_v09_environment_profile_manager.EnvironmentProfileManagerTests.test_managed_real_sensor_profile_can_transition_between_44_and_45) ... ok
test_partial_environment_config_with_conflicting_value_fails_closed (tests.unit.test_v09_environment_profile_manager.EnvironmentProfileManagerTests.test_partial_environment_config_with_conflicting_value_fails_closed) ... ok
test_profiles_cover_all_backend_parity_combinations_and_safe_off (tests.unit.test_v09_environment_profile_manager.EnvironmentProfileManagerTests.test_profiles_cover_all_backend_parity_combinations_and_safe_off) ... ok
test_real_sensor_profiles_pin_bus_address_and_high_repeatability (tests.unit.test_v09_environment_profile_manager.EnvironmentProfileManagerTests.test_real_sensor_profiles_pin_bus_address_and_high_repeatability) ... ok
test_real_sensor_profiles_support_only_governed_44_or_45_addresses (tests.unit.test_v09_environment_profile_manager.EnvironmentProfileManagerTests.test_real_sensor_profiles_support_only_governed_44_or_45_addresses) ... ok
test_simulated_sensor_profile_rejects_nondefault_sensor_address_flag (tests.unit.test_v09_environment_profile_manager.EnvironmentProfileManagerTests.test_simulated_sensor_profile_rejects_nondefault_sensor_address_flag) ... ok
test_status_can_require_exact_profile_without_mutating_site (tests.unit.test_v09_environment_profile_manager.EnvironmentProfileManagerTests.test_status_can_require_exact_profile_without_mutating_site) ... ok
test_symlink_site_is_refused (tests.unit.test_v09_environment_profile_manager.EnvironmentProfileManagerTests.test_symlink_site_is_refused) ... ok
test_conflicting_environment_unit_fails_closed (tests.unit.test_v09_environment_service_manager.EnvironmentServiceManagerTests.test_conflicting_environment_unit_fails_closed) ... ok
test_environment_unit_is_local_only_least_privilege_and_independent (tests.unit.test_v09_environment_service_manager.EnvironmentServiceManagerTests.test_environment_unit_is_local_only_least_privilege_and_independent) ... ok
test_install_status_remove_are_structural_and_do_not_enable_or_start (tests.unit.test_v09_environment_service_manager.EnvironmentServiceManagerTests.test_install_status_remove_are_structural_and_do_not_enable_or_start) ... ok
test_known_checkpoint43_temporary_dropin_is_removed_but_unknown_is_preserved_and_blocks (tests.unit.test_v09_environment_service_manager.EnvironmentServiceManagerTests.test_known_checkpoint43_temporary_dropin_is_removed_but_unknown_is_preserved_and_blocks) ... ok
test_non_actuating_profile_converges_enable_reset_restart_and_metadata (tests.unit.test_v09_environment_service_manager.EnvironmentServiceManagerTests.test_non_actuating_profile_converges_enable_reset_restart_and_metadata) ... ok
test_real_actuator_profile_requires_supervised_physical_commissioning (tests.unit.test_v09_environment_service_manager.EnvironmentServiceManagerTests.test_real_actuator_profile_requires_supervised_physical_commissioning) ... ok
test_tmpfiles_contract_uses_separate_state_and_socket_client_group (tests.unit.test_v09_environment_service_manager.EnvironmentServiceManagerTests.test_tmpfiles_contract_uses_separate_state_and_socket_client_group) ... ok
test_voice_service_has_soft_environment_dependency_only (tests.unit.test_v09_environment_service_manager.EnvironmentServiceManagerTests.test_voice_service_has_soft_environment_dependency_only) ... ok
test_appliance_readiness_record_is_bound_to_release_commit (tests.unit.test_v09_install_dependency_graph.TargetInstallDependencyGraphTests.test_appliance_readiness_record_is_bound_to_release_commit) ... ok
test_bluetooth_capture_route_is_proven_before_appliance_readiness (tests.unit.test_v09_install_dependency_graph.TargetInstallDependencyGraphTests.test_bluetooth_capture_route_is_proven_before_appliance_readiness) ... ok
test_bluetooth_preference_allows_direct_audio_fallback (tests.unit.test_v09_install_dependency_graph.TargetInstallDependencyGraphTests.test_bluetooth_preference_allows_direct_audio_fallback) ... ok
test_checkpoint32_managed_service_templates_are_accepted_as_upgrade_predecessors (tests.unit.test_v09_install_dependency_graph.TargetInstallDependencyGraphTests.test_checkpoint32_managed_service_templates_are_accepted_as_upgrade_predecessors) ... ok
test_environment_profile_and_commissioning_are_explicit_optional_boundaries (tests.unit.test_v09_install_dependency_graph.TargetInstallDependencyGraphTests.test_environment_profile_and_commissioning_are_explicit_optional_boundaries) ... ok
test_environment_service_precedes_application_service_and_stays_non_actuating (tests.unit.test_v09_install_dependency_graph.TargetInstallDependencyGraphTests.test_environment_service_precedes_application_service_and_stays_non_actuating) ... ok
test_gpio_identity_is_proven_non_actuating_before_services_and_appliance (tests.unit.test_v09_install_dependency_graph.TargetInstallDependencyGraphTests.test_gpio_identity_is_proven_non_actuating_before_services_and_appliance) ... ok
test_i2c_planned_pause_is_handled_before_failure_bundle (tests.unit.test_v09_install_dependency_graph.TargetInstallDependencyGraphTests.test_i2c_planned_pause_is_handled_before_failure_bundle) ... ok
test_install_completion_reports_independent_component_truth (tests.unit.test_v09_install_dependency_graph.TargetInstallDependencyGraphTests.test_install_completion_reports_independent_component_truth) ... ok
test_post_seal_installer_and_services_disable_python_bytecode_writes (tests.unit.test_v09_install_dependency_graph.TargetInstallDependencyGraphTests.test_post_seal_installer_and_services_disable_python_bytecode_writes) ... ok
test_release_seal_and_runtime_checks_are_separate_current_release_gates (tests.unit.test_v09_install_dependency_graph.TargetInstallDependencyGraphTests.test_release_seal_and_runtime_checks_are_separate_current_release_gates) ... ok
test_runtime_context_is_transport_neutral_when_bluetooth_is_requested (tests.unit.test_v09_install_dependency_graph.TargetInstallDependencyGraphTests.test_runtime_context_is_transport_neutral_when_bluetooth_is_requested) ... ok
test_target_install_dependency_order_is_explicit (tests.unit.test_v09_install_dependency_graph.TargetInstallDependencyGraphTests.test_target_install_dependency_order_is_explicit) ... ok
test_absent_sht31_fixture_fails_closed (tests.unit.test_v09_target_probe.TargetProbeTests.test_absent_sht31_fixture_fails_closed) ... ok
test_ambiguous_audio_fixture_fails_closed (tests.unit.test_v09_target_probe.TargetProbeTests.test_ambiguous_audio_fixture_fails_closed) ... ok
test_atomic_output_is_private_and_replaced (tests.unit.test_v09_target_probe.TargetProbeTests.test_atomic_output_is_private_and_replaced) ... ok
test_capability_ready_fixture_replays_full_target_shadow_gate (tests.unit.test_v09_target_probe.TargetProbeTests.test_capability_ready_fixture_replays_full_target_shadow_gate) ... ok
test_checkpoint34_duplicate_rp1_alias_fixture_replays_pass (tests.unit.test_v09_target_probe.TargetProbeTests.test_checkpoint34_duplicate_rp1_alias_fixture_replays_pass) ... ok
test_checkpoint43_readiness_identity_mismatch_fixture_fails_closed (tests.unit.test_v09_target_probe.TargetProbeTests.test_checkpoint43_readiness_identity_mismatch_fixture_fails_closed) ... ok
test_ckpt42_runtime_audio_failure_fixture_fails_functional_capture_gate (tests.unit.test_v09_target_probe.TargetProbeTests.test_ckpt42_runtime_audio_failure_fixture_fails_functional_capture_gate) ... ok
test_cli_replay_exit_codes (tests.unit.test_v09_target_probe.TargetProbeTests.test_cli_replay_exit_codes) ... ok
test_cli_replay_exit_codes_for_capability_fixtures (tests.unit.test_v09_target_probe.TargetProbeTests.test_cli_replay_exit_codes_for_capability_fixtures) ... ok
test_cli_replay_exit_codes_for_i2c_environment_fixtures (tests.unit.test_v09_target_probe.TargetProbeTests.test_cli_replay_exit_codes_for_i2c_environment_fixtures) ... ok
test_cli_replay_exit_codes_for_lifecycle_runtime_fixtures (tests.unit.test_v09_target_probe.TargetProbeTests.test_cli_replay_exit_codes_for_lifecycle_runtime_fixtures) ... ok
test_dirty_release_state_fixture_fails_closed (tests.unit.test_v09_target_probe.TargetProbeTests.test_dirty_release_state_fixture_fails_closed) ... ok
test_distinct_duplicate_header_fixture_fails_closed (tests.unit.test_v09_target_probe.TargetProbeTests.test_distinct_duplicate_header_fixture_fails_closed) ... ok
test_full_real_environment_fixture_requires_relay_gpio23_even_when_gpio_is_not_top_level_required (tests.unit.test_v09_target_probe.TargetProbeTests.test_full_real_environment_fixture_requires_relay_gpio23_even_when_gpio_is_not_top_level_required) ... ok
test_full_simulation_environment_profile_does_not_require_physical_i2c_or_gpio (tests.unit.test_v09_target_probe.TargetProbeTests.test_full_simulation_environment_profile_does_not_require_physical_i2c_or_gpio) ... ok
test_i2c_reboot_required_fixture_fails_closed (tests.unit.test_v09_target_probe.TargetProbeTests.test_i2c_reboot_required_fixture_fails_closed) ... ok
test_i2c_sht31_ready_full_real_fixture_replays_full_gate (tests.unit.test_v09_target_probe.TargetProbeTests.test_i2c_sht31_ready_full_real_fixture_replays_full_gate) ... ok
test_interrupted_model_finalization_fixture_fails_model_gate (tests.unit.test_v09_target_probe.TargetProbeTests.test_interrupted_model_finalization_fixture_fails_model_gate) ... ok
test_live_gpio_collection_records_canonical_identity_and_alias_paths (tests.unit.test_v09_target_probe.TargetProbeTests.test_live_gpio_collection_records_canonical_identity_and_alias_paths) ... ok
test_low_disk_fixture_fails_resource_capacity (tests.unit.test_v09_target_probe.TargetProbeTests.test_low_disk_fixture_fails_resource_capacity) ... ok
test_manifest_capture_is_content_free_and_non_actuating (tests.unit.test_v09_target_probe.TargetProbeTests.test_manifest_capture_is_content_free_and_non_actuating) ... ok
test_missing_service_identity_fixture_fails_closed (tests.unit.test_v09_target_probe.TargetProbeTests.test_missing_service_identity_fixture_fails_closed) ... ok
test_noncurrent_corrupt_history_fixture_remains_candidate_safe (tests.unit.test_v09_target_probe.TargetProbeTests.test_noncurrent_corrupt_history_fixture_remains_candidate_safe) ... ok
test_old_systemd_units_fixture_fails_runtime (tests.unit.test_v09_target_probe.TargetProbeTests.test_old_systemd_units_fixture_fails_runtime) ... ok
test_operator_missing_control_group_fixture_fails_identity (tests.unit.test_v09_target_probe.TargetProbeTests.test_operator_missing_control_group_fixture_fails_identity) ... ok
test_partial_installer_state_fixture_fails_closed (tests.unit.test_v09_target_probe.TargetProbeTests.test_partial_installer_state_fixture_fails_closed) ... ok
test_readiness_identity_accepts_current_release_and_profile (tests.unit.test_v09_target_probe.TargetProbeTests.test_readiness_identity_accepts_current_release_and_profile) ... ok
test_release_lifecycle_ready_fixture_tolerates_noncurrent_corrupt_history_and_python_caches (tests.unit.test_v09_target_probe.TargetProbeTests.test_release_lifecycle_ready_fixture_tolerates_noncurrent_corrupt_history_and_python_caches) ... ok
test_runtime_authoritative_drift_fixture_fails_lifecycle (tests.unit.test_v09_target_probe.TargetProbeTests.test_runtime_authoritative_drift_fixture_fails_lifecycle) ... ok
test_service_restart_failure_fixture_fails_runtime (tests.unit.test_v09_target_probe.TargetProbeTests.test_service_restart_failure_fixture_fails_runtime) ... ok
test_stale_release_temp_artifact_fixture_fails_lifecycle (tests.unit.test_v09_target_probe.TargetProbeTests.test_stale_release_temp_artifact_fixture_fails_lifecycle) ... ok
test_support_wrong_release_fixture_fails_lifecycle (tests.unit.test_v09_target_probe.TargetProbeTests.test_support_wrong_release_fixture_fails_lifecycle) ... ok
test_human_report_has_exact_boundary_language (tests.unit.test_release_readiness.ReleaseReadinessTests.test_human_report_has_exact_boundary_language) ... ok
test_report_is_ready_for_target_acceptance_from_clean_tree (tests.unit.test_release_readiness.ReleaseReadinessTests.test_report_is_ready_for_target_acceptance_from_clean_tree) ... ok
test_target_acceptance_runbook_is_user_facing (tests.unit.test_release_readiness.ReleaseReadinessTests.test_target_acceptance_runbook_is_user_facing) ... ok
test_target_shadow_fixture_failure_blocks_readiness (tests.unit.test_release_readiness.ReleaseReadinessTests.test_target_shadow_fixture_failure_blocks_readiness) ... ok
test_active_same_commit_ignores_only_standard_post_seal_python_cache_artifacts (tests.unit.test_m3_3_release_manager.IntegrityAndPrivilegeTests.test_active_same_commit_ignores_only_standard_post_seal_python_cache_artifacts) ... ok
test_active_same_commit_never_repairs_authoritative_tampering (tests.unit.test_m3_3_release_manager.IntegrityAndPrivilegeTests.test_active_same_commit_never_repairs_authoritative_tampering) ... ok
test_explicit_rollback_fails_without_previous_release (tests.unit.test_m3_3_release_manager.IntegrityAndPrivilegeTests.test_explicit_rollback_fails_without_previous_release) ... ok
test_explicit_rollback_returns_to_previous_validated_release (tests.unit.test_m3_3_release_manager.IntegrityAndPrivilegeTests.test_explicit_rollback_returns_to_previous_validated_release) ... ok
test_maintenance_lock_rejects_concurrent_state_mutation (tests.unit.test_m3_3_release_manager.IntegrityAndPrivilegeTests.test_maintenance_lock_rejects_concurrent_state_mutation) ... ok
test_many_runtime_caches_cannot_hide_authoritative_tampering (tests.unit.test_m3_3_release_manager.IntegrityAndPrivilegeTests.test_many_runtime_caches_cannot_hide_authoritative_tampering) ... ok
test_non_bytecode_file_inside_pycache_remains_authoritative (tests.unit.test_m3_3_release_manager.IntegrityAndPrivilegeTests.test_non_bytecode_file_inside_pycache_remains_authoritative) ... ok
test_payload_digest_rejects_post_build_tampering (tests.unit.test_m3_3_release_manager.IntegrityAndPrivilegeTests.test_payload_digest_rejects_post_build_tampering) ... ok
test_payload_manifest_localizes_changed_and_unexpected_paths (tests.unit.test_m3_3_release_manager.IntegrityAndPrivilegeTests.test_payload_manifest_localizes_changed_and_unexpected_paths) ... ok
test_post_verified_journal_cannot_override_pointer_disagreement (tests.unit.test_m3_3_release_manager.IntegrityAndPrivilegeTests.test_post_verified_journal_cannot_override_pointer_disagreement) ... ok
test_pruning_corrupt_stale_release_does_not_revalidate_historical_payload (tests.unit.test_m3_3_release_manager.IntegrityAndPrivilegeTests.test_pruning_corrupt_stale_release_does_not_revalidate_historical_payload) ... ok
test_pruning_filesystem_error_is_nonblocking_after_successful_activation (tests.unit.test_m3_3_release_manager.IntegrityAndPrivilegeTests.test_pruning_filesystem_error_is_nonblocking_after_successful_activation) ... ok
test_pruning_ignores_obsolete_runtime_contract_for_stale_pre_bridge_release (tests.unit.test_m3_3_release_manager.IntegrityAndPrivilegeTests.test_pruning_ignores_obsolete_runtime_contract_for_stale_pre_bridge_release)
Exact Pi shape: legacy stale + legacy previous + strict active must converge. ... ok
test_pruning_keeps_only_active_and_previous_validated_releases (tests.unit.test_m3_3_release_manager.IntegrityAndPrivilegeTests.test_pruning_keeps_only_active_and_previous_validated_releases) ... ok
test_pycache_symlink_is_authoritative_and_cannot_bypass_integrity (tests.unit.test_m3_3_release_manager.IntegrityAndPrivilegeTests.test_pycache_symlink_is_authoritative_and_cannot_bypass_integrity) ... ok
test_speech_and_service_maintenance_inputs_are_release_payload_contract (tests.unit.test_m3_3_release_manager.IntegrityAndPrivilegeTests.test_speech_and_service_maintenance_inputs_are_release_payload_contract) ... ok
test_target_privilege_and_nonlogin_account_contract_is_explicit (tests.unit.test_m3_3_release_manager.IntegrityAndPrivilegeTests.test_target_privilege_and_nonlogin_account_contract_is_explicit) ... ok
test_top_level_sourceless_bytecode_is_not_treated_as_runtime_cache (tests.unit.test_m3_3_release_manager.IntegrityAndPrivilegeTests.test_top_level_sourceless_bytecode_is_not_treated_as_runtime_cache) ... ok
test_transient_python_caches_are_removed_before_sealing (tests.unit.test_m3_3_release_manager.IntegrityAndPrivilegeTests.test_transient_python_caches_are_removed_before_sealing) ... ok
test_candidate_finalization_is_atomic_and_immutable (tests.unit.test_m3_3_release_manager.RecordAndPointerTests.test_candidate_finalization_is_atomic_and_immutable) ... ok
test_current_pointer_cannot_escape_release_namespace (tests.unit.test_m3_3_release_manager.RecordAndPointerTests.test_current_pointer_cannot_escape_release_namespace) ... ok
test_durable_record_is_private_and_exact (tests.unit.test_m3_3_release_manager.RecordAndPointerTests.test_durable_record_is_private_and_exact) ... ok
test_finalization_normalizes_restrictive_umask_modes_for_service_access (tests.unit.test_m3_3_release_manager.RecordAndPointerTests.test_finalization_normalizes_restrictive_umask_modes_for_service_access) ... ok
test_layout_has_private_state_and_constant_entrypoint (tests.unit.test_m3_3_release_manager.RecordAndPointerTests.test_layout_has_private_state_and_constant_entrypoint) ... ok
test_parser_rejects_unknown_duplicate_and_incomplete_records (tests.unit.test_m3_3_release_manager.RecordAndPointerTests.test_parser_rejects_unknown_duplicate_and_incomplete_records) ... ok
test_source_archive_rejects_traversal_and_links (tests.unit.test_m3_3_release_manager.RecordAndPointerTests.test_source_archive_rejects_traversal_and_links) ... ok
test_binding_allowlist_excludes_distribution_metadata_and_unrelated_packages (tests.unit.test_m3_3_release_manager.TargetRuntimeBindingTests.test_binding_allowlist_excludes_distribution_metadata_and_unrelated_packages) ... ok
test_binding_probe_covers_exact_runtime_apis (tests.unit.test_m3_3_release_manager.TargetRuntimeBindingTests.test_binding_probe_covers_exact_runtime_apis) ... ok
test_bridge_copies_only_allowlisted_import_payloads_and_records_provenance (tests.unit.test_m3_3_release_manager.TargetRuntimeBindingTests.test_bridge_copies_only_allowlisted_import_payloads_and_records_provenance) ... ok
test_installer_authorizes_invoking_operator_only_for_control_socket (tests.unit.test_m3_3_release_manager.TargetRuntimeBindingTests.test_installer_authorizes_invoking_operator_only_for_control_socket) ... ok
test_isolated_bridge_keeps_unrelated_broken_system_metadata_out_of_pip_check (tests.unit.test_m3_3_release_manager.TargetRuntimeBindingTests.test_isolated_bridge_keeps_unrelated_broken_system_metadata_out_of_pip_check) ... ok
test_normal_activation_still_rejects_unjournaled_pre_bridge_target_candidate (tests.unit.test_m3_3_release_manager.TargetRuntimeBindingTests.test_normal_activation_still_rejects_unjournaled_pre_bridge_target_candidate)
Compatibility must not become a bypass for arbitrary legacy candidates. ... ok
test_operator_rollback_can_return_to_state_bound_pre_bridge_previous_release (tests.unit.test_m3_3_release_manager.TargetRuntimeBindingTests.test_operator_rollback_can_return_to_state_bound_pre_bridge_previous_release)
The same migration boundary must preserve governed rollback semantics. ... ok
test_target_binding_validation_accepts_isolated_release_python_probe (tests.unit.test_m3_3_release_manager.TargetRuntimeBindingTests.test_target_binding_validation_accepts_isolated_release_python_probe) ... ok
test_target_binding_validation_rejects_broad_system_site_visibility (tests.unit.test_m3_3_release_manager.TargetRuntimeBindingTests.test_target_binding_validation_rejects_broad_system_site_visibility) ... ok
test_target_binding_validation_rejects_missing_bridge_manifest (tests.unit.test_m3_3_release_manager.TargetRuntimeBindingTests.test_target_binding_validation_rejects_missing_bridge_manifest) ... ok
test_target_binding_validation_rejects_release_python_import_failure (tests.unit.test_m3_3_release_manager.TargetRuntimeBindingTests.test_target_binding_validation_rejects_release_python_import_failure) ... ok
test_target_profile_uses_allowlisted_distro_binding_bridge_only_for_pi_core (tests.unit.test_m3_3_release_manager.TargetRuntimeBindingTests.test_target_profile_uses_allowlisted_distro_binding_bridge_only_for_pi_core) ... ok
test_upgrade_activation_accepts_only_state_bound_pre_bridge_current_release (tests.unit.test_m3_3_release_manager.TargetRuntimeBindingTests.test_upgrade_activation_accepts_only_state_bound_pre_bridge_current_release)
Reproduce the checkpoint-29 Pi failure and prove the migration fix. ... ok
test_bluetooth_audio_is_target_only_and_does_not_mutate_development_staging (tests.integration.test_bootstrap_preflight_process.BootstrapProcessTests.test_bluetooth_audio_is_target_only_and_does_not_mutate_development_staging) ... ok
test_default_routes_to_release_manager_and_never_legacy_setup (tests.integration.test_bootstrap_preflight_process.BootstrapProcessTests.test_default_routes_to_release_manager_and_never_legacy_setup) ... ok
test_development_preflight_process_writes_exact_private_manifest (tests.integration.test_bootstrap_preflight_process.BootstrapProcessTests.test_development_preflight_process_writes_exact_private_manifest) ... ok
test_environment_commissioning_is_target_only_and_does_not_mutate_development_staging (tests.integration.test_bootstrap_preflight_process.BootstrapProcessTests.test_environment_commissioning_is_target_only_and_does_not_mutate_development_staging) ... ok
test_invalid_environment_profile_is_rejected_before_staging (tests.integration.test_bootstrap_preflight_process.BootstrapProcessTests.test_invalid_environment_profile_is_rejected_before_staging) ... ok
test_unsupported_target_fails_before_network_or_staging (tests.integration.test_bootstrap_preflight_process.BootstrapProcessTests.test_unsupported_target_fails_before_network_or_staging) ... ok

----------------------------------------------------------------------
Ran 119 tests in 24.714s

OK
[OK] code=RELEASE_ALREADY_VALID commit=cccccccccccccccccccccccccccccccccccccccc
[OK] code=ACTIVATION_RECONCILED phase=post_verified commit=cccccccccccccccccccccccccccccccccccccccc policy=structural_current_only
[OK] code=ACTIVATION_RECONCILED phase=post_verified commit=cccccccccccccccccccccccccccccccccccccccc policy=structural_current_only
[OK] code=ROLLBACK_COMPLETE commit=bbbbbbbbbbbbbbbbbbbbbbbbbbbbbbbbbbbbbbbb
[OK] code=ACTIVATION_HEALTHY commit=bbbbbbbbbbbbbbbbbbbbbbbbbbbbbbbbbbbbbbbb
[OK] code=RELEASE_PRUNED commit=2222222222222222222222222222222222222222
[OK] code=RELEASE_PRUNED commit=3333333333333333333333333333333333333333
[OK] code=RELEASE_PRUNED commit=aaaaaaaaaaaaaaaaaaaaaaaaaaaaaaaaaaaaaaaa
[OK] code=ACTIVATION_EMPTY
[OK] code=ACTIVATION_RECONCILED phase=post_verified commit=5555555555555555555555555555555555555555 policy=structural_current_only
[OK] code=RELEASE_LEGACY_TRANSITION_SOURCE commit=6666666666666666666666666666666666666666 profile=core-pi-trixie-py313 runtime_policy=bounded_cli_smoke
[OK] code=RELEASE_LEGACY_TRANSITION_SOURCE commit=6666666666666666666666666666666666666666 profile=core-pi-trixie-py313 runtime_policy=bounded_cli_smoke
[OK] code=ROLLBACK_COMPLETE commit=6666666666666666666666666666666666666666
