test_installed_maintenance_wrapper_auto_embeds_target_probe_manifest (tests.integration.test_support_collection_process.SupportCollectionProcessTests.test_installed_maintenance_wrapper_auto_embeds_target_probe_manifest) ... ok
test_installed_maintenance_wrapper_uses_release_local_entrypoint (tests.integration.test_support_collection_process.SupportCollectionProcessTests.test_installed_maintenance_wrapper_uses_release_local_entrypoint) ... ok
test_output_dir_must_preexist_and_is_not_created_by_sudo_capable_wrapper (tests.integration.test_support_collection_process.SupportCollectionProcessTests.test_output_dir_must_preexist_and_is_not_created_by_sudo_capable_wrapper) ... ok
test_output_dir_places_single_bundle_at_requested_directory (tests.integration.test_support_collection_process.SupportCollectionProcessTests.test_output_dir_places_single_bundle_at_requested_directory) ... ok
test_install_uninstall_lifecycle_process (unittest.loader._FailedTest.test_install_uninstall_lifecycle_process) ... ERROR
test_bluetooth_audio_is_target_only_and_does_not_mutate_development_staging (tests.integration.test_bootstrap_preflight_process.BootstrapProcessTests.test_bluetooth_audio_is_target_only_and_does_not_mutate_development_staging) ... ok
test_default_routes_to_release_manager_and_never_legacy_setup (tests.integration.test_bootstrap_preflight_process.BootstrapProcessTests.test_default_routes_to_release_manager_and_never_legacy_setup) ... ok
test_development_preflight_process_writes_exact_private_manifest (tests.integration.test_bootstrap_preflight_process.BootstrapProcessTests.test_development_preflight_process_writes_exact_private_manifest) ... ok
test_environment_commissioning_is_target_only_and_does_not_mutate_development_staging (tests.integration.test_bootstrap_preflight_process.BootstrapProcessTests.test_environment_commissioning_is_target_only_and_does_not_mutate_development_staging) ... ok
test_invalid_environment_profile_is_rejected_before_staging (tests.integration.test_bootstrap_preflight_process.BootstrapProcessTests.test_invalid_environment_profile_is_rejected_before_staging) ... ok
test_unsupported_target_fails_before_network_or_staging (tests.integration.test_bootstrap_preflight_process.BootstrapProcessTests.test_unsupported_target_fails_before_network_or_staging) ... ok

======================================================================
ERROR: test_install_uninstall_lifecycle_process (unittest.loader._FailedTest.test_install_uninstall_lifecycle_process)
----------------------------------------------------------------------
ImportError: Failed to import test module: test_install_uninstall_lifecycle_process
Traceback (most recent call last):
  File "/usr/lib/python3.13/unittest/loader.py", line 137, in loadTestsFromName
    module = __import__(module_name)
ModuleNotFoundError: No module named 'tests.integration.test_install_uninstall_lifecycle_process'


----------------------------------------------------------------------
Ran 11 tests in 7.724s

FAILED (errors=1)
