test_probe_deduplicates_duplicate_device_nodes_for_same_canonical_rp1_chip (tests.unit.test_v09_gpio_identity_preflight.GpioIdentityPreflightTests.test_probe_deduplicates_duplicate_device_nodes_for_same_canonical_rp1_chip) ... ok
test_probe_fails_closed_when_header_identity_remains_ambiguous (tests.unit.test_v09_gpio_identity_preflight.GpioIdentityPreflightTests.test_probe_fails_closed_when_header_identity_remains_ambiguous) ... ok
test_probe_resolves_pi5_header_without_requesting_lines (tests.unit.test_v09_gpio_identity_preflight.GpioIdentityPreflightTests.test_probe_resolves_pi5_header_without_requesting_lines) ... ok
test_cli_reports_planned_pause_not_error_when_reboot_is_required (tests.unit.test_v09_i2c_manager.I2CManagerTests.test_cli_reports_planned_pause_not_error_when_reboot_is_required) ... ok
test_enable_accepts_delayed_device_without_reboot (tests.unit.test_v09_i2c_manager.I2CManagerTests.test_enable_accepts_delayed_device_without_reboot) ... ok
test_enable_requires_root_and_never_runs_raspi_config (tests.unit.test_v09_i2c_manager.I2CManagerTests.test_enable_requires_root_and_never_runs_raspi_config) ... ok
test_enable_uses_noninteractive_raspi_config_and_reports_reboot (tests.unit.test_v09_i2c_manager.I2CManagerTests.test_enable_uses_noninteractive_raspi_config_and_reports_reboot) ... ok
test_require_ready_returns_75_without_mutating_system (tests.unit.test_v09_i2c_manager.I2CManagerTests.test_require_ready_returns_75_without_mutating_system) ... [ERROR] code=I2C_NOT_READY message=I2C device/service-user prerequisites are not ready remediation=run sudo i2c_manager.py enable, reboot if requested, then rerun status
ok
test_status_fails_readiness_when_service_user_lacks_i2c (tests.unit.test_v09_i2c_manager.I2CManagerTests.test_status_fails_readiness_when_service_user_lacks_i2c) ... ok
test_status_requires_device_and_service_user_group (tests.unit.test_v09_i2c_manager.I2CManagerTests.test_status_requires_device_and_service_user_group) ... ok
test_status_requires_real_service_context_openability_not_group_name_only (tests.unit.test_v09_i2c_manager.I2CManagerTests.test_status_requires_real_service_context_openability_not_group_name_only) ... ok
test_appliance_readiness_record_is_bound_to_release_commit (tests.unit.test_v09_install_dependency_graph.TargetInstallDependencyGraphTests.test_appliance_readiness_record_is_bound_to_release_commit) ... ok
test_bluetooth_capture_route_is_proven_before_appliance_readiness (tests.unit.test_v09_install_dependency_graph.TargetInstallDependencyGraphTests.test_bluetooth_capture_route_is_proven_before_appliance_readiness) ... ok
test_bluetooth_preference_allows_direct_audio_fallback (tests.unit.test_v09_install_dependency_graph.TargetInstallDependencyGraphTests.test_bluetooth_preference_allows_direct_audio_fallback) ... ok
test_checkpoint32_managed_service_templates_are_accepted_as_upgrade_predecessors (tests.unit.test_v09_install_dependency_graph.TargetInstallDependencyGraphTests.test_checkpoint32_managed_service_templates_are_accepted_as_upgrade_predecessors) ... ok
test_environment_profile_and_commissioning_are_explicit_optional_boundaries (tests.unit.test_v09_install_dependency_graph.TargetInstallDependencyGraphTests.test_environment_profile_and_commissioning_are_explicit_optional_boundaries) ... ok
test_environment_service_precedes_application_service_and_stays_non_actuating (tests.unit.test_v09_install_dependency_graph.TargetInstallDependencyGraphTests.test_environment_service_precedes_application_service_and_stays_non_actuating) ... ok
test_gpio_identity_is_proven_non_actuating_before_services_and_appliance (tests.unit.test_v09_install_dependency_graph.TargetInstallDependencyGraphTests.test_gpio_identity_is_proven_non_actuating_before_services_and_appliance) ... ok
test_i2c_planned_pause_is_handled_before_failure_bundle (tests.unit.test_v09_install_dependency_graph.TargetInstallDependencyGraphTests.test_i2c_planned_pause_is_handled_before_failure_bundle) ... ok
test_install_completion_reports_independent_component_truth (tests.unit.test_v09_install_dependency_graph.TargetInstallDependencyGraphTests.test_install_completion_reports_independent_component_truth) ... ok
test_post_seal_installer_and_services_disable_python_bytecode_writes (tests.unit.test_v09_install_dependency_graph.TargetInstallDependencyGraphTests.test_post_seal_installer_and_services_disable_python_bytecode_writes) ... ok
test_release_seal_and_runtime_checks_are_separate_current_release_gates (tests.unit.test_v09_install_dependency_graph.TargetInstallDependencyGraphTests.test_release_seal_and_runtime_checks_are_separate_current_release_gates) ... ok
test_runtime_context_is_transport_neutral_when_bluetooth_is_requested (tests.unit.test_v09_install_dependency_graph.TargetInstallDependencyGraphTests.test_runtime_context_is_transport_neutral_when_bluetooth_is_requested) ... ok
test_target_install_dependency_order_is_explicit (tests.unit.test_v09_install_dependency_graph.TargetInstallDependencyGraphTests.test_target_install_dependency_order_is_explicit) ... ok
test_bundle_is_private_allowlisted_and_works_without_active_release (tests.unit.test_v09_installer_failure_bundle.InstallerFailureBundleTests.test_bundle_is_private_allowlisted_and_works_without_active_release) ... ok
test_bundle_merges_canonical_support_once_and_names_installer_members (tests.unit.test_v09_installer_failure_bundle.InstallerFailureBundleTests.test_bundle_merges_canonical_support_once_and_names_installer_members) ... ok
test_explicit_output_dir_must_preexist (tests.unit.test_v09_installer_failure_bundle.InstallerFailureBundleTests.test_explicit_output_dir_must_preexist) ... ok
test_invalid_record_profile_is_unknown_not_development (tests.unit.test_v09_release_identity.RuntimeReleaseIdentityTests.test_invalid_record_profile_is_unknown_not_development) ... ok
test_package_anchor_preserves_identity_when_venv_python_symlink_resolves_outside_release (tests.unit.test_v09_release_identity.RuntimeReleaseIdentityTests.test_package_anchor_preserves_identity_when_venv_python_symlink_resolves_outside_release) ... ok
test_source_tree_is_development (tests.unit.test_v09_release_identity.RuntimeReleaseIdentityTests.test_source_tree_is_development) ... ok
test_voice_runtime_wrappers_use_package_identity_not_sys_executable (tests.unit.test_v09_release_identity.RuntimeReleaseIdentityTests.test_voice_runtime_wrappers_use_package_identity_not_sys_executable) ... ok
test_bootstrap_owns_source_record_preflight_and_installer_handoff (tests.unit.test_v09_responsibility_boundaries.V09ResponsibilityBoundaryTests.test_bootstrap_owns_source_record_preflight_and_installer_handoff) ... ok
test_critical_responsibilities_have_exactly_one_declared_owner (tests.unit.test_v09_responsibility_boundaries.V09ResponsibilityBoundaryTests.test_critical_responsibilities_have_exactly_one_declared_owner) ... ok
test_installer_owns_dag_readiness_and_failure_bundle (tests.unit.test_v09_responsibility_boundaries.V09ResponsibilityBoundaryTests.test_installer_owns_dag_readiness_and_failure_bundle) ... ok
test_launcher_is_acquisition_and_bootstrap_delegation_only (tests.unit.test_v09_responsibility_boundaries.V09ResponsibilityBoundaryTests.test_launcher_is_acquisition_and_bootstrap_delegation_only) ... ok
test_installer_gates_appliance_readiness_on_runtime_context (tests.unit.test_v09_runtime_context_preflight.RuntimeContextPreflightTests.test_installer_gates_appliance_readiness_on_runtime_context) ... ok
test_missing_runtime_environment_fails_require_ready (tests.unit.test_v09_runtime_context_preflight.RuntimeContextPreflightTests.test_missing_runtime_environment_fails_require_ready) ... [ERROR] code=RUNTIME_CONTEXT_NOT_READY message=service/user-session runtime context is incomplete remediation=rerun service/Bluetooth convergence and inspect the generated runtime environment and user manager
ok
test_pipewire_requirement_checks_user_manager_services_and_pulse (tests.unit.test_v09_runtime_context_preflight.RuntimeContextPreflightTests.test_pipewire_requirement_checks_user_manager_services_and_pulse) ... ok
test_service_unit_contract_preserves_environment_independence (tests.unit.test_v09_runtime_context_preflight.RuntimeContextPreflightTests.test_service_unit_contract_preserves_environment_independence) ... ok
test_structural_context_can_be_ready_without_claiming_physical_audio (tests.unit.test_v09_runtime_context_preflight.RuntimeContextPreflightTests.test_structural_context_can_be_ready_without_claiming_physical_audio) ... ok
test_campaign_reports_every_invalid_read_and_never_claims_physical_acceptance (tests.unit.test_v09_sht31_diagnostic.SHT31DiagnosticTests.test_campaign_reports_every_invalid_read_and_never_claims_physical_acceptance) ... ok
test_campaign_turns_heater_off_before_room_monitoring (tests.unit.test_v09_sht31_diagnostic.SHT31DiagnosticTests.test_campaign_turns_heater_off_before_room_monitoring) ... ok
test_discover_accepts_exactly_one_valid_supported_address (tests.unit.test_v09_sht31_diagnostic.SHT31DiagnosticTests.test_discover_accepts_exactly_one_valid_supported_address) ... ok
test_discover_rejects_ambiguous_two_sensor_result (tests.unit.test_v09_sht31_diagnostic.SHT31DiagnosticTests.test_discover_rejects_ambiguous_two_sensor_result) ... ok
test_discover_rejects_no_valid_sensor (tests.unit.test_v09_sht31_diagnostic.SHT31DiagnosticTests.test_discover_rejects_no_valid_sensor) ... ok
test_json_output_is_bounded_and_marks_acceptance_false (tests.unit.test_v09_sht31_diagnostic.SHT31DiagnosticTests.test_json_output_is_bounded_and_marks_acceptance_false) ... ok
test_usage_rejects_unsupported_address_without_opening_sensor (tests.unit.test_v09_sht31_diagnostic.SHT31DiagnosticTests.test_usage_rejects_unsupported_address_without_opening_sensor) ... ok
test_atomic_output_is_private_machine_readable_and_replaced (tests.unit.test_v09_target_preflight.TargetPreflightTests.test_atomic_output_is_private_machine_readable_and_replaced) ... ok
test_identity_phase_includes_operator_without_granting_raw_gpio_or_i2c (tests.unit.test_v09_target_preflight.TargetPreflightTests.test_identity_phase_includes_operator_without_granting_raw_gpio_or_i2c) ... ok
test_optional_i2c_gap_does_not_fail_generic_prerequisite_report (tests.unit.test_v09_target_preflight.TargetPreflightTests.test_optional_i2c_gap_does_not_fail_generic_prerequisite_report) ... ok
test_required_failure_fails_closed (tests.unit.test_v09_target_preflight.TargetPreflightTests.test_required_failure_fails_closed) ... ok
test_absent_sht31_fixture_fails_closed (tests.unit.test_v09_target_probe.TargetProbeTests.test_absent_sht31_fixture_fails_closed) ... ok
test_ambiguous_audio_fixture_fails_closed (tests.unit.test_v09_target_probe.TargetProbeTests.test_ambiguous_audio_fixture_fails_closed) ... ok
test_atomic_output_is_private_and_replaced (tests.unit.test_v09_target_probe.TargetProbeTests.test_atomic_output_is_private_and_replaced) ... ok
test_capability_ready_fixture_replays_full_target_shadow_gate (tests.unit.test_v09_target_probe.TargetProbeTests.test_capability_ready_fixture_replays_full_target_shadow_gate) ... ok
test_checkpoint34_duplicate_rp1_alias_fixture_replays_pass (tests.unit.test_v09_target_probe.TargetProbeTests.test_checkpoint34_duplicate_rp1_alias_fixture_replays_pass) ... ok
test_checkpoint43_readiness_identity_mismatch_fixture_fails_closed (tests.unit.test_v09_target_probe.TargetProbeTests.test_checkpoint43_readiness_identity_mismatch_fixture_fails_closed) ... ok
test_ckpt42_runtime_audio_failure_fixture_fails_functional_capture_gate (tests.unit.test_v09_target_probe.TargetProbeTests.test_ckpt42_runtime_audio_failure_fixture_fails_functional_capture_gate) ... ok
test_cli_replay_exit_codes (tests.unit.test_v09_target_probe.TargetProbeTests.test_cli_replay_exit_codes) ... ok
test_cli_replay_exit_codes_for_capability_fixtures (tests.unit.test_v09_target_probe.TargetProbeTests.test_cli_replay_exit_codes_for_capability_fixtures) ... ok
test_cli_replay_exit_codes_for_i2c_environment_fixtures (tests.unit.test_v09_target_probe.TargetProbeTests.test_cli_replay_exit_codes_for_i2c_environment_fixtures) ... ok
test_cli_replay_exit_codes_for_lifecycle_runtime_fixtures (tests.unit.test_v09_target_probe.TargetProbeTests.test_cli_replay_exit_codes_for_lifecycle_runtime_fixtures) ... ok
test_dirty_release_state_fixture_fails_closed (tests.unit.test_v09_target_probe.TargetProbeTests.test_dirty_release_state_fixture_fails_closed) ... ok
test_distinct_duplicate_header_fixture_fails_closed (tests.unit.test_v09_target_probe.TargetProbeTests.test_distinct_duplicate_header_fixture_fails_closed) ... ok
test_full_real_environment_fixture_requires_relay_gpio23_even_when_gpio_is_not_top_level_required (tests.unit.test_v09_target_probe.TargetProbeTests.test_full_real_environment_fixture_requires_relay_gpio23_even_when_gpio_is_not_top_level_required) ... ok
test_full_simulation_environment_profile_does_not_require_physical_i2c_or_gpio (tests.unit.test_v09_target_probe.TargetProbeTests.test_full_simulation_environment_profile_does_not_require_physical_i2c_or_gpio) ... ok
test_i2c_reboot_required_fixture_fails_closed (tests.unit.test_v09_target_probe.TargetProbeTests.test_i2c_reboot_required_fixture_fails_closed) ... ok
test_i2c_sht31_ready_full_real_fixture_replays_full_gate (tests.unit.test_v09_target_probe.TargetProbeTests.test_i2c_sht31_ready_full_real_fixture_replays_full_gate) ... ok
test_interrupted_model_finalization_fixture_fails_model_gate (tests.unit.test_v09_target_probe.TargetProbeTests.test_interrupted_model_finalization_fixture_fails_model_gate) ... ok
test_live_gpio_collection_records_canonical_identity_and_alias_paths (tests.unit.test_v09_target_probe.TargetProbeTests.test_live_gpio_collection_records_canonical_identity_and_alias_paths) ... ok
test_low_disk_fixture_fails_resource_capacity (tests.unit.test_v09_target_probe.TargetProbeTests.test_low_disk_fixture_fails_resource_capacity) ... ok
test_manifest_capture_is_content_free_and_non_actuating (tests.unit.test_v09_target_probe.TargetProbeTests.test_manifest_capture_is_content_free_and_non_actuating) ... ok
test_missing_service_identity_fixture_fails_closed (tests.unit.test_v09_target_probe.TargetProbeTests.test_missing_service_identity_fixture_fails_closed) ... ok
test_noncurrent_corrupt_history_fixture_remains_candidate_safe (tests.unit.test_v09_target_probe.TargetProbeTests.test_noncurrent_corrupt_history_fixture_remains_candidate_safe) ... ok
test_old_systemd_units_fixture_fails_runtime (tests.unit.test_v09_target_probe.TargetProbeTests.test_old_systemd_units_fixture_fails_runtime) ... ok
test_operator_missing_control_group_fixture_fails_identity (tests.unit.test_v09_target_probe.TargetProbeTests.test_operator_missing_control_group_fixture_fails_identity) ... ok
test_partial_installer_state_fixture_fails_closed (tests.unit.test_v09_target_probe.TargetProbeTests.test_partial_installer_state_fixture_fails_closed) ... ok
test_readiness_identity_accepts_current_release_and_profile (tests.unit.test_v09_target_probe.TargetProbeTests.test_readiness_identity_accepts_current_release_and_profile) ... ok
test_release_lifecycle_ready_fixture_tolerates_noncurrent_corrupt_history_and_python_caches (tests.unit.test_v09_target_probe.TargetProbeTests.test_release_lifecycle_ready_fixture_tolerates_noncurrent_corrupt_history_and_python_caches) ... ok
test_runtime_authoritative_drift_fixture_fails_lifecycle (tests.unit.test_v09_target_probe.TargetProbeTests.test_runtime_authoritative_drift_fixture_fails_lifecycle) ... ok
test_service_restart_failure_fixture_fails_runtime (tests.unit.test_v09_target_probe.TargetProbeTests.test_service_restart_failure_fixture_fails_runtime) ... ok
test_stale_release_temp_artifact_fixture_fails_lifecycle (tests.unit.test_v09_target_probe.TargetProbeTests.test_stale_release_temp_artifact_fixture_fails_lifecycle) ... ok
test_support_wrong_release_fixture_fails_lifecycle (tests.unit.test_v09_target_probe.TargetProbeTests.test_support_wrong_release_fixture_fails_lifecycle) ... ok
test_false_physical_claim_is_rejected (tests.unit.test_v09_user_test_readiness.UserTestReadinessValidationTests.test_false_physical_claim_is_rejected) ... ok
test_missing_required_simulation_step_is_rejected (tests.unit.test_v09_user_test_readiness.UserTestReadinessValidationTests.test_missing_required_simulation_step_is_rejected) ... ok
test_unknown_manifest_commit_is_rejected_when_repository_commit_is_known (tests.unit.test_v09_user_test_readiness.UserTestReadinessValidationTests.test_unknown_manifest_commit_is_rejected_when_repository_commit_is_known) ... ok
test_valid_simulation_manifest_keeps_physical_gates_open (tests.unit.test_v09_user_test_readiness.UserTestReadinessValidationTests.test_valid_simulation_manifest_keeps_physical_gates_open) ... ok
test_wrong_commit_is_rejected (tests.unit.test_v09_user_test_readiness.UserTestReadinessValidationTests.test_wrong_commit_is_rejected) ... ok
test_brain_probe_warms_inference_without_adding_history (tests.unit.test_voice_appliance.ConversationContractTests.test_brain_probe_warms_inference_without_adding_history) ... ok
test_plain_chat_disables_thinking_without_json_format (tests.unit.test_voice_appliance.ConversationContractTests.test_plain_chat_disables_thinking_without_json_format) ... ok
test_one_turn_is_capture_transcribe_generate_speak_without_persistence (tests.unit.test_voice_appliance.VoiceTurnTests.test_one_turn_is_capture_transcribe_generate_speak_without_persistence) ... ok
test_ready_is_published_only_after_real_ready_announcement_playback (tests.unit.test_voice_appliance.VoiceTurnTests.test_ready_is_published_only_after_real_ready_announcement_playback) ... ok
test_silence_does_not_drop_wake_runtime_readiness (tests.unit.test_voice_appliance.VoiceTurnTests.test_silence_does_not_drop_wake_runtime_readiness) ... ok
test_transition_announcer_returns_one_priority_message_without_daemon_audio_ownership (tests.unit.test_voice_appliance.VoiceTurnTests.test_transition_announcer_returns_one_priority_message_without_daemon_audio_ownership) ... ok
test_wake_turn_uses_pipelined_standby_and_separate_question_window (tests.unit.test_voice_appliance.VoiceTurnTests.test_wake_turn_uses_pipelined_standby_and_separate_question_window) ... ok
test_alsa_card_parser_and_unique_selector (tests.unit.test_voice_appliance.VoiceWakeTests.test_alsa_card_parser_and_unique_selector) ... ok
test_audio_constructor_defers_physical_route_resolution_until_readiness (tests.unit.test_voice_appliance.VoiceWakeTests.test_audio_constructor_defers_physical_route_resolution_until_readiness) ... ok
test_audio_failure_classifier_preserves_actionable_reason_classes (tests.unit.test_voice_appliance.VoiceWakeTests.test_audio_failure_classifier_preserves_actionable_reason_classes) ... ok
test_auto_selector_fails_closed_for_multiple_usb_cards (tests.unit.test_voice_appliance.VoiceWakeTests.test_auto_selector_fails_closed_for_multiple_usb_cards) ... ok
test_auto_selector_prefers_one_usb_card_over_hdmi (tests.unit.test_voice_appliance.VoiceWakeTests.test_auto_selector_prefers_one_usb_card_over_hdmi) ... ok
test_bluetooth_routes_are_used_when_no_wired_route_exists (tests.unit.test_voice_appliance.VoiceWakeTests.test_bluetooth_routes_are_used_when_no_wired_route_exists) ... ok
test_cancelled_capture_does_not_fall_through_to_another_audio_route (tests.unit.test_voice_appliance.VoiceWakeTests.test_cancelled_capture_does_not_fall_through_to_another_audio_route) ... ok
test_capture_falls_through_wired_then_bluetooth_candidates (tests.unit.test_voice_appliance.VoiceWakeTests.test_capture_falls_through_wired_then_bluetooth_candidates) ... ok
test_gonken_default_aliases_match_split_tokens_errors_and_legacy_hey_form (tests.unit.test_voice_appliance.VoiceWakeTests.test_gonken_default_aliases_match_split_tokens_errors_and_legacy_hey_form) ... ok
test_managed_bluetooth_ignores_unrelated_pipewire_endpoint (tests.unit.test_voice_appliance.VoiceWakeTests.test_managed_bluetooth_ignores_unrelated_pipewire_endpoint) ... ok
test_pipewire_usb_outranks_direct_usb_and_bluetooth (tests.unit.test_voice_appliance.VoiceWakeTests.test_pipewire_usb_outranks_direct_usb_and_bluetooth) ... ok
test_processing_cue_plan_cancels_unstarted_cues_when_answer_is_ready (tests.unit.test_voice_appliance.VoiceWakeTests.test_processing_cue_plan_cancels_unstarted_cues_when_answer_is_ready) ... ok
test_pulse_capture_uses_raw_pcm_then_owns_wav_finalization (tests.unit.test_voice_appliance.VoiceWakeTests.test_pulse_capture_uses_raw_pcm_then_owns_wav_finalization) ... ok
test_raw_pcm_wrapper_produces_canonical_mono_s16_wav (tests.unit.test_voice_appliance.VoiceWakeTests.test_raw_pcm_wrapper_produces_canonical_mono_s16_wav) ... ok
test_rolling_wake_matcher_carries_short_tail_across_capture_windows (tests.unit.test_voice_appliance.VoiceWakeTests.test_rolling_wake_matcher_carries_short_tail_across_capture_windows) ... ok
test_transition_announcement_text_preserves_simulation_and_motion_boundary (tests.unit.test_voice_appliance.VoiceWakeTests.test_transition_announcement_text_preserves_simulation_and_motion_boundary) ... ok
test_wake_capture_pipeline_keeps_capturing_and_drops_stale_backlog (tests.unit.test_voice_appliance.VoiceWakeTests.test_wake_capture_pipeline_keeps_capturing_and_drops_stale_backlog) ... ok
test_wake_phrase_matches_punctuation_and_one_edit_for_long_brand_token (tests.unit.test_voice_appliance.VoiceWakeTests.test_wake_phrase_matches_punctuation_and_one_edit_for_long_brand_token) ... ok
test_wired_routes_outrank_connected_bluetooth_when_both_exist (tests.unit.test_voice_appliance.VoiceWakeTests.test_wired_routes_outrank_connected_bluetooth_when_both_exist) ... ok
test_autoconnect_status_detects_managed_template_drift (tests.unit.test_x4_bluetooth_manager.BluetoothManagerTests.test_autoconnect_status_detects_managed_template_drift) ... ok
test_autoconnect_unit_is_bounded_to_one_managed_record (tests.unit.test_x4_bluetooth_manager.BluetoothManagerTests.test_autoconnect_unit_is_bounded_to_one_managed_record) ... ok
test_connected_headset_status_allows_capture_to_be_proven_by_appliance_gate (tests.unit.test_x4_bluetooth_manager.BluetoothManagerTests.test_connected_headset_status_allows_capture_to_be_proven_by_appliance_gate) ... ok
test_connected_headset_status_fails_early_without_any_capture_route (tests.unit.test_x4_bluetooth_manager.BluetoothManagerTests.test_connected_headset_status_fails_early_without_any_capture_route) ... ok
test_device_record_round_trip_is_closed_schema (tests.unit.test_x4_bluetooth_manager.BluetoothManagerTests.test_device_record_round_trip_is_closed_schema) ... ok
test_direct_capture_fallback_prefers_one_usb_card_and_ignores_hdmi (tests.unit.test_x4_bluetooth_manager.BluetoothManagerTests.test_direct_capture_fallback_prefers_one_usb_card_and_ignores_hdmi) ... ok
test_direct_capture_fallback_refuses_ambiguous_usb_cards (tests.unit.test_x4_bluetooth_manager.BluetoothManagerTests.test_direct_capture_fallback_refuses_ambiguous_usb_cards) ... ok
test_direct_playback_fallback_prefers_one_usb_card_and_ignores_hdmi (tests.unit.test_x4_bluetooth_manager.BluetoothManagerTests.test_direct_playback_fallback_prefers_one_usb_card_and_ignores_hdmi) ... ok
test_direct_status_accepts_deterministic_usb_duplex_without_bluetooth (tests.unit.test_x4_bluetooth_manager.BluetoothManagerTests.test_direct_status_accepts_deterministic_usb_duplex_without_bluetooth) ... ok
test_direct_status_refuses_missing_or_ambiguous_direct_audio (tests.unit.test_x4_bluetooth_manager.BluetoothManagerTests.test_direct_status_refuses_missing_or_ambiguous_direct_audio) ... ok
test_disconnected_preferred_bluetooth_status_accepts_direct_audio_fallback (tests.unit.test_x4_bluetooth_manager.BluetoothManagerTests.test_disconnected_preferred_bluetooth_status_accepts_direct_audio_fallback) ... ok
test_exact_mac_reuses_known_audio_identity_before_scanning (tests.unit.test_x4_bluetooth_manager.BluetoothManagerTests.test_exact_mac_reuses_known_audio_identity_before_scanning) ... [PAUSED] code=I2C_REBOOT_REQUIRED configured=true device_exists=false action=reboot_then_resume_same_installer
[OK] code=I2C_STATUS status=NOT_READY device_exists=false user_i2c_group=true service_user_can_open=false
[OK] code=RUNTIME_CONTEXT status=NOT_READY user=gonken-agent runtime_env=false runtime_dir=false linger=false user_manager=false pipewire_required=false physical_audio_claimed=false
[OK] code=BLUETOOTH_AUDIO_STATUS state=connected output_nodes=1 input_nodes=0 direct_fallback=no
[OK] code=AUDIO_DIRECT_FALLBACK_READY input=plughw:CARD=A01,DEV=0 output=plughw:CARD=A01,DEV=0
[OK] code=BLUETOOTH_AUDIO_STATUS state=paired_offline_direct_fallback output_nodes=0 input_nodes=0 direct_fallback=yes
[FOUND] code=BLUETOOTH_DEVICE_KNOWN address=AA:BB:CC:DD:EE:FF name=Known Headset paired=true
ok
test_fix6_pairing_step_revalidates_connected_output_route (tests.unit.test_x4_bluetooth_manager.BluetoothManagerTests.test_fix6_pairing_step_revalidates_connected_output_route) ... ok
test_headless_wireplumber_fragment_disables_logind_seat_monitoring (tests.unit.test_x4_bluetooth_manager.BluetoothManagerTests.test_headless_wireplumber_fragment_disables_logind_seat_monitoring) ... ok
test_headset_profile_prefers_available_msbc_capture_profile (tests.unit.test_x4_bluetooth_manager.BluetoothManagerTests.test_headset_profile_prefers_available_msbc_capture_profile) ... ok
test_installer_explicitly_provisions_pipewire_bluetooth_plugin (tests.unit.test_x4_bluetooth_manager.BluetoothManagerTests.test_installer_explicitly_provisions_pipewire_bluetooth_plugin) ... ok
test_known_fix4_autoconnect_unit_is_upgraded_exactly (tests.unit.test_x4_bluetooth_manager.BluetoothManagerTests.test_known_fix4_autoconnect_unit_is_upgraded_exactly) ... ok
test_pairing_allows_output_only_headset_for_direct_microphone_fallback (tests.unit.test_x4_bluetooth_manager.BluetoothManagerTests.test_pairing_allows_output_only_headset_for_direct_microphone_fallback) ... [OK] code=BLUETOOTH_AUTOCONNECT_MANAGED_UPGRADE path=/tmp/tmpuvcxqfv3/gonken-bluetooth-autoconnect.service
[OK] code=BLUETOOTH_AUTOCONNECT_INSTALLED
[RUNNING] code=BLUETOOTH_PAIR address=AA:BB:CC:DD:EE:FF name=Lab Headset
[OK] code=BLUETOOTH_AUDIO_PAIRED address=AA:BB:CC:DD:EE:FF name=Lab Headset output=bluetooth_ready microphone=direct_ready:plughw:CARD=Mic,DEV=0
ok
test_pairing_busy_bluetooth_continues_with_deterministic_direct_audio (tests.unit.test_x4_bluetooth_manager.BluetoothManagerTests.test_pairing_busy_bluetooth_continues_with_deterministic_direct_audio) ... [RUNNING] code=BLUETOOTH_PAIR address=41:42:06:42:05:80 name=AIRHUG 01
[WARN] code=BLUETOOTH_OPTIONAL_UNAVAILABLE address=41:42:06:42:05:80 fallback_input=plughw:CARD=A01,DEV=0 fallback_output=plughw:CARD=A01,DEV=0 remediation=autoconnect_will_retry_later
[OK] code=AUDIO_DIRECT_FALLBACK_READY input=plughw:CARD=A01,DEV=0 output=plughw:CARD=A01,DEV=0
ok
test_pairing_busy_bluetooth_without_direct_audio_still_fails (tests.unit.test_x4_bluetooth_manager.BluetoothManagerTests.test_pairing_busy_bluetooth_without_direct_audio_still_fails) ... [RUNNING] code=BLUETOOTH_PAIR address=41:42:06:42:05:80 name=AIRHUG 01
ok
test_pairing_fails_early_when_headset_has_no_capture_route (tests.unit.test_x4_bluetooth_manager.BluetoothManagerTests.test_pairing_fails_early_when_headset_has_no_capture_route) ... [RUNNING] code=BLUETOOTH_PAIR address=AA:BB:CC:DD:EE:FF name=Lab Headset
ok
test_pairing_requires_verified_paired_trusted_connected_state (tests.unit.test_x4_bluetooth_manager.BluetoothManagerTests.test_pairing_requires_verified_paired_trusted_connected_state) ... [RUNNING] code=BLUETOOTH_PAIR address=AA:BB:CC:DD:EE:FF name=Lab Headset
[OK] code=BLUETOOTH_AUDIO_PAIRED address=AA:BB:CC:DD:EE:FF name=Lab Headset output=bluetooth_ready microphone=bluetooth_ready
ok
test_parse_capture_cards_matches_voice_runtime_alsa_identity (tests.unit.test_x4_bluetooth_manager.BluetoothManagerTests.test_parse_capture_cards_matches_voice_runtime_alsa_identity) ... ok
test_parse_devices_is_bounded_to_valid_mac_and_single_line_name (tests.unit.test_x4_bluetooth_manager.BluetoothManagerTests.test_parse_devices_is_bounded_to_valid_mac_and_single_line_name) ... ok
test_parse_info_distinguishes_output_and_headset_capability (tests.unit.test_x4_bluetooth_manager.BluetoothManagerTests.test_parse_info_distinguishes_output_and_headset_capability) ... ok
test_pipewire_nodes_return_each_matching_endpoint_once (tests.unit.test_x4_bluetooth_manager.BluetoothManagerTests.test_pipewire_nodes_return_each_matching_endpoint_once) ... ok
test_stack_status_requires_pipewire_bluetooth_plugin_package (tests.unit.test_x4_bluetooth_manager.BluetoothManagerTests.test_stack_status_requires_pipewire_bluetooth_plugin_package) ... ok
test_stack_status_requires_unblocked_powered_controller (tests.unit.test_x4_bluetooth_manager.BluetoothManagerTests.test_stack_status_requires_unblocked_powered_controller) ... ok

----------------------------------------------------------------------
Ran 142 tests in 25.743s

OK
