test_invalid_record_profile_is_unknown_not_development (tests.unit.test_v09_release_identity.RuntimeReleaseIdentityTests.test_invalid_record_profile_is_unknown_not_development) ... ok
test_package_anchor_preserves_identity_when_venv_python_symlink_resolves_outside_release (tests.unit.test_v09_release_identity.RuntimeReleaseIdentityTests.test_package_anchor_preserves_identity_when_venv_python_symlink_resolves_outside_release) ... ok
test_source_tree_is_development (tests.unit.test_v09_release_identity.RuntimeReleaseIdentityTests.test_source_tree_is_development) ... ok
test_voice_runtime_wrappers_use_package_identity_not_sys_executable (tests.unit.test_v09_release_identity.RuntimeReleaseIdentityTests.test_voice_runtime_wrappers_use_package_identity_not_sys_executable) ... ok
test_current_ready_can_retain_historical_failure_without_becoming_failed (tests.unit.test_v09_component_readiness.ComponentReadinessTests.test_current_ready_can_retain_historical_failure_without_becoming_failed) ... ok
test_document_is_versioned_and_never_claims_physical_acceptance (tests.unit.test_v09_component_readiness.ComponentReadinessTests.test_document_is_versioned_and_never_claims_physical_acceptance) ... ok
test_optional_degradation_can_complete_selected_profile (tests.unit.test_v09_component_readiness.ComponentReadinessTests.test_optional_degradation_can_complete_selected_profile) ... ok
test_required_failure_does_not_hide_independent_ready_component (tests.unit.test_v09_component_readiness.ComponentReadinessTests.test_required_failure_does_not_hide_independent_ready_component) ... ok
test_required_not_commissioned_is_distinct_from_failure (tests.unit.test_v09_component_readiness.ComponentReadinessTests.test_required_not_commissioned_is_distinct_from_failure) ... ok
test_unknown_status_is_rejected (tests.unit.test_v09_component_readiness.ComponentReadinessTests.test_unknown_status_is_rejected) ... ok
test_activate_is_level_triggered_when_ready_exists_on_first_poll (tests.unit.test_fix5_appliance_manager.ApplianceManagerTests.test_activate_is_level_triggered_when_ready_exists_on_first_poll) ... [RUNNING] code=APPLIANCE_START service=gonken-agent.service
[READY] code=APPLIANCE_READY service=gonken-agent.service wake_phrase=GonKen reboot_required=false
ok
test_activate_restarts_enabled_service_then_waits_for_ready (tests.unit.test_fix5_appliance_manager.ApplianceManagerTests.test_activate_restarts_enabled_service_then_waits_for_ready) ... [RUNNING] code=APPLIANCE_START service=gonken-agent.service
[READY] code=APPLIANCE_READY service=gonken-agent.service wake_phrase=Hey_Gonken reboot_required=false
ok
test_fix7_installer_revalidates_service_and_physical_readiness_contract (tests.unit.test_fix5_appliance_manager.ApplianceManagerTests.test_fix7_installer_revalidates_service_and_physical_readiness_contract) ... ok
test_pending_readiness_rejects_stale_process_and_exposes_causal_code (tests.unit.test_fix5_appliance_manager.ApplianceManagerTests.test_pending_readiness_rejects_stale_process_and_exposes_causal_code) ... ok
test_ready_record_is_bound_to_current_immutable_release_and_boot (tests.unit.test_fix5_appliance_manager.ApplianceManagerTests.test_ready_record_is_bound_to_current_immutable_release_and_boot) ... ok
test_ready_record_requires_content_free_runtime_contract (tests.unit.test_fix5_appliance_manager.ApplianceManagerTests.test_ready_record_requires_content_free_runtime_contract) ... ok
test_status_requires_enabled_active_and_runtime_ready_independently (tests.unit.test_fix5_appliance_manager.ApplianceManagerTests.test_status_requires_enabled_active_and_runtime_ready_independently) ... ok
test_capability_boundary_never_claims_speed_or_motion_feedback (tests.unit.test_v09_environment_policy.EnvironmentDomainTests.test_capability_boundary_never_claims_speed_or_motion_feedback) ... ok
test_mode_parser_accepts_operator_aliases_without_llm_authority (tests.unit.test_v09_environment_policy.EnvironmentDomainTests.test_mode_parser_accepts_operator_aliases_without_llm_authority) ... ok
test_sensor_reading_quality_rejects_crc_error_and_staleness (tests.unit.test_v09_environment_policy.EnvironmentDomainTests.test_sensor_reading_quality_rejects_crc_error_and_staleness) ... ok
test_corrupt_policy_file_fails_closed_instead_of_guessing_auto_defaults (tests.unit.test_v09_environment_policy.EnvironmentPolicyTests.test_corrupt_policy_file_fails_closed_instead_of_guessing_auto_defaults) ... ok
test_default_policy_is_manual_with_demonstration_thresholds (tests.unit.test_v09_environment_policy.EnvironmentPolicyTests.test_default_policy_is_manual_with_demonstration_thresholds) ... ok
test_generation_conflict_rejects_stale_policy_writer (tests.unit.test_v09_environment_policy.EnvironmentPolicyTests.test_generation_conflict_rejects_stale_policy_writer) ... ok
test_invalid_thresholds_and_dwell_are_rejected_before_persistence (tests.unit.test_v09_environment_policy.EnvironmentPolicyTests.test_invalid_thresholds_and_dwell_are_rejected_before_persistence) ... ok
test_mapping_contract_is_closed_and_round_trips (tests.unit.test_v09_environment_policy.EnvironmentPolicyTests.test_mapping_contract_is_closed_and_round_trips) ... ok
test_nonmutating_default_and_access_validation_do_not_create_policy (tests.unit.test_v09_environment_policy.EnvironmentPolicyTests.test_nonmutating_default_and_access_validation_do_not_create_policy) ... ok
test_permission_error_is_not_mislabeled_invalid_json (tests.unit.test_v09_environment_policy.EnvironmentPolicyTests.test_permission_error_is_not_mislabeled_invalid_json) ... ok
test_policy_store_creates_default_atomically_with_restricted_mode (tests.unit.test_v09_environment_policy.EnvironmentPolicyTests.test_policy_store_creates_default_atomically_with_restricted_mode) ... ok
test_policy_store_preserves_old_generation_when_new_policy_is_invalid (tests.unit.test_v09_environment_policy.EnvironmentPolicyTests.test_policy_store_preserves_old_generation_when_new_policy_is_invalid) ... ok
test_bounds_are_derived_from_static_config (tests.unit.test_v09_environment_daemon_activation.EnvironmentDaemonActivationTests.test_bounds_are_derived_from_static_config) ... ok
test_build_core_creates_default_policy_and_uses_injected_adapters_without_hardware_evidence (tests.unit.test_v09_environment_daemon_activation.EnvironmentDaemonActivationTests.test_build_core_creates_default_policy_and_uses_injected_adapters_without_hardware_evidence) ... ok
test_cli_env_serve_check_builds_config_without_starting_socket_or_claiming_physical_evidence (tests.unit.test_v09_environment_daemon_activation.EnvironmentDaemonActivationTests.test_cli_env_serve_check_builds_config_without_starting_socket_or_claiming_physical_evidence) ... ok
test_cli_env_serve_check_is_side_effect_free_when_policy_is_missing (tests.unit.test_v09_environment_daemon_activation.EnvironmentDaemonActivationTests.test_cli_env_serve_check_is_side_effect_free_when_policy_is_missing) ... ok
test_corrupt_policy_fails_closed_without_replacing_operator_file (tests.unit.test_v09_environment_daemon_activation.EnvironmentDaemonActivationTests.test_corrupt_policy_fails_closed_without_replacing_operator_file) ... ok
test_disabled_config_refuses_core_build (tests.unit.test_v09_environment_daemon_activation.EnvironmentDaemonActivationTests.test_disabled_config_refuses_core_build) ... ok
test_unix_server_uses_configured_socket_and_cleans_up_safe_off (tests.unit.test_v09_environment_daemon_activation.EnvironmentDaemonActivationTests.test_unix_server_uses_configured_socket_and_cleans_up_safe_off) ... ok
test_backward_compatible_sensor_deferred_wrapper (tests.unit.test_v09_environment_profile_manager.EnvironmentProfileManagerTests.test_backward_compatible_sensor_deferred_wrapper) ... ok
test_checkpoint43_manual_partial_environment_config_is_safely_completed (tests.unit.test_v09_environment_profile_manager.EnvironmentProfileManagerTests.test_checkpoint43_manual_partial_environment_config_is_safely_completed) ... ok
test_every_governed_profile_is_atomic_exact_and_idempotent (tests.unit.test_v09_environment_profile_manager.EnvironmentProfileManagerTests.test_every_governed_profile_is_atomic_exact_and_idempotent) ... ok
test_existing_unknown_admin_configuration_is_never_overwritten (tests.unit.test_v09_environment_profile_manager.EnvironmentProfileManagerTests.test_existing_unknown_admin_configuration_is_never_overwritten) ... ok
test_managed_profiles_transition_atomically_without_actuation (tests.unit.test_v09_environment_profile_manager.EnvironmentProfileManagerTests.test_managed_profiles_transition_atomically_without_actuation) ... ok
test_managed_real_sensor_profile_can_transition_between_44_and_45 (tests.unit.test_v09_environment_profile_manager.EnvironmentProfileManagerTests.test_managed_real_sensor_profile_can_transition_between_44_and_45) ... ok
test_partial_environment_config_with_conflicting_value_fails_closed (tests.unit.test_v09_environment_profile_manager.EnvironmentProfileManagerTests.test_partial_environment_config_with_conflicting_value_fails_closed) ... ok
test_profiles_cover_all_backend_parity_combinations_and_safe_off (tests.unit.test_v09_environment_profile_manager.EnvironmentProfileManagerTests.test_profiles_cover_all_backend_parity_combinations_and_safe_off) ... ok
test_real_sensor_profiles_pin_bus_address_and_high_repeatability (tests.unit.test_v09_environment_profile_manager.EnvironmentProfileManagerTests.test_real_sensor_profiles_pin_bus_address_and_high_repeatability) ... ok
test_real_sensor_profiles_support_only_governed_44_or_45_addresses (tests.unit.test_v09_environment_profile_manager.EnvironmentProfileManagerTests.test_real_sensor_profiles_support_only_governed_44_or_45_addresses) ... ok
test_simulated_sensor_profile_rejects_nondefault_sensor_address_flag (tests.unit.test_v09_environment_profile_manager.EnvironmentProfileManagerTests.test_simulated_sensor_profile_rejects_nondefault_sensor_address_flag) ... ok
test_status_can_require_exact_profile_without_mutating_site (tests.unit.test_v09_environment_profile_manager.EnvironmentProfileManagerTests.test_status_can_require_exact_profile_without_mutating_site) ... ok
test_symlink_site_is_refused (tests.unit.test_v09_environment_profile_manager.EnvironmentProfileManagerTests.test_symlink_site_is_refused) ... ok
test_conflicting_environment_unit_fails_closed (tests.unit.test_v09_environment_service_manager.EnvironmentServiceManagerTests.test_conflicting_environment_unit_fails_closed) ... ok
test_environment_unit_is_local_only_least_privilege_and_independent (tests.unit.test_v09_environment_service_manager.EnvironmentServiceManagerTests.test_environment_unit_is_local_only_least_privilege_and_independent) ... ok
test_install_status_remove_are_structural_and_do_not_enable_or_start (tests.unit.test_v09_environment_service_manager.EnvironmentServiceManagerTests.test_install_status_remove_are_structural_and_do_not_enable_or_start) ... ok
test_known_checkpoint43_temporary_dropin_is_removed_but_unknown_is_preserved_and_blocks (tests.unit.test_v09_environment_service_manager.EnvironmentServiceManagerTests.test_known_checkpoint43_temporary_dropin_is_removed_but_unknown_is_preserved_and_blocks) ... ok
test_non_actuating_profile_converges_enable_reset_restart_and_metadata (tests.unit.test_v09_environment_service_manager.EnvironmentServiceManagerTests.test_non_actuating_profile_converges_enable_reset_restart_and_metadata) ... ok
test_real_actuator_profile_requires_supervised_physical_commissioning (tests.unit.test_v09_environment_service_manager.EnvironmentServiceManagerTests.test_real_actuator_profile_requires_supervised_physical_commissioning) ... ok
test_tmpfiles_contract_uses_separate_state_and_socket_client_group (tests.unit.test_v09_environment_service_manager.EnvironmentServiceManagerTests.test_tmpfiles_contract_uses_separate_state_and_socket_client_group) ... ok
test_voice_service_has_soft_environment_dependency_only (tests.unit.test_v09_environment_service_manager.EnvironmentServiceManagerTests.test_voice_service_has_soft_environment_dependency_only) ... ok
test_appliance_readiness_record_is_bound_to_release_commit (tests.unit.test_v09_install_dependency_graph.TargetInstallDependencyGraphTests.test_appliance_readiness_record_is_bound_to_release_commit) ... ok
test_bluetooth_capture_route_is_proven_before_appliance_readiness (tests.unit.test_v09_install_dependency_graph.TargetInstallDependencyGraphTests.test_bluetooth_capture_route_is_proven_before_appliance_readiness) ... ok
test_bluetooth_preference_allows_direct_audio_fallback (tests.unit.test_v09_install_dependency_graph.TargetInstallDependencyGraphTests.test_bluetooth_preference_allows_direct_audio_fallback) ... ok
test_checkpoint32_managed_service_templates_are_accepted_as_upgrade_predecessors (tests.unit.test_v09_install_dependency_graph.TargetInstallDependencyGraphTests.test_checkpoint32_managed_service_templates_are_accepted_as_upgrade_predecessors) ... ok
test_environment_profile_and_commissioning_are_explicit_optional_boundaries (tests.unit.test_v09_install_dependency_graph.TargetInstallDependencyGraphTests.test_environment_profile_and_commissioning_are_explicit_optional_boundaries) ... ok
test_environment_service_precedes_application_service_and_stays_non_actuating (tests.unit.test_v09_install_dependency_graph.TargetInstallDependencyGraphTests.test_environment_service_precedes_application_service_and_stays_non_actuating) ... ok
test_gpio_identity_is_proven_non_actuating_before_services_and_appliance (tests.unit.test_v09_install_dependency_graph.TargetInstallDependencyGraphTests.test_gpio_identity_is_proven_non_actuating_before_services_and_appliance) ... ok
test_i2c_planned_pause_is_handled_before_failure_bundle (tests.unit.test_v09_install_dependency_graph.TargetInstallDependencyGraphTests.test_i2c_planned_pause_is_handled_before_failure_bundle) ... ok
test_post_seal_installer_and_services_disable_python_bytecode_writes (tests.unit.test_v09_install_dependency_graph.TargetInstallDependencyGraphTests.test_post_seal_installer_and_services_disable_python_bytecode_writes) ... ok
test_release_seal_and_runtime_checks_are_separate_current_release_gates (tests.unit.test_v09_install_dependency_graph.TargetInstallDependencyGraphTests.test_release_seal_and_runtime_checks_are_separate_current_release_gates) ... ok
test_runtime_context_is_transport_neutral_when_bluetooth_is_requested (tests.unit.test_v09_install_dependency_graph.TargetInstallDependencyGraphTests.test_runtime_context_is_transport_neutral_when_bluetooth_is_requested) ... ok
test_target_install_dependency_order_is_explicit (tests.unit.test_v09_install_dependency_graph.TargetInstallDependencyGraphTests.test_target_install_dependency_order_is_explicit) ... ok
test_bundle_is_private_allowlisted_and_works_without_active_release (tests.unit.test_v09_installer_failure_bundle.InstallerFailureBundleTests.test_bundle_is_private_allowlisted_and_works_without_active_release) ... ok
test_bundle_merges_canonical_support_once_and_names_installer_members (tests.unit.test_v09_installer_failure_bundle.InstallerFailureBundleTests.test_bundle_merges_canonical_support_once_and_names_installer_members) ... ok
test_explicit_output_dir_must_preexist (tests.unit.test_v09_installer_failure_bundle.InstallerFailureBundleTests.test_explicit_output_dir_must_preexist) ... ok
test_absent_sht31_fixture_fails_closed (tests.unit.test_v09_target_probe.TargetProbeTests.test_absent_sht31_fixture_fails_closed) ... ok
test_ambiguous_audio_fixture_fails_closed (tests.unit.test_v09_target_probe.TargetProbeTests.test_ambiguous_audio_fixture_fails_closed) ... ok
test_atomic_output_is_private_and_replaced (tests.unit.test_v09_target_probe.TargetProbeTests.test_atomic_output_is_private_and_replaced) ... ok
test_capability_ready_fixture_replays_full_target_shadow_gate (tests.unit.test_v09_target_probe.TargetProbeTests.test_capability_ready_fixture_replays_full_target_shadow_gate) ... ok
test_checkpoint34_duplicate_rp1_alias_fixture_replays_pass (tests.unit.test_v09_target_probe.TargetProbeTests.test_checkpoint34_duplicate_rp1_alias_fixture_replays_pass) ... ok
test_checkpoint43_readiness_identity_mismatch_fixture_fails_closed (tests.unit.test_v09_target_probe.TargetProbeTests.test_checkpoint43_readiness_identity_mismatch_fixture_fails_closed) ... ok
test_ckpt42_runtime_audio_failure_fixture_fails_functional_capture_gate (tests.unit.test_v09_target_probe.TargetProbeTests.test_ckpt42_runtime_audio_failure_fixture_fails_functional_capture_gate) ... ok
test_cli_replay_exit_codes (tests.unit.test_v09_target_probe.TargetProbeTests.test_cli_replay_exit_codes) ... ok
test_cli_replay_exit_codes_for_capability_fixtures (tests.unit.test_v09_target_probe.TargetProbeTests.test_cli_replay_exit_codes_for_capability_fixtures) ... ok
test_cli_replay_exit_codes_for_i2c_environment_fixtures (tests.unit.test_v09_target_probe.TargetProbeTests.test_cli_replay_exit_codes_for_i2c_environment_fixtures) ... ok
test_cli_replay_exit_codes_for_lifecycle_runtime_fixtures (tests.unit.test_v09_target_probe.TargetProbeTests.test_cli_replay_exit_codes_for_lifecycle_runtime_fixtures) ... ok
test_dirty_release_state_fixture_fails_closed (tests.unit.test_v09_target_probe.TargetProbeTests.test_dirty_release_state_fixture_fails_closed) ... ok
test_distinct_duplicate_header_fixture_fails_closed (tests.unit.test_v09_target_probe.TargetProbeTests.test_distinct_duplicate_header_fixture_fails_closed) ... ok
test_full_real_environment_fixture_requires_relay_gpio23_even_when_gpio_is_not_top_level_required (tests.unit.test_v09_target_probe.TargetProbeTests.test_full_real_environment_fixture_requires_relay_gpio23_even_when_gpio_is_not_top_level_required) ... ok
test_full_simulation_environment_profile_does_not_require_physical_i2c_or_gpio (tests.unit.test_v09_target_probe.TargetProbeTests.test_full_simulation_environment_profile_does_not_require_physical_i2c_or_gpio) ... ok
test_i2c_reboot_required_fixture_fails_closed (tests.unit.test_v09_target_probe.TargetProbeTests.test_i2c_reboot_required_fixture_fails_closed) ... ok
test_i2c_sht31_ready_full_real_fixture_replays_full_gate (tests.unit.test_v09_target_probe.TargetProbeTests.test_i2c_sht31_ready_full_real_fixture_replays_full_gate) ... ok
test_interrupted_model_finalization_fixture_fails_model_gate (tests.unit.test_v09_target_probe.TargetProbeTests.test_interrupted_model_finalization_fixture_fails_model_gate) ... ok
test_live_gpio_collection_records_canonical_identity_and_alias_paths (tests.unit.test_v09_target_probe.TargetProbeTests.test_live_gpio_collection_records_canonical_identity_and_alias_paths) ... ok
test_low_disk_fixture_fails_resource_capacity (tests.unit.test_v09_target_probe.TargetProbeTests.test_low_disk_fixture_fails_resource_capacity) ... ok
test_manifest_capture_is_content_free_and_non_actuating (tests.unit.test_v09_target_probe.TargetProbeTests.test_manifest_capture_is_content_free_and_non_actuating) ... ok
test_missing_service_identity_fixture_fails_closed (tests.unit.test_v09_target_probe.TargetProbeTests.test_missing_service_identity_fixture_fails_closed) ... ok
test_noncurrent_corrupt_history_fixture_remains_candidate_safe (tests.unit.test_v09_target_probe.TargetProbeTests.test_noncurrent_corrupt_history_fixture_remains_candidate_safe) ... ok
test_old_systemd_units_fixture_fails_runtime (tests.unit.test_v09_target_probe.TargetProbeTests.test_old_systemd_units_fixture_fails_runtime) ... ok
test_operator_missing_control_group_fixture_fails_identity (tests.unit.test_v09_target_probe.TargetProbeTests.test_operator_missing_control_group_fixture_fails_identity) ... ok
test_partial_installer_state_fixture_fails_closed (tests.unit.test_v09_target_probe.TargetProbeTests.test_partial_installer_state_fixture_fails_closed) ... ok
test_readiness_identity_accepts_current_release_and_profile (tests.unit.test_v09_target_probe.TargetProbeTests.test_readiness_identity_accepts_current_release_and_profile) ... ok
test_release_lifecycle_ready_fixture_tolerates_noncurrent_corrupt_history_and_python_caches (tests.unit.test_v09_target_probe.TargetProbeTests.test_release_lifecycle_ready_fixture_tolerates_noncurrent_corrupt_history_and_python_caches) ... ok
test_runtime_authoritative_drift_fixture_fails_lifecycle (tests.unit.test_v09_target_probe.TargetProbeTests.test_runtime_authoritative_drift_fixture_fails_lifecycle) ... ok
test_service_restart_failure_fixture_fails_runtime (tests.unit.test_v09_target_probe.TargetProbeTests.test_service_restart_failure_fixture_fails_runtime) ... ok
test_stale_release_temp_artifact_fixture_fails_lifecycle (tests.unit.test_v09_target_probe.TargetProbeTests.test_stale_release_temp_artifact_fixture_fails_lifecycle) ... ok
test_support_wrong_release_fixture_fails_lifecycle (tests.unit.test_v09_target_probe.TargetProbeTests.test_support_wrong_release_fixture_fails_lifecycle) ... ok
test_human_report_has_exact_boundary_language (tests.unit.test_release_readiness.ReleaseReadinessTests.test_human_report_has_exact_boundary_language) ... ok
test_report_is_ready_for_target_acceptance_from_clean_tree (tests.unit.test_release_readiness.ReleaseReadinessTests.test_report_is_ready_for_target_acceptance_from_clean_tree) ... ok
test_target_acceptance_runbook_is_user_facing (tests.unit.test_release_readiness.ReleaseReadinessTests.test_target_acceptance_runbook_is_user_facing) ... ok
test_target_shadow_fixture_failure_blocks_readiness (tests.unit.test_release_readiness.ReleaseReadinessTests.test_target_shadow_fixture_failure_blocks_readiness) ... ok
test_bluetooth_audio_is_target_only_and_does_not_mutate_development_staging (tests.integration.test_bootstrap_preflight_process.BootstrapProcessTests.test_bluetooth_audio_is_target_only_and_does_not_mutate_development_staging) ... ok
test_default_routes_to_release_manager_and_never_legacy_setup (tests.integration.test_bootstrap_preflight_process.BootstrapProcessTests.test_default_routes_to_release_manager_and_never_legacy_setup) ... ok
test_development_preflight_process_writes_exact_private_manifest (tests.integration.test_bootstrap_preflight_process.BootstrapProcessTests.test_development_preflight_process_writes_exact_private_manifest) ... ok
test_environment_commissioning_is_target_only_and_does_not_mutate_development_staging (tests.integration.test_bootstrap_preflight_process.BootstrapProcessTests.test_environment_commissioning_is_target_only_and_does_not_mutate_development_staging) ... ok
test_invalid_environment_profile_is_rejected_before_staging (tests.integration.test_bootstrap_preflight_process.BootstrapProcessTests.test_invalid_environment_profile_is_rejected_before_staging) ... ok
test_unsupported_target_fails_before_network_or_staging (tests.integration.test_bootstrap_preflight_process.BootstrapProcessTests.test_unsupported_target_fails_before_network_or_staging) ... ok

----------------------------------------------------------------------
Ran 114 tests in 22.545s

OK
