# Checkpoint 14 release lifecycle decomposed slice evidence

## Affected fast slice
test_case_granularity_runs_each_unittest_method_with_separate_log (tests.unit.test_bounded_unittest_runner.BoundedUnittestRunnerTests.test_case_granularity_runs_each_unittest_method_with_separate_log) ... ok
test_ci_uses_bounded_runner_for_unit_and_integration_suites (tests.unit.test_bounded_unittest_runner.BoundedUnittestRunnerTests.test_ci_uses_bounded_runner_for_unit_and_integration_suites) ... ok
test_excluded_module_is_not_selected_during_discovery (tests.unit.test_bounded_unittest_runner.BoundedUnittestRunnerTests.test_excluded_module_is_not_selected_during_discovery) ... ok
test_failing_module_returns_nonzero_but_preserves_manifest (tests.unit.test_bounded_unittest_runner.BoundedUnittestRunnerTests.test_failing_module_returns_nonzero_but_preserves_manifest) ... ok
test_passing_module_writes_manifest_and_log (tests.unit.test_bounded_unittest_runner.BoundedUnittestRunnerTests.test_passing_module_writes_manifest_and_log) ... ok
test_timeout_module_returns_nonzero_and_kills_child (tests.unit.test_bounded_unittest_runner.BoundedUnittestRunnerTests.test_timeout_module_returns_nonzero_and_kills_child) ... ok
test_every_journal_switch_and_postcheck_boundary_reconciles (tests.integration.test_release_lifecycle_process.ActivationInterruptionTests.test_every_journal_switch_and_postcheck_boundary_reconciles) ... ok
test_failed_post_switch_smoke_rolls_back_previous (tests.integration.test_release_lifecycle_process.ActivationInterruptionTests.test_failed_post_switch_smoke_rolls_back_previous) ... ok
test_operator_rollback_script_restarts_service_after_validated_switch (tests.integration.test_release_lifecycle_process.ActivationInterruptionTests.test_operator_rollback_script_restarts_service_after_validated_switch) ... ok
test_candidate_finalize_boundaries_leave_recoverable_old_or_new_state (tests.integration.test_release_lifecycle_process.FinalizationInterruptionTests.test_candidate_finalize_boundaries_leave_recoverable_old_or_new_state) ... ok

----------------------------------------------------------------------
Ran 10 tests in 20.246s

OK

## Release-only build case
test_release_only_builds_activates_and_freezes_release (tests.integration.test_release_lifecycle_process.EndToEndReleaseTests.test_release_only_builds_activates_and_freezes_release) ... ok

----------------------------------------------------------------------
Ran 1 test in 14.594s

OK

## Release-only repeat/idempotency case
test_release_only_repeat_is_idempotent (tests.integration.test_release_lifecycle_process.EndToEndReleaseTests.test_release_only_repeat_is_idempotent) ... ok

----------------------------------------------------------------------
Ran 1 test in 21.052s

OK

## Default install target-boundary case
test_default_install_after_release_boundary_stops_before_target_only_steps (tests.integration.test_release_lifecycle_process.EndToEndReleaseTests.test_default_install_after_release_boundary_stops_before_target_only_steps) ... ok

----------------------------------------------------------------------
Ran 1 test in 20.765s

OK

## Low-space case
test_low_space_never_creates_or_switches_release (tests.integration.test_release_lifecycle_process.EndToEndReleaseTests.test_low_space_never_creates_or_switches_release) ... ok

----------------------------------------------------------------------
Ran 1 test in 5.312s

OK
