test_process_activation_migrates_from_post_verified_pre_bridge_target_release (tests.integration.test_release_lifecycle_process.TargetBridgeUpgradeCompatibilityTests.test_process_activation_migrates_from_post_verified_pre_bridge_target_release)
Exact checkpoint-29 target failure: reconcile old active, then activate bridge release. ... ok
test_every_journal_switch_and_postcheck_boundary_reconciles (tests.integration.test_release_lifecycle_process.ActivationInterruptionTests.test_every_journal_switch_and_postcheck_boundary_reconciles) ... ok
test_failed_post_switch_smoke_rolls_back_previous (tests.integration.test_release_lifecycle_process.ActivationInterruptionTests.test_failed_post_switch_smoke_rolls_back_previous) ... ok
test_operator_rollback_script_restarts_service_after_validated_switch (tests.integration.test_release_lifecycle_process.ActivationInterruptionTests.test_operator_rollback_script_restarts_service_after_validated_switch) ... ok
test_duplicate_or_permissive_record_fails_before_state_mutation (tests.integration.test_install_engine_process.InstallProcessTests.test_duplicate_or_permissive_record_fails_before_state_mutation) ... ok
test_engine_only_stops_before_release_provisioning (tests.integration.test_install_engine_process.InstallProcessTests.test_engine_only_stops_before_release_provisioning) ... ok
test_false_complete_state_is_repaired_from_probe_truth (tests.integration.test_install_engine_process.InstallProcessTests.test_false_complete_state_is_repaired_from_probe_truth) ... ok
test_good_probe_repairs_missing_advisory_state_without_action (tests.integration.test_install_engine_process.InstallProcessTests.test_good_probe_repairs_missing_advisory_state_without_action) ... ok
test_moved_remote_ref_fails_before_state_mutation (tests.integration.test_install_engine_process.InstallProcessTests.test_moved_remote_ref_fails_before_state_mutation) ... ok
test_record_is_data_and_never_shell_executed (tests.integration.test_install_engine_process.InstallProcessTests.test_record_is_data_and_never_shell_executed) ... ok
test_successful_engine_run_is_private_and_repeatable (tests.integration.test_install_engine_process.InstallProcessTests.test_successful_engine_run_is_private_and_repeatable) ... ok
test_abrupt_kill_leaves_recoverable_stale_state (tests.integration.test_install_engine_process.InterruptionProcessTests.test_abrupt_kill_leaves_recoverable_stale_state) ... ok
test_advisory_complete_state_never_overrides_failed_probe (tests.integration.test_install_engine_process.InterruptionProcessTests.test_advisory_complete_state_never_overrides_failed_probe) ... ok
test_term_interrupt_before_during_after_every_fake_step_then_converges (tests.integration.test_install_engine_process.InterruptionProcessTests.test_term_interrupt_before_during_after_every_fake_step_then_converges) ... ok
test_voice_daemon_unavailable_returns_truthful_failure_without_llm (tests.integration.test_v09_environment_voice_transaction.EnvironmentVoiceTransactionIntegrationTests.test_voice_daemon_unavailable_returns_truthful_failure_without_llm) ... ok
test_voice_fan_on_off_traverses_real_unix_protocol_without_llm_or_physical_claim (tests.integration.test_v09_environment_voice_transaction.EnvironmentVoiceTransactionIntegrationTests.test_voice_fan_on_off_traverses_real_unix_protocol_without_llm_or_physical_claim) ... ok
test_voice_sensor_query_uses_daemon_and_labels_simulated_reading (tests.integration.test_v09_environment_voice_transaction.EnvironmentVoiceTransactionIntegrationTests.test_voice_sensor_query_uses_daemon_and_labels_simulated_reading) ... ok

----------------------------------------------------------------------
Ran 17 tests in 22.558s

OK
