test_explicit_rollback_fails_without_previous_release (tests.unit.test_m3_3_release_manager.IntegrityAndPrivilegeTests.test_explicit_rollback_fails_without_previous_release) ... ok
test_explicit_rollback_returns_to_previous_validated_release (tests.unit.test_m3_3_release_manager.IntegrityAndPrivilegeTests.test_explicit_rollback_returns_to_previous_validated_release) ... ok
test_maintenance_lock_rejects_concurrent_state_mutation (tests.unit.test_m3_3_release_manager.IntegrityAndPrivilegeTests.test_maintenance_lock_rejects_concurrent_state_mutation) ... ok
test_payload_digest_rejects_post_build_tampering (tests.unit.test_m3_3_release_manager.IntegrityAndPrivilegeTests.test_payload_digest_rejects_post_build_tampering) ... ok
test_post_verified_journal_cannot_override_pointer_disagreement (tests.unit.test_m3_3_release_manager.IntegrityAndPrivilegeTests.test_post_verified_journal_cannot_override_pointer_disagreement) ... ok
test_pruning_keeps_only_active_and_previous_validated_releases (tests.unit.test_m3_3_release_manager.IntegrityAndPrivilegeTests.test_pruning_keeps_only_active_and_previous_validated_releases) ... ok
test_speech_and_service_maintenance_inputs_are_release_payload_contract (tests.unit.test_m3_3_release_manager.IntegrityAndPrivilegeTests.test_speech_and_service_maintenance_inputs_are_release_payload_contract) ... ok
test_target_privilege_and_nonlogin_account_contract_is_explicit (tests.unit.test_m3_3_release_manager.IntegrityAndPrivilegeTests.test_target_privilege_and_nonlogin_account_contract_is_explicit) ... ok
test_candidate_finalization_is_atomic_and_immutable (tests.unit.test_m3_3_release_manager.RecordAndPointerTests.test_candidate_finalization_is_atomic_and_immutable) ... ok
test_current_pointer_cannot_escape_release_namespace (tests.unit.test_m3_3_release_manager.RecordAndPointerTests.test_current_pointer_cannot_escape_release_namespace) ... ok
test_durable_record_is_private_and_exact (tests.unit.test_m3_3_release_manager.RecordAndPointerTests.test_durable_record_is_private_and_exact) ... ok
test_finalization_normalizes_restrictive_umask_modes_for_service_access (tests.unit.test_m3_3_release_manager.RecordAndPointerTests.test_finalization_normalizes_restrictive_umask_modes_for_service_access) ... ok
test_layout_has_private_state_and_constant_entrypoint (tests.unit.test_m3_3_release_manager.RecordAndPointerTests.test_layout_has_private_state_and_constant_entrypoint) ... ok
test_parser_rejects_unknown_duplicate_and_incomplete_records (tests.unit.test_m3_3_release_manager.RecordAndPointerTests.test_parser_rejects_unknown_duplicate_and_incomplete_records) ... ok
test_source_archive_rejects_traversal_and_links (tests.unit.test_m3_3_release_manager.RecordAndPointerTests.test_source_archive_rejects_traversal_and_links) ... ok
test_binding_allowlist_excludes_distribution_metadata_and_unrelated_packages (tests.unit.test_m3_3_release_manager.TargetRuntimeBindingTests.test_binding_allowlist_excludes_distribution_metadata_and_unrelated_packages) ... ok
test_binding_probe_covers_exact_runtime_apis (tests.unit.test_m3_3_release_manager.TargetRuntimeBindingTests.test_binding_probe_covers_exact_runtime_apis) ... ok
test_bridge_copies_only_allowlisted_import_payloads_and_records_provenance (tests.unit.test_m3_3_release_manager.TargetRuntimeBindingTests.test_bridge_copies_only_allowlisted_import_payloads_and_records_provenance) ... ok
test_installer_authorizes_invoking_operator_only_for_control_socket (tests.unit.test_m3_3_release_manager.TargetRuntimeBindingTests.test_installer_authorizes_invoking_operator_only_for_control_socket) ... ok
test_isolated_bridge_keeps_unrelated_broken_system_metadata_out_of_pip_check (tests.unit.test_m3_3_release_manager.TargetRuntimeBindingTests.test_isolated_bridge_keeps_unrelated_broken_system_metadata_out_of_pip_check) ... ok
test_normal_activation_still_rejects_unjournaled_pre_bridge_target_candidate (tests.unit.test_m3_3_release_manager.TargetRuntimeBindingTests.test_normal_activation_still_rejects_unjournaled_pre_bridge_target_candidate)
Compatibility must not become a bypass for arbitrary legacy candidates. ... ok
test_operator_rollback_can_return_to_state_bound_pre_bridge_previous_release (tests.unit.test_m3_3_release_manager.TargetRuntimeBindingTests.test_operator_rollback_can_return_to_state_bound_pre_bridge_previous_release)
The same migration boundary must preserve governed rollback semantics. ... ok
test_target_binding_validation_accepts_isolated_release_python_probe (tests.unit.test_m3_3_release_manager.TargetRuntimeBindingTests.test_target_binding_validation_accepts_isolated_release_python_probe) ... ok
test_target_binding_validation_rejects_broad_system_site_visibility (tests.unit.test_m3_3_release_manager.TargetRuntimeBindingTests.test_target_binding_validation_rejects_broad_system_site_visibility) ... ok
test_target_binding_validation_rejects_missing_bridge_manifest (tests.unit.test_m3_3_release_manager.TargetRuntimeBindingTests.test_target_binding_validation_rejects_missing_bridge_manifest) ... ok
test_target_binding_validation_rejects_release_python_import_failure (tests.unit.test_m3_3_release_manager.TargetRuntimeBindingTests.test_target_binding_validation_rejects_release_python_import_failure) ... ok
test_target_profile_uses_allowlisted_distro_binding_bridge_only_for_pi_core (tests.unit.test_m3_3_release_manager.TargetRuntimeBindingTests.test_target_profile_uses_allowlisted_distro_binding_bridge_only_for_pi_core) ... ok
test_upgrade_activation_accepts_only_state_bound_pre_bridge_current_release (tests.unit.test_m3_3_release_manager.TargetRuntimeBindingTests.test_upgrade_activation_accepts_only_state_bound_pre_bridge_current_release)
Reproduce the checkpoint-29 Pi failure and prove the migration fix. ... ok
test_human_report_has_exact_boundary_language (tests.unit.test_release_readiness.ReleaseReadinessTests.test_human_report_has_exact_boundary_language) ... ok
test_report_is_ready_for_target_acceptance_from_clean_tree (tests.unit.test_release_readiness.ReleaseReadinessTests.test_report_is_ready_for_target_acceptance_from_clean_tree) ... ok
test_target_acceptance_runbook_is_user_facing (tests.unit.test_release_readiness.ReleaseReadinessTests.test_target_acceptance_runbook_is_user_facing) ... ok
test_ci_t0_invokes_v09_documentation_validator (tests.unit.test_v09_documentation_hardening.V09DocumentationHardeningTests.test_ci_t0_invokes_v09_documentation_validator) ... ok
test_executed_simulation_milestones_have_no_stale_planned_rows (tests.unit.test_v09_documentation_hardening.V09DocumentationHardeningTests.test_executed_simulation_milestones_have_no_stale_planned_rows) ... ok
test_room_environment_docs_are_user_facing_and_boundary_safe (tests.unit.test_v09_documentation_hardening.V09DocumentationHardeningTests.test_room_environment_docs_are_user_facing_and_boundary_safe) ... ok
test_v09_documentation_validator_passes (tests.unit.test_v09_documentation_hardening.V09DocumentationHardeningTests.test_v09_documentation_validator_passes) ... ok
test_wake_default_examples_are_not_stale (tests.unit.test_v09_documentation_hardening.V09DocumentationHardeningTests.test_wake_default_examples_are_not_stale) ... ok
test_false_physical_claim_is_rejected (tests.unit.test_v09_user_test_readiness.UserTestReadinessValidationTests.test_false_physical_claim_is_rejected) ... ok
test_missing_required_simulation_step_is_rejected (tests.unit.test_v09_user_test_readiness.UserTestReadinessValidationTests.test_missing_required_simulation_step_is_rejected) ... ok
test_unknown_manifest_commit_is_rejected_when_repository_commit_is_known (tests.unit.test_v09_user_test_readiness.UserTestReadinessValidationTests.test_unknown_manifest_commit_is_rejected_when_repository_commit_is_known) ... ok
test_valid_simulation_manifest_keeps_physical_gates_open (tests.unit.test_v09_user_test_readiness.UserTestReadinessValidationTests.test_valid_simulation_manifest_keeps_physical_gates_open) ... ok
test_wrong_commit_is_rejected (tests.unit.test_v09_user_test_readiness.UserTestReadinessValidationTests.test_wrong_commit_is_rejected) ... ok

----------------------------------------------------------------------
Ran 41 tests in 5.382s

OK
[OK] code=ACTIVATION_RECONCILED phase=post_verified commit=cccccccccccccccccccccccccccccccccccccccc
[OK] code=ACTIVATION_RECONCILED phase=post_verified commit=cccccccccccccccccccccccccccccccccccccccc
[OK] code=ROLLBACK_COMPLETE commit=bbbbbbbbbbbbbbbbbbbbbbbbbbbbbbbbbbbbbbbb
[OK] code=ACTIVATION_HEALTHY commit=bbbbbbbbbbbbbbbbbbbbbbbbbbbbbbbbbbbbbbbb
[OK] code=ACTIVATION_EMPTY
[OK] code=ACTIVATION_RECONCILED phase=post_verified commit=5555555555555555555555555555555555555555
[OK] code=RELEASE_LEGACY_TRANSITION_SOURCE commit=6666666666666666666666666666666666666666 profile=core-pi-trixie-py313 runtime_policy=bounded_cli_smoke
[OK] code=RELEASE_LEGACY_TRANSITION_SOURCE commit=6666666666666666666666666666666666666666 profile=core-pi-trixie-py313 runtime_policy=bounded_cli_smoke
[OK] code=ROLLBACK_COMPLETE commit=6666666666666666666666666666666666666666
