[T1] unit suite (bounded per module)
[RUN] module=tests.unit.test_bounded_unittest_runner timeout=180s log=/mnt/data/gonken_checkpoint19_work/gonkenlabagent-v09-operator-simulation-checkpoint-18/build/ci-logs/unit/tests_unit_test_bounded_unittest_runner.log
[PASS] module=tests.unit.test_bounded_unittest_runner seconds=7.2
[RUN] module=tests.unit.test_diagnostics_snapshot timeout=180s log=/mnt/data/gonken_checkpoint19_work/gonkenlabagent-v09-operator-simulation-checkpoint-18/build/ci-logs/unit/tests_unit_test_diagnostics_snapshot.log
[PASS] module=tests.unit.test_diagnostics_snapshot seconds=0.9
[RUN] module=tests.unit.test_fix5_appliance_manager timeout=180s log=/mnt/data/gonken_checkpoint19_work/gonkenlabagent-v09-operator-simulation-checkpoint-18/build/ci-logs/unit/tests_unit_test_fix5_appliance_manager.log
[PASS] module=tests.unit.test_fix5_appliance_manager seconds=0.6
[RUN] module=tests.unit.test_grounding_observability timeout=180s log=/mnt/data/gonken_checkpoint19_work/gonkenlabagent-v09-operator-simulation-checkpoint-18/build/ci-logs/unit/tests_unit_test_grounding_observability.log
[PASS] module=tests.unit.test_grounding_observability seconds=0.8
[RUN] module=tests.unit.test_legacy_router timeout=180s log=/mnt/data/gonken_checkpoint19_work/gonkenlabagent-v09-operator-simulation-checkpoint-18/build/ci-logs/unit/tests_unit_test_legacy_router.log
[PASS] module=tests.unit.test_legacy_router seconds=1.9
[RUN] module=tests.unit.test_m2_1 timeout=180s log=/mnt/data/gonken_checkpoint19_work/gonkenlabagent-v09-operator-simulation-checkpoint-18/build/ci-logs/unit/tests_unit_test_m2_1.log
[PASS] module=tests.unit.test_m2_1 seconds=2.2
[RUN] module=tests.unit.test_m2_2_config timeout=180s log=/mnt/data/gonken_checkpoint19_work/gonkenlabagent-v09-operator-simulation-checkpoint-18/build/ci-logs/unit/tests_unit_test_m2_2_config.log
[PASS] module=tests.unit.test_m2_2_config seconds=0.9
[RUN] module=tests.unit.test_m2_3_dependencies timeout=180s log=/mnt/data/gonken_checkpoint19_work/gonkenlabagent-v09-operator-simulation-checkpoint-18/build/ci-logs/unit/tests_unit_test_m2_3_dependencies.log
[PASS] module=tests.unit.test_m2_3_dependencies seconds=2.0
[RUN] module=tests.unit.test_m3_1_preflight timeout=180s log=/mnt/data/gonken_checkpoint19_work/gonkenlabagent-v09-operator-simulation-checkpoint-18/build/ci-logs/unit/tests_unit_test_m3_1_preflight.log
[PASS] module=tests.unit.test_m3_1_preflight seconds=0.9
[RUN] module=tests.unit.test_m3_2_install_engine timeout=180s log=/mnt/data/gonken_checkpoint19_work/gonkenlabagent-v09-operator-simulation-checkpoint-18/build/ci-logs/unit/tests_unit_test_m3_2_install_engine.log
[PASS] module=tests.unit.test_m3_2_install_engine seconds=1.0
[RUN] module=tests.unit.test_m3_3_release_manager timeout=180s log=/mnt/data/gonken_checkpoint19_work/gonkenlabagent-v09-operator-simulation-checkpoint-18/build/ci-logs/unit/tests_unit_test_m3_3_release_manager.log
[PASS] module=tests.unit.test_m3_3_release_manager seconds=1.3
[RUN] module=tests.unit.test_m3_4_ollama_manager timeout=180s log=/mnt/data/gonken_checkpoint19_work/gonkenlabagent-v09-operator-simulation-checkpoint-18/build/ci-logs/unit/tests_unit_test_m3_4_ollama_manager.log
[PASS] module=tests.unit.test_m3_4_ollama_manager seconds=0.6
[RUN] module=tests.unit.test_m3_5_speech_manager timeout=180s log=/mnt/data/gonken_checkpoint19_work/gonkenlabagent-v09-operator-simulation-checkpoint-18/build/ci-logs/unit/tests_unit_test_m3_5_speech_manager.log
[PASS] module=tests.unit.test_m3_5_speech_manager seconds=0.7
[RUN] module=tests.unit.test_m3_6_install_summary timeout=180s log=/mnt/data/gonken_checkpoint19_work/gonkenlabagent-v09-operator-simulation-checkpoint-18/build/ci-logs/unit/tests_unit_test_m3_6_install_summary.log
[PASS] module=tests.unit.test_m3_6_install_summary seconds=0.7
[RUN] module=tests.unit.test_m6_service_manager timeout=180s log=/mnt/data/gonken_checkpoint19_work/gonkenlabagent-v09-operator-simulation-checkpoint-18/build/ci-logs/unit/tests_unit_test_m6_service_manager.log
[PASS] module=tests.unit.test_m6_service_manager seconds=8.0
[RUN] module=tests.unit.test_m8_uninstall_manager timeout=180s log=/mnt/data/gonken_checkpoint19_work/gonkenlabagent-v09-operator-simulation-checkpoint-18/build/ci-logs/unit/tests_unit_test_m8_uninstall_manager.log
[PASS] module=tests.unit.test_m8_uninstall_manager seconds=4.3
[RUN] module=tests.unit.test_m8_update_manager timeout=180s log=/mnt/data/gonken_checkpoint19_work/gonkenlabagent-v09-operator-simulation-checkpoint-18/build/ci-logs/unit/tests_unit_test_m8_update_manager.log
[PASS] module=tests.unit.test_m8_update_manager seconds=0.7
[RUN] module=tests.unit.test_qwen_runtime_contract timeout=180s log=/mnt/data/gonken_checkpoint19_work/gonkenlabagent-v09-operator-simulation-checkpoint-18/build/ci-logs/unit/tests_unit_test_qwen_runtime_contract.log
[PASS] module=tests.unit.test_qwen_runtime_contract seconds=0.6
[RUN] module=tests.unit.test_release_readiness timeout=180s log=/mnt/data/gonken_checkpoint19_work/gonkenlabagent-v09-operator-simulation-checkpoint-18/build/ci-logs/unit/tests_unit_test_release_readiness.log
[PASS] module=tests.unit.test_release_readiness seconds=2.0
[RUN] module=tests.unit.test_runtime_audio timeout=180s log=/mnt/data/gonken_checkpoint19_work/gonkenlabagent-v09-operator-simulation-checkpoint-18/build/ci-logs/unit/tests_unit_test_runtime_audio.log
[PASS] module=tests.unit.test_runtime_audio seconds=2.6
[RUN] module=tests.unit.test_support_export timeout=180s log=/mnt/data/gonken_checkpoint19_work/gonkenlabagent-v09-operator-simulation-checkpoint-18/build/ci-logs/unit/tests_unit_test_support_export.log
[PASS] module=tests.unit.test_support_export seconds=0.8
[RUN] module=tests.unit.test_test_architecture timeout=180s log=/mnt/data/gonken_checkpoint19_work/gonkenlabagent-v09-operator-simulation-checkpoint-18/build/ci-logs/unit/tests_unit_test_test_architecture.log
[PASS] module=tests.unit.test_test_architecture seconds=2.7
[RUN] module=tests.unit.test_v09_environment_acceptance_runner timeout=180s log=/mnt/data/gonken_checkpoint19_work/gonkenlabagent-v09-operator-simulation-checkpoint-18/build/ci-logs/unit/tests_unit_test_v09_environment_acceptance_runner.log
